ARM Linker, 5.03 [Build 24] [MDK-ARM Professional]

==============================================================================

Section Cross References

    stm32f1xx_hal_msp.o(i.HAL_MspInit) refers to stm32f1xx_hal_cortex.o(i.HAL_NVIC_SetPriorityGrouping) for HAL_NVIC_SetPriorityGrouping
    stm32f1xx_hal_msp.o(i.HAL_MspInit) refers to stm32f1xx_hal_cortex.o(i.HAL_NVIC_SetPriority) for HAL_NVIC_SetPriority
    stm32f1xx_hal_msp.o(i.HAL_SPI_MspDeInit) refers to stm32f1xx_hal_gpio.o(i.HAL_GPIO_DeInit) for HAL_GPIO_DeInit
    stm32f1xx_hal_msp.o(i.HAL_SPI_MspInit) refers to stm32f1xx_hal_gpio.o(i.HAL_GPIO_Init) for HAL_GPIO_Init
    stm32f1xx_hal_msp.o(i.HAL_TIM_Base_MspDeInit) refers to stm32f1xx_hal_cortex.o(i.HAL_NVIC_DisableIRQ) for HAL_NVIC_DisableIRQ
    stm32f1xx_hal_msp.o(i.HAL_UART_MspDeInit) refers to stm32f1xx_hal_gpio.o(i.HAL_GPIO_DeInit) for HAL_GPIO_DeInit
    stm32f1xx_hal_msp.o(i.HAL_UART_MspDeInit) refers to stm32f1xx_hal_cortex.o(i.HAL_NVIC_DisableIRQ) for HAL_NVIC_DisableIRQ
    stm32f1xx_hal_msp.o(i.HAL_UART_MspInit) refers to stm32f1xx_hal_gpio.o(i.HAL_GPIO_Init) for HAL_GPIO_Init
    main.o(i.MX_GPIO_Init) refers to stm32f1xx_hal_gpio.o(i.HAL_GPIO_Init) for HAL_GPIO_Init
    main.o(i.MX_SPI2_Init) refers to stm32f1xx_hal_spi_ex.o(i.HAL_SPI_Init) for HAL_SPI_Init
    main.o(i.MX_SPI2_Init) refers to main.o(.bss) for .bss
    main.o(i.MX_TIM2_Init) refers to stm32f1xx_hal_tim.o(i.HAL_TIM_Base_Init) for HAL_TIM_Base_Init
    main.o(i.MX_TIM2_Init) refers to stm32f1xx_hal_tim.o(i.HAL_TIM_ConfigClockSource) for HAL_TIM_ConfigClockSource
    main.o(i.MX_TIM2_Init) refers to stm32f1xx_hal_tim_ex.o(i.HAL_TIMEx_MasterConfigSynchronization) for HAL_TIMEx_MasterConfigSynchronization
    main.o(i.MX_TIM2_Init) refers to main.o(.bss) for .bss
    main.o(i.MX_USART1_UART_Init) refers to stm32f1xx_hal_uart.o(i.HAL_UART_Init) for HAL_UART_Init
    main.o(i.MX_USART1_UART_Init) refers to main.o(.bss) for .bss
    main.o(i.MX_USART2_UART_Init) refers to stm32f1xx_hal_uart.o(i.HAL_UART_Init) for HAL_UART_Init
    main.o(i.MX_USART2_UART_Init) refers to main.o(.bss) for .bss
    main.o(i.SystemClock_Config) refers to stm32f1xx_hal_rcc.o(i.HAL_RCC_OscConfig) for HAL_RCC_OscConfig
    main.o(i.SystemClock_Config) refers to stm32f1xx_hal_rcc.o(i.HAL_RCC_ClockConfig) for HAL_RCC_ClockConfig
    main.o(i.SystemClock_Config) refers to stm32f1xx_hal_rcc.o(i.HAL_RCC_GetHCLKFreq) for HAL_RCC_GetHCLKFreq
    main.o(i.SystemClock_Config) refers to stm32f1xx_hal_cortex.o(i.HAL_SYSTICK_Config) for HAL_SYSTICK_Config
    main.o(i.SystemClock_Config) refers to stm32f1xx_hal_cortex.o(i.HAL_SYSTICK_CLKSourceConfig) for HAL_SYSTICK_CLKSourceConfig
    main.o(i.SystemClock_Config) refers to stm32f1xx_hal_cortex.o(i.HAL_NVIC_SetPriority) for HAL_NVIC_SetPriority
    main.o(i.key1LongPress) refers to printf8.o(i.__0printf$8) for __2printf
    main.o(i.key1LongPress) refers to gizwits_protocol.o(i.gizwitsSetMode) for gizwitsSetMode
    main.o(i.key1ShortPress) refers to printf8.o(i.__0printf$8) for __2printf
    main.o(i.key1ShortPress) refers to gizwits_protocol.o(i.gizwitsSetMode) for gizwitsSetMode
    main.o(i.key2LongPress) refers to printf8.o(i.__0printf$8) for __2printf
    main.o(i.key2LongPress) refers to hal_led.o(i.led_on) for led_on
    main.o(i.key2LongPress) refers to gizwits_protocol.o(i.gizwitsSetMode) for gizwitsSetMode
    main.o(i.key2ShortPress) refers to printf8.o(i.__0printf$8) for __2printf
    main.o(i.key2ShortPress) refers to hal_led.o(i.led_off) for led_off
    main.o(i.key2ShortPress) refers to gizwits_protocol.o(i.gizwitsSetMode) for gizwitsSetMode
    main.o(i.key3LongPress) refers to printf8.o(i.__0printf$8) for __2printf
    main.o(i.key3ShortPress) refers to printf8.o(i.__0printf$8) for __2printf
    main.o(i.key3ShortPress) refers to stm32f1xx_hal_gpio.o(i.HAL_GPIO_TogglePin) for HAL_GPIO_TogglePin
    main.o(i.key3ShortPress) refers to stm32f1xx_hal_gpio.o(i.HAL_GPIO_ReadPin) for HAL_GPIO_ReadPin
    main.o(i.key3ShortPress) refers to gizwits_product.o(.bss) for currentDataPoint
    main.o(i.key4LongPress) refers to printf8.o(i.__0printf$8) for __2printf
    main.o(i.key4ShortPress) refers to printf8.o(i.__0printf$8) for __2printf
    main.o(i.keyInit) refers to hal_key.o(i.keyInitOne) for keyInitOne
    main.o(i.keyInit) refers to memcpya.o(.text) for __aeabi_memcpy4
    main.o(i.keyInit) refers to hal_key.o(i.keyParaInit) for keyParaInit
    main.o(i.keyInit) refers to main.o(i.key1LongPress) for key1LongPress
    main.o(i.keyInit) refers to main.o(i.key1ShortPress) for key1ShortPress
    main.o(i.keyInit) refers to main.o(.bss) for .bss
    main.o(i.keyInit) refers to main.o(i.key2LongPress) for key2LongPress
    main.o(i.keyInit) refers to main.o(i.key2ShortPress) for key2ShortPress
    main.o(i.keyInit) refers to main.o(i.key3LongPress) for key3LongPress
    main.o(i.keyInit) refers to main.o(i.key3ShortPress) for key3ShortPress
    main.o(i.keyInit) refers to main.o(.data) for .data
[...]
    Removing fepilogue.o(.text), (108 bytes).
    Removing dadd.o(.text), (334 bytes).
    Removing dmul.o(.text), (228 bytes).
    Removing ddiv.o(.text), (222 bytes).
    Removing dfixul.o(.text), (48 bytes).
    Removing cdrcmple.o(.text), (40 bytes).
    Removing depilogue.o(.text), (190 bytes).

427 unused section(s) (total 26712 bytes) removed from the image.

==============================================================================

Image Symbol Table

    Local Symbols

    Symbol Name                              Value     Ov Type        Size  Object(Section)

    ../Drivers/STM32F1xx_HAL_Driver/Src/stm32f1xx_hal.c 0x00000000   Number         0  stm32f1xx_hal.o ABSOLUTE
    ../Drivers/STM32F1xx_HAL_Driver/Src/stm32f1xx_hal_cortex.c 0x00000000   Number         0  stm32f1xx_hal_cortex.o ABSOLUTE
    ../Drivers/STM32F1xx_HAL_Driver/Src/stm32f1xx_hal_dma.c 0x00000000   Number         0  stm32f1xx_hal_dma.o ABSOLUTE
    ../Drivers/STM32F1xx_HAL_Driver/Src/stm32f1xx_hal_flash.c 0x00000000   Number         0  stm32f1xx_hal_flash.o ABSOLUTE
    ../Drivers/STM32F1xx_HAL_Driver/Src/stm32f1xx_hal_flash_ex.c 0x00000000   Number         0  stm32f1xx_hal_flash_ex.o ABSOLUTE
    ../Drivers/STM32F1xx_HAL_Driver/Src/stm32f1xx_hal_gpio.c 0x00000000   Number         0  stm32f1xx_hal_gpio.o ABSOLUTE
    ../Drivers/STM32F1xx_HAL_Driver/Src/stm32f1xx_hal_gpio_ex.c 0x00000000   Number         0  stm32f1xx_hal_gpio_ex.o ABSOLUTE
    ../Drivers/STM32F1xx_HAL_Driver/Src/stm32f1xx_hal_pwr.c 0x00000000   Number         0  stm32f1xx_hal_pwr.o ABSOLUTE
    ../Drivers/STM32F1xx_HAL_Driver/Src/stm32f1xx_hal_rcc.c 0x00000000   Number         0  stm32f1xx_hal_rcc.o ABSOLUTE
    ../Drivers/STM32F1xx_HAL_Driver/Src/stm32f1xx_hal_rcc_ex.c 0x00000000   Number         0  stm32f1xx_hal_rcc_ex.o ABSOLUTE
    ../Drivers/STM32F1xx_HAL_Driver/Src/stm32f1xx_hal_spi.c 0x00000000   Number         0  stm32f1xx_hal_spi.o ABSOLUTE
    ../Drivers/STM32F1xx_HAL_Driver/Src/stm32f1xx_hal_spi_ex.c 0x00000000   Number         0  stm32f1xx_hal_spi_ex.o ABSOLUTE
    ../Drivers/STM32F1xx_HAL_Driver/Src/stm32f1xx_hal_tim.c 0x00000000   Number         0  stm32f1xx_hal_tim.o ABSOLUTE
    ../Drivers/STM32F1xx_HAL_Driver/Src/stm32f1xx_hal_tim_ex.c 0x00000000   Number         0  stm32f1xx_hal_tim_ex.o ABSOLUTE
    ../Drivers/STM32F1xx_HAL_Driver/Src/stm32f1xx_hal_uart.c 0x00000000   Number         0  stm32f1xx_hal_uart.o ABSOLUTE
    ../Src/main.c                            0x00000000   Number         0  main.o ABSOLUTE
    ../Src/stm32f1xx_hal_msp.c               0x00000000   Number         0  stm32f1xx_hal_msp.o ABSOLUTE
    ../Src/stm32f1xx_it.c                    0x00000000   Number         0  stm32f1xx_it.o ABSOLUTE
    ../Src/system_stm32f1xx.c                0x00000000   Number         0  system_stm32f1xx.o ABSOLUTE
    ../clib/microlib/ctype/toupper.c         0x00000000   Number         0  toupper.o ABSOLUTE
    ../clib/microlib/division.c              0x00000000   Number         0  uldiv.o ABSOLUTE
    ../clib/microlib/division.c              0x00000000   Number         0  uidiv.o ABSOLUTE
    ../clib/microlib/init/entry.s            0x00000000   Number         0  entry2.o ABSOLUTE
    ../clib/microlib/init/entry.s            0x00000000   Number         0  entry.o ABSOLUTE
    ../clib/microlib/init/entry.s            0x00000000   Number         0  entry5.o ABSOLUTE
    ../clib/microlib/init/entry.s            0x00000000   Number         0  entry7b.o ABSOLUTE
    ../clib/microlib/init/entry.s            0x00000000   Number         0  entry7a.o ABSOLUTE
    ../clib/microlib/init/entry.s            0x00000000   Number         0  entry10b.o ABSOLUTE
    ../clib/microlib/init/entry.s            0x00000000   Number         0  entry11b.o ABSOLUTE
    ../clib/microlib/init/entry.s            0x00000000   Number         0  entry11a.o ABSOLUTE
    ../clib/microlib/init/entry.s            0x00000000   Number         0  entry8b.o ABSOLUTE
    ../clib/microlib/init/entry.s            0x00000000   Number         0  entry10a.o ABSOLUTE
    ../clib/microlib/init/entry.s            0x00000000   Number         0  entry9b.o ABSOLUTE
    ../clib/microlib/init/entry.s            0x00000000   Number         0  entry9a.o ABSOLUTE
    ../clib/microlib/init/entry.s            0x00000000   Number         0  entry8a.o ABSOLUTE
    ../clib/microlib/longlong.c              0x00000000   Number         0  llsshr.o ABSOLUTE
    ../clib/microlib/longlong.c              0x00000000   Number         0  llshl.o ABSOLUTE
    ../clib/microlib/longlong.c              0x00000000   Number         0  llushr.o ABSOLUTE
    ../clib/microlib/printf/printf.c         0x00000000   Number         0  printf6.o ABSOLUTE
    ../clib/microlib/printf/printf.c         0x00000000   Number         0  printf7.o ABSOLUTE
    ../clib/microlib/printf/printf.c         0x00000000   Number         0  printf8.o ABSOLUTE
    ../clib/microlib/printf/printf.c         0x00000000   Number         0  printfa.o ABSOLUTE
    ../clib/microlib/printf/printf.c         0x00000000   Number         0  printfb.o ABSOLUTE
    ../clib/microlib/printf/printf.c         0x00000000   Number         0  printf5.o ABSOLUTE
    ../clib/microlib/printf/printf.c         0x00000000   Number         0  printf4.o ABSOLUTE
    ../clib/microlib/printf/printf.c         0x00000000   Number         0  printf2.o ABSOLUTE
    ../clib/microlib/printf/printf.c         0x00000000   Number         0  printf1.o ABSOLUTE
    ../clib/microlib/printf/printf.c         0x00000000   Number         0  printf0.o ABSOLUTE
    ../clib/microlib/printf/printf.c         0x00000000   Number         0  printf3.o ABSOLUTE
    ../clib/microlib/printf/stubs.s          0x00000000   Number         0  stubs.o ABSOLUTE
    ../clib/microlib/stdio/streams.c         0x00000000   Number         0  stdout.o ABSOLUTE
    ../clib/microlib/string/memcpy.c         0x00000000   Number         0  memcpyb.o ABSOLUTE
    ../clib/microlib/string/memcpy.c         0x00000000   Number         0  memcpya.o ABSOLUTE
    ../clib/microlib/string/memset.c         0x00000000   Number         0  memseta.o ABSOLUTE
    ../clib/microlib/string/strlen.c         0x00000000   Number         0  strlen.o ABSOLUTE
    ../clib/microlib/stubs.s                 0x00000000   Number         0  iusefp.o ABSOLUTE
    ../fplib/microlib/fpadd.c                0x00000000   Number         0  dadd.o ABSOLUTE
    ../fplib/microlib/fpadd.c                0x00000000   Number         0  fadd.o ABSOLUTE
    ../fplib/microlib/fpdiv.c                0x00000000   Number         0  fdiv.o ABSOLUTE
    ../fplib/microlib/fpdiv.c                0x00000000   Number         0  ddiv.o ABSOLUTE
    ../fplib/microlib/fpepilogue.c           0x00000000   Number         0  depilogue.o ABSOLUTE
    ../fplib/microlib/fpepilogue.c           0x00000000   Number         0  fepilogue.o ABSOLUTE
    ../fplib/microlib/fpfix.c                0x00000000   Number         0  dfixul.o ABSOLUTE
    ../fplib/microlib/fpfix.c                0x00000000   Number         0  ffixui.o ABSOLUTE
    ../fplib/microlib/fpflt.c                0x00000000   Number         0  ffltui.o ABSOLUTE
    ../fplib/microlib/fpmul.c                0x00000000   Number         0  fmul.o ABSOLUTE
    ../fplib/microlib/fpmul.c                0x00000000   Number         0  dmul.o ABSOLUTE
    ..\Drivers\STM32F1xx_HAL_Driver\Src\stm32f1xx_hal.c 0x00000000   Number         0  stm32f1xx_hal.o ABSOLUTE
    ..\Drivers\STM32F1xx_HAL_Driver\Src\stm32f1xx_hal_cortex.c 0x00000000   Number         0  stm32f1xx_hal_cortex.o ABSOLUTE
    ..\Drivers\STM32F1xx_HAL_Driver\Src\stm32f1xx_hal_dma.c 0x00000000   Number         0  stm32f1xx_hal_dma.o ABSOLUTE
    ..\Drivers\STM32F1xx_HAL_Driver\Src\stm32f1xx_hal_flash.c 0x00000000   Number         0  stm32f1xx_hal_flash.o ABSOLUTE
    ..\Drivers\STM32F1xx_HAL_Driver\Src\stm32f1xx_hal_flash_ex.c 0x00000000   Number         0  stm32f1xx_hal_flash_ex.o ABSOLUTE
    ..\Drivers\STM32F1xx_HAL_Driver\Src\stm32f1xx_hal_gpio.c 0x00000000   Number         0  stm32f1xx_hal_gpio.o ABSOLUTE
    ..\Drivers\STM32F1xx_HAL_Driver\Src\stm32f1xx_hal_gpio_ex.c 0x00000000   Number         0  stm32f1xx_hal_gpio_ex.o ABSOLUTE
    ..\Drivers\STM32F1xx_HAL_Driver\Src\stm32f1xx_hal_pwr.c 0x00000000   Number         0  stm32f1xx_hal_pwr.o ABSOLUTE
    ..\Drivers\STM32F1xx_HAL_Driver\Src\stm32f1xx_hal_rcc.c 0x00000000   Number         0  stm32f1xx_hal_rcc.o ABSOLUTE
    ..\Drivers\STM32F1xx_HAL_Driver\Src\stm32f1xx_hal_rcc_ex.c 0x00000000   Number         0  stm32f1xx_hal_rcc_ex.o ABSOLUTE
    ..\Drivers\STM32F1xx_HAL_Driver\Src\stm32f1xx_hal_spi.c 0x00000000   Number         0  stm32f1xx_hal_spi.o ABSOLUTE
    ..\Drivers\STM32F1xx_HAL_Driver\Src\stm32f1xx_hal_spi_ex.c 0x00000000   Number         0  stm32f1xx_hal_spi_ex.o ABSOLUTE
    ..\Drivers\STM32F1xx_HAL_Driver\Src\stm32f1xx_hal_tim.c 0x00000000   Number         0  stm32f1xx_hal_tim.o ABSOLUTE
    ..\Drivers\STM32F1xx_HAL_Driver\Src\stm32f1xx_hal_tim_ex.c 0x00000000   Number         0  stm32f1xx_hal_tim_ex.o ABSOLUTE
    ..\Drivers\STM32F1xx_HAL_Driver\Src\stm32f1xx_hal_uart.c 0x00000000   Number         0  stm32f1xx_hal_uart.o ABSOLUTE
    ..\Gizwits\gizwits_product.c             0x00000000   Number         0  gizwits_product.o ABSOLUTE
    ..\Gizwits\gizwits_protocol.c            0x00000000   Number         0  gizwits_protocol.o ABSOLUTE
    ..\Hal\Hal_key\hal_key.c                 0x00000000   Number         0  hal_key.o ABSOLUTE
    ..\Hal\Hal_led\hal_led.c                 0x00000000   Number         0  hal_led.o ABSOLUTE
    ..\Hal\Hal_nrf24l01\Hal_nrf24l01.c       0x00000000   Number         0  hal_nrf24l01.o ABSOLUTE
    ..\Hal\Hal_relay\Hal_relay.c             0x00000000   Number         0  hal_relay.o ABSOLUTE
    ..\Src\main.c                            0x00000000   Number         0  main.o ABSOLUTE
    ..\Src\stm32f1xx_hal_msp.c               0x00000000   Number         0  stm32f1xx_hal_msp.o ABSOLUTE
    ..\Src\stm32f1xx_it.c                    0x00000000   Number         0  stm32f1xx_it.o ABSOLUTE
    ..\Src\system_stm32f1xx.c                0x00000000   Number         0  system_stm32f1xx.o ABSOLUTE
    ..\Utils\common.c                        0x00000000   Number         0  common.o ABSOLUTE
    ..\Utils\dataPointTools.c                0x00000000   Number         0  datapointtools.o ABSOLUTE
    ..\Utils\ringbuffer.c                    0x00000000   Number         0  ringbuffer.o ABSOLUTE
    ..\\Gizwits\\gizwits_product.c           0x00000000   Number         0  gizwits_product.o ABSOLUTE
    ..\\Gizwits\\gizwits_protocol.c          0x00000000   Number         0  gizwits_protocol.o ABSOLUTE
    ..\\Hal\\Hal_key\\hal_key.c              0x00000000   Number         0  hal_key.o ABSOLUTE
    ..\\Hal\\Hal_led\\hal_led.c              0x00000000   Number         0  hal_led.o ABSOLUTE
    ..\\Hal\\Hal_nrf24l01\\Hal_nrf24l01.c    0x00000000   Number         0  hal_nrf24l01.o ABSOLUTE
    ..\\Hal\\Hal_relay\\Hal_relay.c          0x00000000   Number         0  hal_relay.o ABSOLUTE
    cdrcmple.s                               0x00000000   Number         0  cdrcmple.o ABSOLUTE
    dc.s                                     0x00000000   Number         0  dc.o ABSOLUTE
    handlers.s                               0x00000000   Number         0  handlers.o ABSOLUTE
    init.s                                   0x00000000   Number         0  init.o ABSOLUTE
    startup_stm32f103xb.s                    0x00000000   Number         0  startup_stm32f103xb.o ABSOLUTE
    RESET                                    0x08000000   Section      236  startup_stm32f103xb.o(RESET)
    .ARM.Collect$$$$00000000                 0x080000ec   Section        0  entry.o(.ARM.Collect$$$$00000000)
    .ARM.Collect$$$$00000001                 0x080000ec   Section        4  entry2.o(.ARM.Collect$$$$00000001)
    .ARM.Collect$$$$00000004                 0x080000f0   Section        4  entry5.o(.ARM.Collect$$$$00000004)
    .ARM.Collect$$$$00000008                 0x080000f4   Section        0  entry7b.o(.ARM.Collect$$$$00000008)
    .ARM.Collect$$$$0000000A                 0x080000f4   Section        0  entry8b.o(.ARM.Collect$$$$0000000A)
    .ARM.Collect$$$$0000000B                 0x080000f4   Section        8  entry9a.o(.ARM.Collect$$$$0000000B)
    .ARM.Collect$$$$0000000D                 0x080000fc   Section        0  entry10a.o(.ARM.Collect$$$$0000000D)
    .ARM.Collect$$$$0000000F                 0x080000fc   Section        0  entry11a.o(.ARM.Collect$$$$0000000F)
    .ARM.Collect$$$$00002712                 0x080000fc   Section        4  entry2.o(.ARM.Collect$$$$00002712)
    __lit__00000000                          0x080000fc   Data           4  entry2.o(.ARM.Collect$$$$00002712)
    .text                                    0x08000100   Section       36  startup_stm32f103xb.o(.text)
    .text                                    0x08000124   Section        0  llushr.o(.text)
    .text                                    0x08000144   Section        0  memcpya.o(.text)
    .text                                    0x08000168   Section        0  memseta.o(.text)
    .text                                    0x0800018c   Section        0  uldiv.o(.text)
    .text                                    0x080001f0   Section       36  init.o(.text)
    .text                                    0x08000214   Section        0  llshl.o(.text)
    i.BusFault_Handler                       0x08000232   Section        0  stm32f1xx_it.o(i.BusFault_Handler)
    i.DebugMon_Handler                       0x08000234   Section        0  stm32f1xx_it.o(i.DebugMon_Handler)
    i.HAL_DMA_Abort_IT                       0x08000238   Section        0  stm32f1xx_hal_dma.o(i.HAL_DMA_Abort_IT)
    i.HAL_GPIO_Init                          0x080002d0   Section        0  stm32f1xx_hal_gpio.o(i.HAL_GPIO_Init)
    i.HAL_GPIO_ReadPin                       0x080004a8   Section        0  stm32f1xx_hal_gpio.o(i.HAL_GPIO_ReadPin)
    i.HAL_GPIO_TogglePin                     0x080004b2   Section        0  stm32f1xx_hal_gpio.o(i.HAL_GPIO_TogglePin)
    i.HAL_GPIO_WritePin                      0x080004ba   Section        0  stm32f1xx_hal_gpio.o(i.HAL_GPIO_WritePin)
    i.HAL_GetTick                            0x080004c4   Section        0  stm32f1xx_hal.o(i.HAL_GetTick)
    i.HAL_IncTick                            0x080004d0   Section        0  stm32f1xx_hal.o(i.HAL_IncTick)
    i.HAL_Init                               0x080004e0   Section        0  stm32f1xx_hal.o(i.HAL_Init)
    i.HAL_InitTick                           0x08000504   Section        0  stm32f1xx_hal.o(i.HAL_InitTick)
    i.HAL_MspInit                            0x0800052c   Section        0  stm32f1xx_hal_msp.o(i.HAL_MspInit)
    i.HAL_NVIC_EnableIRQ                     0x080005b0   Section        0  stm32f1xx_hal_cortex.o(i.HAL_NVIC_EnableIRQ)
    i.HAL_NVIC_SetPriority                   0x080005c8   Section        0  stm32f1xx_hal_cortex.o(i.HAL_NVIC_SetPriority)
    i.HAL_NVIC_SetPriorityGrouping           0x08000608   Section        0  stm32f1xx_hal_cortex.o(i.HAL_NVIC_SetPriorityGrouping)
    i.HAL_NVIC_SystemReset                   0x0800062c   Section        0  stm32f1xx_hal_cortex.o(i.HAL_NVIC_SystemReset)
    i.HAL_RCC_ClockConfig                    0x08000650   Section        0  stm32f1xx_hal_rcc.o(i.HAL_RCC_ClockConfig)
    i.HAL_RCC_GetHCLKFreq                    0x080007a4   Section        0  stm32f1xx_hal_rcc.o(i.HAL_RCC_GetHCLKFreq)
    i.HAL_RCC_GetPCLK1Freq                   0x080007b0   Section        0  stm32f1xx_hal_rcc.o(i.HAL_RCC_GetPCLK1Freq)
    i.HAL_RCC_GetPCLK2Freq                   0x080007d0   Section        0  stm32f1xx_hal_rcc.o(i.HAL_RCC_GetPCLK2Freq)
    i.HAL_RCC_GetSysClockFreq                0x080007f0   Section        0  stm32f1xx_hal_rcc.o(i.HAL_RCC_GetSysClockFreq)
    i.HAL_RCC_OscConfig                      0x08000864   Section        0  stm32f1xx_hal_rcc.o(i.HAL_RCC_OscConfig)
    i.HAL_SPI_Init                           0x08000b70   Section        0  stm32f1xx_hal_spi_ex.o(i.HAL_SPI_Init)
    i.HAL_SPI_MspInit                        0x08000bf4   Section        0  stm32f1xx_hal_msp.o(i.HAL_SPI_MspInit)
    i.HAL_SPI_Receive                        0x08000c50   Section        0  stm32f1xx_hal_spi.o(i.HAL_SPI_Receive)
    i.HAL_SPI_Transmit                       0x08000da0   Section        0  stm32f1xx_hal_spi.o(i.HAL_SPI_Transmit)
    i.HAL_SPI_TransmitReceive                0x08000f08   Section        0  stm32f1xx_hal_spi.o(i.HAL_SPI_TransmitReceive)
    i.HAL_SYSTICK_CLKSourceConfig            0x080010de   Section        0  stm32f1xx_hal_cortex.o(i.HAL_SYSTICK_CLKSourceConfig)
    i.HAL_SYSTICK_Callback                   0x080010f6   Section        0  stm32f1xx_hal_cortex.o(i.HAL_SYSTICK_Callback)
    i.HAL_SYSTICK_Config                     0x080010f8   Section        0  stm32f1xx_hal_cortex.o(i.HAL_SYSTICK_Config)
    i.HAL_SYSTICK_IRQHandler                 0x08001120   Section        0  stm32f1xx_hal_cortex.o(i.HAL_SYSTICK_IRQHandler)
    i.HAL_TIMEx_BreakCallback                0x08001128   Section        0  stm32f1xx_hal_tim_ex.o(i.HAL_TIMEx_BreakCallback)
    i.HAL_TIMEx_CommutationCallback          0x0800112a   Section        0  stm32f1xx_hal_tim_ex.o(i.HAL_TIMEx_CommutationCallback)
    i.HAL_TIMEx_MasterConfigSynchronization  0x0800112c   Section        0  stm32f1xx_hal_tim_ex.o(i.HAL_TIMEx_MasterConfigSynchronization)
    i.HAL_TIM_Base_Init                      0x0800117c   Section        0  stm32f1xx_hal_tim.o(i.HAL_TIM_Base_Init)
    i.HAL_TIM_Base_MspInit                   0x080011b4   Section        0  stm32f1xx_hal_msp.o(i.HAL_TIM_Base_MspInit)
    i.HAL_TIM_Base_Start_IT                  0x080011d8   Section        0  stm32f1xx_hal_tim.o(i.HAL_TIM_Base_Start_IT)
    i.HAL_TIM_ConfigClockSource              0x080011f0   Section        0  stm32f1xx_hal_tim.o(i.HAL_TIM_ConfigClockSource)
    i.HAL_TIM_IC_CaptureCallback             0x080012e0   Section        0  stm32f1xx_hal_tim.o(i.HAL_TIM_IC_CaptureCallback)
    i.HAL_TIM_IRQHandler                     0x080012e2   Section        0  stm32f1xx_hal_tim.o(i.HAL_TIM_IRQHandler)
    i.HAL_TIM_OC_DelayElapsedCallback        0x08001448   Section        0  stm32f1xx_hal_tim.o(i.HAL_TIM_OC_DelayElapsedCallback)
    i.HAL_TIM_PWM_PulseFinishedCallback      0x0800144a   Section        0  stm32f1xx_hal_tim.o(i.HAL_TIM_PWM_PulseFinishedCallback)
    i.HAL_TIM_PeriodElapsedCallback          0x0800144c   Section        0  gizwits_product.o(i.HAL_TIM_PeriodElapsedCallback)
    i.HAL_TIM_TriggerCallback                0x0800146c   Section        0  stm32f1xx_hal_tim.o(i.HAL_TIM_TriggerCallback)
    i.HAL_UART_ErrorCallback                 0x0800146e   Section        0  stm32f1xx_hal_uart.o(i.HAL_UART_ErrorCallback)
    i.HAL_UART_IRQHandler                    0x08001470   Section        0  stm32f1xx_hal_uart.o(i.HAL_UART_IRQHandler)
    i.HAL_UART_Init                          0x08001580   Section        0  stm32f1xx_hal_uart.o(i.HAL_UART_Init)
    i.HAL_UART_MspInit                       0x080015e4   Section        0  stm32f1xx_hal_msp.o(i.HAL_UART_MspInit)
    i.HAL_UART_Receive_IT                    0x08001668   Section        0  stm32f1xx_hal_uart.o(i.HAL_UART_Receive_IT)
    i.HAL_UART_RxCpltCallback                0x080016bc   Section        0  gizwits_product.o(i.HAL_UART_RxCpltCallback)
    i.HAL_UART_Transmit                      0x080016ec   Section        0  stm32f1xx_hal_uart.o(i.HAL_UART_Transmit)
    i.HAL_UART_Transmit_IT                   0x080017a6   Section        0  stm32f1xx_hal_uart.o(i.HAL_UART_Transmit_IT)
    i.HAL_UART_TxCpltCallback                0x080017e4   Section        0  stm32f1xx_hal_uart.o(i.HAL_UART_TxCpltCallback)
    i.HardFault_Handler                      0x080017e6   Section        0  stm32f1xx_it.o(i.HardFault_Handler)
    i.MX_GPIO_Init                           0x080017e8   Section        0  main.o(i.MX_GPIO_Init)
    MX_GPIO_Init                             0x080017e9   Thumb Code    94  main.o(i.MX_GPIO_Init)
    i.MX_SPI2_Init                           0x08001854   Section        0  main.o(i.MX_SPI2_Init)
    MX_SPI2_Init                             0x08001855   Thumb Code    58  main.o(i.MX_SPI2_Init)
    i.MX_TIM2_Init                           0x08001898   Section        0  main.o(i.MX_TIM2_Init)
    MX_TIM2_Init                             0x08001899   Thumb Code    78  main.o(i.MX_TIM2_Init)
    i.MX_USART1_UART_Init                    0x080018ec   Section        0  main.o(i.MX_USART1_UART_Init)
    MX_USART1_UART_Init                      0x080018ed   Thumb Code    42  main.o(i.MX_USART1_UART_Init)
    i.MX_USART2_UART_Init                    0x08001920   Section        0  main.o(i.MX_USART2_UART_Init)
    MX_USART2_UART_Init                      0x08001921   Thumb Code    42  main.o(i.MX_USART2_UART_Init)
    i.MemManage_Handler                      0x08001954   Section        0  stm32f1xx_it.o(i.MemManage_Handler)
    i.NMI_Handler                            0x08001956   Section        0  stm32f1xx_it.o(i.NMI_Handler)
    i.NRF24L01_Init                          0x08001958   Section        0  hal_nrf24l01.o(i.NRF24L01_Init)
    i.NRF24L01_RX_Mode                       0x080019d8   Section        0  hal_nrf24l01.o(i.NRF24L01_RX_Mode)
    i.NRF24L01_Read_Buf                      0x08001a28   Section        0  hal_nrf24l01.o(i.NRF24L01_Read_Buf)
    i.NRF24L01_Read_Reg                      0x08001a64   Section        0  hal_nrf24l01.o(i.NRF24L01_Read_Reg)
    i.NRF24L01_RxPacket                      0x08001a80   Section        0  hal_nrf24l01.o(i.NRF24L01_RxPacket)
    i.NRF24L01_TX_Mode                       0x08001ab4   Section        0  hal_nrf24l01.o(i.NRF24L01_TX_Mode)
    i.NRF24L01_TxPacket                      0x08001b10   Section        0  hal_nrf24l01.o(i.NRF24L01_TxPacket)
    i.NRF24L01_Write_Buf                     0x08001b64   Section        0  hal_nrf24l01.o(i.NRF24L01_Write_Buf)
    i.NRF24L01_Write_Reg                     0x08001ba0   Section        0  hal_nrf24l01.o(i.NRF24L01_Write_Reg)
    i.NVIC_SetPriority                       0x08001bc4   Section        0  stm32f1xx_hal_cortex.o(i.NVIC_SetPriority)
    NVIC_SetPriority                         0x08001bc5   Thumb Code    22  stm32f1xx_hal_cortex.o(i.NVIC_SetPriority)
    i.PendSV_Handler                         0x08001be4   Section        0  stm32f1xx_it.o(i.PendSV_Handler)
    i.SPI2_ReadWriteByte                     0x08001be8   Section        0  hal_nrf24l01.o(i.SPI2_ReadWriteByte)
    i.SPI_CheckFlag_BSY                      0x08001c14   Section        0  stm32f1xx_hal_spi.o(i.SPI_CheckFlag_BSY)
    SPI_CheckFlag_BSY                        0x08001c15   Thumb Code    32  stm32f1xx_hal_spi.o(i.SPI_CheckFlag_BSY)
    i.SPI_WaitFlagStateUntilTimeout          0x08001c34   Section        0  stm32f1xx_hal_spi.o(i.SPI_WaitFlagStateUntilTimeout)
    SPI_WaitFlagStateUntilTimeout            0x08001c35   Thumb Code   148  stm32f1xx_hal_spi.o(i.SPI_WaitFlagStateUntilTimeout)
    i.SVC_Handler                            0x08001cc8   Section        0  stm32f1xx_it.o(i.SVC_Handler)
    i.SysTick_Handler                        0x08001cca   Section        0  stm32f1xx_it.o(i.SysTick_Handler)
    i.SystemClock_Config                     0x08001cd8   Section        0  main.o(i.SystemClock_Config)
    i.SystemInit                             0x08001d40   Section        0  system_stm32f1xx.o(i.SystemInit)
    i.TIM2_IRQHandler                        0x08001d88   Section        0  stm32f1xx_it.o(i.TIM2_IRQHandler)
    i.TIM_Base_SetConfig                     0x08001d94   Section        0  stm32f1xx_hal_tim.o(i.TIM_Base_SetConfig)
    i.TIM_ETR_SetConfig                      0x08001e00   Section        0  stm32f1xx_hal_tim.o(i.TIM_ETR_SetConfig)
    TIM_ETR_SetConfig                        0x08001e01   Thumb Code    20  stm32f1xx_hal_tim.o(i.TIM_ETR_SetConfig)
    i.TIM_ITRx_SetConfig                     0x08001e14   Section        0  stm32f1xx_hal_tim.o(i.TIM_ITRx_SetConfig)
    TIM_ITRx_SetConfig                       0x08001e15   Thumb Code    16  stm32f1xx_hal_tim.o(i.TIM_ITRx_SetConfig)
    i.TIM_TI1_ConfigInputStage               0x08001e24   Section        0  stm32f1xx_hal_tim.o(i.TIM_TI1_ConfigInputStage)
    TIM_TI1_ConfigInputStage                 0x08001e25   Thumb Code    34  stm32f1xx_hal_tim.o(i.TIM_TI1_ConfigInputStage)
    i.TIM_TI2_ConfigInputStage               0x08001e46   Section        0  stm32f1xx_hal_tim.o(i.TIM_TI2_ConfigInputStage)
    TIM_TI2_ConfigInputStage                 0x08001e47   Thumb Code    36  stm32f1xx_hal_tim.o(i.TIM_TI2_ConfigInputStage)
    i.UART_DMAAbortOnError                   0x08001e6a   Section        0  stm32f1xx_hal_uart.o(i.UART_DMAAbortOnError)
    UART_DMAAbortOnError                     0x08001e6b   Thumb Code    16  stm32f1xx_hal_uart.o(i.UART_DMAAbortOnError)
    i.UART_EndRxTransfer                     0x08001e7a   Section        0  stm32f1xx_hal_uart.o(i.UART_EndRxTransfer)
    UART_EndRxTransfer                       0x08001e7b   Thumb Code    28  stm32f1xx_hal_uart.o(i.UART_EndRxTransfer)
    i.UART_Receive_IT                        0x08001e96   Section        0  stm32f1xx_hal_uart.o(i.UART_Receive_IT)
    UART_Receive_IT                          0x08001e97   Thumb Code   150  stm32f1xx_hal_uart.o(i.UART_Receive_IT)
    i.UART_SetConfig                         0x08001f2c   Section        0  stm32f1xx_hal_uart.o(i.UART_SetConfig)
    UART_SetConfig                           0x08001f2d   Thumb Code   364  stm32f1xx_hal_uart.o(i.UART_SetConfig)
    i.UART_Transmit_IT                       0x0800209c   Section        0  stm32f1xx_hal_uart.o(i.UART_Transmit_IT)
    UART_Transmit_IT                         0x0800209d   Thumb Code    98  stm32f1xx_hal_uart.o(i.UART_Transmit_IT)
    i.UART_WaitOnFlagUntilTimeout            0x080020fe   Section        0  stm32f1xx_hal_uart.o(i.UART_WaitOnFlagUntilTimeout)
    UART_WaitOnFlagUntilTimeout              0x080020ff   Thumb Code   100  stm32f1xx_hal_uart.o(i.UART_WaitOnFlagUntilTimeout)
    i.USART2_IRQHandler                      0x08002164   Section        0  stm32f1xx_it.o(i.USART2_IRQHandler)
    i.UsageFault_Handler                     0x08002170   Section        0  stm32f1xx_it.o(i.UsageFault_Handler)
    i.__0printf$8                            0x08002174   Section        0  printf8.o(i.__0printf$8)
    i.__scatterload_copy                     0x08002194   Section       14  handlers.o(i.__scatterload_copy)
    i.__scatterload_null                     0x080021a2   Section        2  handlers.o(i.__scatterload_null)
    i.__scatterload_zeroinit                 0x080021a4   Section       14  handlers.o(i.__scatterload_zeroinit)
    i._printf_core                           0x080021b4   Section        0  printf8.o(i._printf_core)
    _printf_core                             0x080021b5   Thumb Code   988  printf8.o(i._printf_core)
    i._printf_post_padding                   0x080025bc   Section        0  printf8.o(i._printf_post_padding)
    _printf_post_padding                     0x080025bd   Thumb Code    38  printf8.o(i._printf_post_padding)
    i._printf_pre_padding                    0x080025e2   Section        0  printf8.o(i._printf_pre_padding)
    _printf_pre_padding                      0x080025e3   Thumb Code    48  printf8.o(i._printf_pre_padding)
    i.exchangeBytes                          0x08002612   Section        0  common.o(i.exchangeBytes)
    i.exchangeWord                           0x08002624   Section        0  common.o(i.exchangeWord)
    i.fputc                                  0x08002628   Section        0  gizwits_product.o(i.fputc)
    i.getKey                                 0x08002640   Section        0  hal_key.o(i.getKey)
    i.gizAcrossByteJudge                     0x08002698   Section        0  datapointtools.o(i.gizAcrossByteJudge)
    i.gizByteOrderExchange                   0x080026b6   Section        0  datapointtools.o(i.gizByteOrderExchange)
    i.gizCheckReport                         0x080026dc   Section        0  gizwits_protocol.o(i.gizCheckReport)
    gizCheckReport                           0x080026dd   Thumb Code   458  gizwits_protocol.o(i.gizCheckReport)
    i.gizDataPoint2Event                     0x08002ba0   Section        0  gizwits_protocol.o(i.gizDataPoint2Event)
    gizDataPoint2Event                       0x08002ba1   Thumb Code   898  gizwits_protocol.o(i.gizDataPoint2Event)
    i.gizDataPoints2ReportData               0x08002f6c   Section        0  gizwits_protocol.o(i.gizDataPoints2ReportData)
    gizDataPoints2ReportData                 0x08002f6d   Thumb Code   484  gizwits_protocol.o(i.gizDataPoints2ReportData)
    i.gizDevReportPolicy                     0x080031bc   Section        0  gizwits_protocol.o(i.gizDevReportPolicy)
    gizDevReportPolicy                       0x080031bd   Thumb Code   130  gizwits_protocol.o(i.gizDevReportPolicy)
    i.gizGetTimerCount                       0x0800327c   Section        0  gizwits_product.o(i.gizGetTimerCount)
    i.gizProtocolAckHandle                   0x08003288   Section        0  gizwits_protocol.o(i.gizProtocolAckHandle)
    gizProtocolAckHandle                     0x08003289   Thumb Code    78  gizwits_protocol.o(i.gizProtocolAckHandle)
    i.gizProtocolCommonAck                   0x08003304   Section        0  gizwits_protocol.o(i.gizProtocolCommonAck)
    gizProtocolCommonAck                     0x08003305   Thumb Code    80  gizwits_protocol.o(i.gizProtocolCommonAck)
    i.gizProtocolErrorCmd                    0x0800339c   Section        0  gizwits_protocol.o(i.gizProtocolErrorCmd)
    gizProtocolErrorCmd                      0x0800339d   Thumb Code    88  gizwits_protocol.o(i.gizProtocolErrorCmd)
    i.gizProtocolGetDeviceInfo               0x0800343c   Section        0  gizwits_protocol.o(i.gizProtocolGetDeviceInfo)
    gizProtocolGetDeviceInfo                 0x0800343d   Thumb Code   180  gizwits_protocol.o(i.gizProtocolGetDeviceInfo)
    i.gizProtocolGetOnePacket                0x080035b4   Section        0  gizwits_protocol.o(i.gizProtocolGetOnePacket)
    gizProtocolGetOnePacket                  0x080035b5   Thumb Code   298  gizwits_protocol.o(i.gizProtocolGetOnePacket)
    i.gizProtocolHeadInit                    0x08003714   Section        0  gizwits_protocol.o(i.gizProtocolHeadInit)
    gizProtocolHeadInit                      0x08003715   Thumb Code    32  gizwits_protocol.o(i.gizProtocolHeadInit)
    i.gizProtocolIssuedDataAck               0x08003738   Section        0  gizwits_protocol.o(i.gizProtocolIssuedDataAck)
    gizProtocolIssuedDataAck                 0x08003739   Thumb Code   198  gizwits_protocol.o(i.gizProtocolIssuedDataAck)
    i.gizProtocolIssuedProcess               0x08003858   Section        0  gizwits_protocol.o(i.gizProtocolIssuedProcess)
    gizProtocolIssuedProcess                 0x08003859   Thumb Code   196  gizwits_protocol.o(i.gizProtocolIssuedProcess)
    i.gizProtocolModuleStatus                0x08003950   Section        0  gizwits_protocol.o(i.gizProtocolModuleStatus)
    gizProtocolModuleStatus                  0x08003951   Thumb Code   546  gizwits_protocol.o(i.gizProtocolModuleStatus)
    i.gizProtocolNTP                         0x08003d48   Section        0  gizwits_protocol.o(i.gizProtocolNTP)
    gizProtocolNTP                           0x08003d49   Thumb Code    88  gizwits_protocol.o(i.gizProtocolNTP)
    i.gizProtocolResendData                  0x08003db8   Section        0  gizwits_protocol.o(i.gizProtocolResendData)
    gizProtocolResendData                    0x08003db9   Thumb Code    54  gizwits_protocol.o(i.gizProtocolResendData)
    i.gizProtocolSum                         0x08003e2c   Section        0  common.o(i.gizProtocolSum)
    i.gizProtocolWaitAck                     0x08003e50   Section        0  gizwits_protocol.o(i.gizProtocolWaitAck)
    gizProtocolWaitAck                       0x08003e51   Thumb Code    62  gizwits_protocol.o(i.gizProtocolWaitAck)
    i.gizProtocolWaitAckCheck                0x08003eac   Section        0  gizwits_protocol.o(i.gizProtocolWaitAckCheck)
    gizProtocolWaitAckCheck                  0x08003ead   Thumb Code    42  gizwits_protocol.o(i.gizProtocolWaitAckCheck)
    i.gizPutData                             0x08003ef4   Section        0  gizwits_protocol.o(i.gizPutData)
    i.gizReportData                          0x08003f5c   Section        0  gizwits_protocol.o(i.gizReportData)
    gizReportData                            0x08003f5d   Thumb Code   124  gizwits_protocol.o(i.gizReportData)
    i.gizStandardCompressValue               0x08004020   Section        0  datapointtools.o(i.gizStandardCompressValue)
    i.gizStandardDecompressionValue          0x08004070   Section        0  datapointtools.o(i.gizStandardDecompressionValue)
    i.gizTimerMs                             0x080040f4   Section        0  gizwits_product.o(i.gizTimerMs)
    i.gizX2Y                                 0x08004104   Section        0  datapointtools.o(i.gizX2Y)
    i.gizY2X                                 0x0800410a   Section        0  datapointtools.o(i.gizY2X)
    i.gizwitsEventProcess                    0x08004114   Section        0  gizwits_product.o(i.gizwitsEventProcess)
    i.gizwitsHandle                          0x08004584   Section        0  gizwits_protocol.o(i.gizwitsHandle)
    i.gizwitsInit                            0x080048d0   Section        0  gizwits_protocol.o(i.gizwitsInit)
    i.gizwitsSetMode                         0x08004930   Section        0  gizwits_protocol.o(i.gizwitsSetMode)
    i.key1LongPress                          0x08004a3c   Section        0  main.o(i.key1LongPress)
    i.key1ShortPress                         0x08004a70   Section        0  main.o(i.key1ShortPress)
    i.key2LongPress                          0x08004aa4   Section        0  main.o(i.key2LongPress)
    i.key2ShortPress                         0x08004adc   Section        0  main.o(i.key2ShortPress)
    i.key3LongPress                          0x08004b10   Section        0  main.o(i.key3LongPress)
    i.key3ShortPress                         0x08004b3c   Section        0  main.o(i.key3ShortPress)
    i.keyHandle                              0x08004b8c   Section        0  hal_key.o(i.keyHandle)
    i.keyInit                                0x08004c0c   Section        0  main.o(i.keyInit)
    i.keyInitOne                             0x08004cb0   Section        0  hal_key.o(i.keyInitOne)
    i.keyParaInit                            0x08004cf0   Section        0  hal_key.o(i.keyParaInit)
    i.ledGpioInit                            0x08004d08   Section        0  hal_led.o(i.ledGpioInit)
    i.led_off                                0x08004d4c   Section        0  hal_led.o(i.led_off)
    i.led_on                                 0x08004d60   Section        0  hal_led.o(i.led_on)
    i.main                                   0x08004d78   Section        0  main.o(i.main)
    i.mcuRestart                             0x08004e14   Section        0  gizwits_product.o(i.mcuRestart)
    i.rbCanRead                              0x08004e1e   Section        0  ringbuffer.o(i.rbCanRead)
    i.rbCanWrite                             0x08004e50   Section        0  ringbuffer.o(i.rbCanWrite)
    i.rbCapacity                             0x08004e6c   Section        0  ringbuffer.o(i.rbCapacity)
    i.rbCreate                               0x08004e78   Section        0  ringbuffer.o(i.rbCreate)
    i.rbRead                                 0x08004e8a   Section        0  ringbuffer.o(i.rbRead)
    i.rbWrite                                0x08004f08   Section        0  ringbuffer.o(i.rbWrite)
    i.readKeyValue                           0x08004f98   Section        0  hal_key.o(i.readKeyValue)
    i.relayGpioInit                          0x08005020   Section        0  hal_relay.o(i.relayGpioInit)
    i.relay_off                              0x08005064   Section        0  hal_relay.o(i.relay_off)
    i.relay_on                               0x08005078   Section        0  hal_relay.o(i.relay_on)
    i.rx_data_pro                            0x0800508c   Section        0  main.o(i.rx_data_pro)
    i.subset_data_change_check               0x080050a8   Section        0  main.o(i.subset_data_change_check)
    i.timerInit                              0x08005118   Section        0  gizwits_product.o(i.timerInit)
    i.uartInit                               0x08005124   Section        0  gizwits_product.o(i.uartInit)
    i.uartWrite                              0x08005138   Section        0  gizwits_product.o(i.uartWrite)
    i.userHandle                             0x080051f0   Section        0  gizwits_product.o(i.userHandle)
    i.userInit                               0x080051f4   Section        0  gizwits_product.o(i.userInit)
    .constdata                               0x08005200   Section        5  main.o(.constdata)
    .constdata                               0x08005205   Section       16  system_stm32f1xx.o(.constdata)
    .constdata                               0x08005215   Section        8  system_stm32f1xx.o(.constdata)
    .constdata                               0x08005220   Section       41  gizwits_protocol.o(.constdata)
    .constdata                               0x08005249   Section       10  hal_nrf24l01.o(.constdata)
    .data                                    0x20000000   Section        5  main.o(.data)
    .data                                    0x20000008   Section        4  stm32f1xx_hal.o(.data)
    .data                                    0x2000000c   Section        4  system_stm32f1xx.o(.data)
    .data                                    0x20000010   Section        8  gizwits_product.o(.data)
    timerMsCount                             0x20000014   Data           4  gizwits_product.o(.data)
    .data                                    0x20000018   Section       12  gizwits_protocol.o(.data)
    protocolFlag                             0x20000018   Data           1  gizwits_protocol.o(.data)
    lastData                                 0x20000019   Data           1  gizwits_protocol.o(.data)
    debugCount                               0x2000001a   Data           1  gizwits_protocol.o(.data)
    protocolCount                            0x2000001c   Data           2  gizwits_protocol.o(.data)
    lastStatus                               0x2000001e   Data           2  gizwits_protocol.o(.data)
    lastRepTime                              0x20000020   Data           4  gizwits_protocol.o(.data)
    .data                                    0x20000024   Section       10  hal_key.o(.data)
    keyTotolNum                              0x20000024   Data           1  hal_key.o(.data)
    keyCheck                                 0x20000025   Data           1  hal_key.o(.data)
    keyState                                 0x20000026   Data           1  hal_key.o(.data)
    key_total                                0x20000027   Data           1  hal_key.o(.data)
    keyLongCheck                             0x2000002a   Data           2  hal_key.o(.data)
    keyPrev                                  0x2000002c   Data           2  hal_key.o(.data)
    .data                                    0x20000030   Section        4  stdout.o(.data)
    .bss                                     0x20000034   Section      375  main.o(.bss)
    .bss                                     0x200001ab   Section       32  main.o(.bss)
    .bss                                     0x200001cb   Section       32  gizwits_product.o(.bss)
    .bss                                     0x200001eb   Section      480  gizwits_protocol.o(.bss)
    rbBuf                                    0x20000393   Data          56  gizwits_protocol.o(.bss)
    STACK                                    0x200003d0   Section     8192  startup_stm32f103xb.o(STACK)

    Global Symbols

    Symbol Name                              Value     Ov Type        Size  Object(Section)

    BuildAttributes$$THM_ISAv4$P$D$K$B$S$PE$A:L22UL41UL21$X:L11$S22US41US21$IEEE1$IW$USESV6$~STKCKD$USESV7$~SHL$OTIME$ROPI$EBA8$MICROLIB$REQ8$PRES8$EABIv2 0x00000000   Number         0  anon$$obj.o ABSOLUTE
    __ARM_use_no_argv                        0x00000000   Number         0  main.o ABSOLUTE
    _printf_a                                0x00000000   Number         0  stubs.o ABSOLUTE
    _printf_c                                0x00000000   Number         0  stubs.o ABSOLUTE
    _printf_charcount                        0x00000000   Number         0  stubs.o ABSOLUTE
    _printf_d                                0x00000000   Number         0  stubs.o ABSOLUTE
    _printf_e                                0x00000000   Number         0  stubs.o ABSOLUTE
    _printf_f                                0x00000000   Number         0  stubs.o ABSOLUTE
    _printf_flags                            0x00000000   Number         0  stubs.o ABSOLUTE
    _printf_fp_dec                           0x00000000   Number         0  stubs.o ABSOLUTE
    _printf_fp_hex                           0x00000000   Number         0  stubs.o ABSOLUTE
    _printf_g                                0x00000000   Number         0  stubs.o ABSOLUTE
    _printf_i                                0x00000000   Number         0  stubs.o ABSOLUTE
    _printf_int_dec                          0x00000000   Number         0  stubs.o ABSOLUTE
    _printf_l                                0x00000000   Number         0  stubs.o ABSOLUTE
    _printf_lc                               0x00000000   Number         0  stubs.o ABSOLUTE
    _printf_ll                               0x00000000   Number         0  stubs.o ABSOLUTE
    _printf_lld                              0x00000000   Number         0  stubs.o ABSOLUTE
    _printf_lli                              0x00000000   Number         0  stubs.o ABSOLUTE
    _printf_llo                              0x00000000   Number         0  stubs.o ABSOLUTE
    _printf_llu                              0x00000000   Number         0  stubs.o ABSOLUTE
    _printf_llx                              0x00000000   Number         0  stubs.o ABSOLUTE
    _printf_longlong_dec                     0x00000000   Number         0  stubs.o ABSOLUTE
    _printf_longlong_hex                     0x00000000   Number         0  stubs.o ABSOLUTE
    _printf_longlong_oct                     0x00000000   Number         0  stubs.o ABSOLUTE
    _printf_ls                               0x00000000   Number         0  stubs.o ABSOLUTE
    _printf_mbtowc                           0x00000000   Number         0  stubs.o ABSOLUTE
    _printf_n                                0x00000000   Number         0  stubs.o ABSOLUTE
    _printf_o                                0x00000000   Number         0  stubs.o ABSOLUTE
    _printf_p                                0x00000000   Number         0  stubs.o ABSOLUTE
    _printf_percent                          0x00000000   Number         0  stubs.o ABSOLUTE
    _printf_pre_padding                      0x00000000   Number         0  stubs.o ABSOLUTE
    _printf_return_value                     0x00000000   Number         0  stubs.o ABSOLUTE
    _printf_s                                0x00000000   Number         0  stubs.o ABSOLUTE
    _printf_sizespec                         0x00000000   Number         0  stubs.o ABSOLUTE
    _printf_str                              0x00000000   Number         0  stubs.o ABSOLUTE
    _printf_truncate_signed                  0x00000000   Number         0  stubs.o ABSOLUTE
    _printf_truncate_unsigned                0x00000000   Number         0  stubs.o ABSOLUTE
    _printf_u                                0x00000000   Number         0  stubs.o ABSOLUTE
    _printf_wc                               0x00000000   Number         0  stubs.o ABSOLUTE
    _printf_wctomb                           0x00000000   Number         0  stubs.o ABSOLUTE
    _printf_widthprec                        0x00000000   Number         0  stubs.o ABSOLUTE
    _printf_x                                0x00000000   Number         0  stubs.o ABSOLUTE
    __cpp_initialize__aeabi_                  - Undefined Weak Reference
    __cxa_finalize                            - Undefined Weak Reference
    __decompress                              - Undefined Weak Reference
    _clock_init                               - Undefined Weak Reference
    _microlib_exit                            - Undefined Weak Reference
    __Vectors_Size                           0x000000ec   Number         0  startup_stm32f103xb.o ABSOLUTE
    __Vectors                                0x08000000   Data           4  startup_stm32f103xb.o(RESET)
    __Vectors_End                            0x080000ec   Data           0  startup_stm32f103xb.o(RESET)
    __main                                   0x080000ed   Thumb Code     0  entry.o(.ARM.Collect$$$$00000000)
    _main_stk                                0x080000ed   Thumb Code     0  entry2.o(.ARM.Collect$$$$00000001)
    _main_scatterload                        0x080000f1   Thumb Code     0  entry5.o(.ARM.Collect$$$$00000004)
    __main_after_scatterload                 0x080000f5   Thumb Code     0  entry5.o(.ARM.Collect$$$$00000004)
    _main_clock                              0x080000f5   Thumb Code     0  entry7b.o(.ARM.Collect$$$$00000008)
    _main_cpp_init                           0x080000f5   Thumb Code     0  entry8b.o(.ARM.Collect$$$$0000000A)
    _main_init                               0x080000f5   Thumb Code     0  entry9a.o(.ARM.Collect$$$$0000000B)
    __rt_final_cpp                           0x080000fd   Thumb Code     0  entry10a.o(.ARM.Collect$$$$0000000D)
    __rt_final_exit                          0x080000fd   Thumb Code     0  entry11a.o(.ARM.Collect$$$$0000000F)
    Reset_Handler                            0x08000101   Thumb Code     8  startup_stm32f103xb.o(.text)
    ADC1_2_IRQHandler                        0x0800011b   Thumb Code     0  startup_stm32f103xb.o(.text)
    CAN1_RX1_IRQHandler                      0x0800011b   Thumb Code     0  startup_stm32f103xb.o(.text)
    CAN1_SCE_IRQHandler                      0x0800011b   Thumb Code     0  startup_stm32f103xb.o(.text)
    DMA1_Channel1_IRQHandler                 0x0800011b   Thumb Code     0  startup_stm32f103xb.o(.text)
    DMA1_Channel2_IRQHandler                 0x0800011b   Thumb Code     0  startup_stm32f103xb.o(.text)
    DMA1_Channel3_IRQHandler                 0x0800011b   Thumb Code     0  startup_stm32f103xb.o(.text)
    DMA1_Channel4_IRQHandler                 0x0800011b   Thumb Code     0  startup_stm32f103xb.o(.text)
    DMA1_Channel5_IRQHandler                 0x0800011b   Thumb Code     0  startup_stm32f103xb.o(.text)
    DMA1_Channel6_IRQHandler                 0x0800011b   Thumb Code     0  startup_stm32f103xb.o(.text)
    DMA1_Channel7_IRQHandler                 0x0800011b   Thumb Code     0  startup_stm32f103xb.o(.text)
    EXTI0_IRQHandler                         0x0800011b   Thumb Code     0  startup_stm32f103xb.o(.text)
    EXTI15_10_IRQHandler                     0x0800011b   Thumb Code     0  startup_stm32f103xb.o(.text)
    EXTI1_IRQHandler                         0x0800011b   Thumb Code     0  startup_stm32f103xb.o(.text)
    EXTI2_IRQHandler                         0x0800011b   Thumb Code     0  startup_stm32f103xb.o(.text)
    EXTI3_IRQHandler                         0x0800011b   Thumb Code     0  startup_stm32f103xb.o(.text)
    EXTI4_IRQHandler                         0x0800011b   Thumb Code     0  startup_stm32f103xb.o(.text)
    EXTI9_5_IRQHandler                       0x0800011b   Thumb Code     0  startup_stm32f103xb.o(.text)
    FLASH_IRQHandler                         0x0800011b   Thumb Code     0  startup_stm32f103xb.o(.text)
    I2C1_ER_IRQHandler                       0x0800011b   Thumb Code     0  startup_stm32f103xb.o(.text)
    I2C1_EV_IRQHandler                       0x0800011b   Thumb Code     0  startup_stm32f103xb.o(.text)
    I2C2_ER_IRQHandler                       0x0800011b   Thumb Code     0  startup_stm32f103xb.o(.text)
    I2C2_EV_IRQHandler                       0x0800011b   Thumb Code     0  startup_stm32f103xb.o(.text)
    PVD_IRQHandler                           0x0800011b   Thumb Code     0  startup_stm32f103xb.o(.text)
    RCC_IRQHandler                           0x0800011b   Thumb Code     0  startup_stm32f103xb.o(.text)
    RTC_Alarm_IRQHandler                     0x0800011b   Thumb Code     0  startup_stm32f103xb.o(.text)
    RTC_IRQHandler                           0x0800011b   Thumb Code     0  startup_stm32f103xb.o(.text)
    SPI1_IRQHandler                          0x0800011b   Thumb Code     0  startup_stm32f103xb.o(.text)
    SPI2_IRQHandler                          0x0800011b   Thumb Code     0  startup_stm32f103xb.o(.text)
    TAMPER_IRQHandler                        0x0800011b   Thumb Code     0  startup_stm32f103xb.o(.text)
    TIM1_BRK_IRQHandler                      0x0800011b   Thumb Code     0  startup_stm32f103xb.o(.text)
    TIM1_CC_IRQHandler                       0x0800011b   Thumb Code     0  startup_stm32f103xb.o(.text)
    TIM1_TRG_COM_IRQHandler                  0x0800011b   Thumb Code     0  startup_stm32f103xb.o(.text)
    TIM1_UP_IRQHandler                       0x0800011b   Thumb Code     0  startup_stm32f103xb.o(.text)
    TIM3_IRQHandler                          0x0800011b   Thumb Code     0  startup_stm32f103xb.o(.text)
    TIM4_IRQHandler                          0x0800011b   Thumb Code     0  startup_stm32f103xb.o(.text)
    USART1_IRQHandler                        0x0800011b   Thumb Code     0  startup_stm32f103xb.o(.text)
    USART3_IRQHandler                        0x0800011b   Thumb Code     0  startup_stm32f103xb.o(.text)
    USBWakeUp_IRQHandler                     0x0800011b   Thumb Code     0  startup_stm32f103xb.o(.text)
    USB_HP_CAN1_TX_IRQHandler                0x0800011b   Thumb Code     0  startup_stm32f103xb.o(.text)
    USB_LP_CAN1_RX0_IRQHandler               0x0800011b   Thumb Code     0  startup_stm32f103xb.o(.text)
    WWDG_IRQHandler                          0x0800011b   Thumb Code     0  startup_stm32f103xb.o(.text)
    __aeabi_llsr                             0x08000125   Thumb Code    32  llushr.o(.text)
    _ll_ushift_r                             0x08000125   Thumb Code     0  llushr.o(.text)
    __aeabi_memcpy                           0x08000145   Thumb Code    36  memcpya.o(.text)
    __aeabi_memcpy4                          0x08000145   Thumb Code     0  memcpya.o(.text)
    __aeabi_memcpy8                          0x08000145   Thumb Code     0  memcpya.o(.text)
    __aeabi_memset                           0x08000169   Thumb Code    14  memseta.o(.text)
    __aeabi_memset4                          0x08000169   Thumb Code     0  memseta.o(.text)
    __aeabi_memset8                          0x08000169   Thumb Code     0  memseta.o(.text)
    __aeabi_memclr                           0x08000177   Thumb Code     4  memseta.o(.text)
    __aeabi_memclr4                          0x08000177   Thumb Code     0  memseta.o(.text)
    __aeabi_memclr8                          0x08000177   Thumb Code     0  memseta.o(.text)
    _memset$wrapper                          0x0800017b   Thumb Code    18  memseta.o(.text)
    __aeabi_uldivmod                         0x0800018d   Thumb Code    98  uldiv.o(.text)
    __scatterload                            0x080001f1   Thumb Code    28  init.o(.text)
    __scatterload_rt2                        0x080001f1   Thumb Code     0  init.o(.text)
    __aeabi_llsl                             0x08000215   Thumb Code    30  llshl.o(.text)
    _ll_shift_l                              0x08000215   Thumb Code     0  llshl.o(.text)
    BusFault_Handler                         0x08000233   Thumb Code     2  stm32f1xx_it.o(i.BusFault_Handler)
    DebugMon_Handler                         0x08000235   Thumb Code     2  stm32f1xx_it.o(i.DebugMon_Handler)
    HAL_DMA_Abort_IT                         0x08000239   Thumb Code   148  stm32f1xx_hal_dma.o(i.HAL_DMA_Abort_IT)
    HAL_GPIO_Init                            0x080002d1   Thumb Code   436  stm32f1xx_hal_gpio.o(i.HAL_GPIO_Init)
    HAL_GPIO_ReadPin                         0x080004a9   Thumb Code    10  stm32f1xx_hal_gpio.o(i.HAL_GPIO_ReadPin)
    HAL_GPIO_TogglePin                       0x080004b3   Thumb Code     8  stm32f1xx_hal_gpio.o(i.HAL_GPIO_TogglePin)
    HAL_GPIO_WritePin                        0x080004bb   Thumb Code    10  stm32f1xx_hal_gpio.o(i.HAL_GPIO_WritePin)
    HAL_GetTick                              0x080004c5   Thumb Code     6  stm32f1xx_hal.o(i.HAL_GetTick)
    HAL_IncTick                              0x080004d1   Thumb Code    10  stm32f1xx_hal.o(i.HAL_IncTick)
    HAL_Init                                 0x080004e1   Thumb Code    32  stm32f1xx_hal.o(i.HAL_Init)
    HAL_InitTick                             0x08000505   Thumb Code    34  stm32f1xx_hal.o(i.HAL_InitTick)
    HAL_MspInit                              0x0800052d   Thumb Code   122  stm32f1xx_hal_msp.o(i.HAL_MspInit)
    HAL_NVIC_EnableIRQ                       0x080005b1   Thumb Code    24  stm32f1xx_hal_cortex.o(i.HAL_NVIC_EnableIRQ)
    HAL_NVIC_SetPriority                     0x080005c9   Thumb Code    60  stm32f1xx_hal_cortex.o(i.HAL_NVIC_SetPriority)
    HAL_NVIC_SetPriorityGrouping             0x08000609   Thumb Code    26  stm32f1xx_hal_cortex.o(i.HAL_NVIC_SetPriorityGrouping)
    HAL_NVIC_SystemReset                     0x0800062d   Thumb Code    26  stm32f1xx_hal_cortex.o(i.HAL_NVIC_SystemReset)
    HAL_RCC_ClockConfig                      0x08000651   Thumb Code   322  stm32f1xx_hal_rcc.o(i.HAL_RCC_ClockConfig)
    HAL_RCC_GetHCLKFreq                      0x080007a5   Thumb Code     6  stm32f1xx_hal_rcc.o(i.HAL_RCC_GetHCLKFreq)
    HAL_RCC_GetPCLK1Freq                     0x080007b1   Thumb Code    20  stm32f1xx_hal_rcc.o(i.HAL_RCC_GetPCLK1Freq)
    HAL_RCC_GetPCLK2Freq                     0x080007d1   Thumb Code    20  stm32f1xx_hal_rcc.o(i.HAL_RCC_GetPCLK2Freq)
    HAL_RCC_GetSysClockFreq                  0x080007f1   Thumb Code    82  stm32f1xx_hal_rcc.o(i.HAL_RCC_GetSysClockFreq)
    HAL_RCC_OscConfig                        0x08000865   Thumb Code   758  stm32f1xx_hal_rcc.o(i.HAL_RCC_OscConfig)
    HAL_SPI_Init                             0x08000b71   Thumb Code   130  stm32f1xx_hal_spi_ex.o(i.HAL_SPI_Init)
    HAL_SPI_MspInit                          0x08000bf5   Thumb Code    78  stm32f1xx_hal_msp.o(i.HAL_SPI_MspInit)
    HAL_SPI_Receive                          0x08000c51   Thumb Code   336  stm32f1xx_hal_spi.o(i.HAL_SPI_Receive)
    HAL_SPI_Transmit                         0x08000da1   Thumb Code   360  stm32f1xx_hal_spi.o(i.HAL_SPI_Transmit)
    HAL_SPI_TransmitReceive                  0x08000f09   Thumb Code   470  stm32f1xx_hal_spi.o(i.HAL_SPI_TransmitReceive)
    HAL_SYSTICK_CLKSourceConfig              0x080010df   Thumb Code    24  stm32f1xx_hal_cortex.o(i.HAL_SYSTICK_CLKSourceConfig)
    HAL_SYSTICK_Callback                     0x080010f7   Thumb Code     2  stm32f1xx_hal_cortex.o(i.HAL_SYSTICK_Callback)
    HAL_SYSTICK_Config                       0x080010f9   Thumb Code    40  stm32f1xx_hal_cortex.o(i.HAL_SYSTICK_Config)
    HAL_SYSTICK_IRQHandler                   0x08001121   Thumb Code     8  stm32f1xx_hal_cortex.o(i.HAL_SYSTICK_IRQHandler)
    HAL_TIMEx_BreakCallback                  0x08001129   Thumb Code     2  stm32f1xx_hal_tim_ex.o(i.HAL_TIMEx_BreakCallback)
    HAL_TIMEx_CommutationCallback            0x0800112b   Thumb Code     2  stm32f1xx_hal_tim_ex.o(i.HAL_TIMEx_CommutationCallback)
    HAL_TIMEx_MasterConfigSynchronization    0x0800112d   Thumb Code    80  stm32f1xx_hal_tim_ex.o(i.HAL_TIMEx_MasterConfigSynchronization)
    HAL_TIM_Base_Init                        0x0800117d   Thumb Code    54  stm32f1xx_hal_tim.o(i.HAL_TIM_Base_Init)
    HAL_TIM_Base_MspInit                     0x080011b5   Thumb Code    30  stm32f1xx_hal_msp.o(i.HAL_TIM_Base_MspInit)
    HAL_TIM_Base_Start_IT                    0x080011d9   Thumb Code    24  stm32f1xx_hal_tim.o(i.HAL_TIM_Base_Start_IT)
    HAL_TIM_ConfigClockSource                0x080011f1   Thumb Code   240  stm32f1xx_hal_tim.o(i.HAL_TIM_ConfigClockSource)
    HAL_TIM_IC_CaptureCallback               0x080012e1   Thumb Code     2  stm32f1xx_hal_tim.o(i.HAL_TIM_IC_CaptureCallback)
    HAL_TIM_IRQHandler                       0x080012e3   Thumb Code   358  stm32f1xx_hal_tim.o(i.HAL_TIM_IRQHandler)
    HAL_TIM_OC_DelayElapsedCallback          0x08001449   Thumb Code     2  stm32f1xx_hal_tim.o(i.HAL_TIM_OC_DelayElapsedCallback)
    HAL_TIM_PWM_PulseFinishedCallback        0x0800144b   Thumb Code     2  stm32f1xx_hal_tim.o(i.HAL_TIM_PWM_PulseFinishedCallback)
    HAL_TIM_PeriodElapsedCallback            0x0800144d   Thumb Code    24  gizwits_product.o(i.HAL_TIM_PeriodElapsedCallback)
    HAL_TIM_TriggerCallback                  0x0800146d   Thumb Code     2  stm32f1xx_hal_tim.o(i.HAL_TIM_TriggerCallback)
    HAL_UART_ErrorCallback                   0x0800146f   Thumb Code     2  stm32f1xx_hal_uart.o(i.HAL_UART_ErrorCallback)
    HAL_UART_IRQHandler                      0x08001471   Thumb Code   266  stm32f1xx_hal_uart.o(i.HAL_UART_IRQHandler)
    HAL_UART_Init                            0x08001581   Thumb Code    98  stm32f1xx_hal_uart.o(i.HAL_UART_Init)
    HAL_UART_MspInit                         0x080015e5   Thumb Code   116  stm32f1xx_hal_msp.o(i.HAL_UART_MspInit)
    HAL_UART_Receive_IT                      0x08001669   Thumb Code    82  stm32f1xx_hal_uart.o(i.HAL_UART_Receive_IT)
    HAL_UART_RxCpltCallback                  0x080016bd   Thumb Code    34  gizwits_product.o(i.HAL_UART_RxCpltCallback)
    HAL_UART_Transmit                        0x080016ed   Thumb Code   186  stm32f1xx_hal_uart.o(i.HAL_UART_Transmit)
    HAL_UART_Transmit_IT                     0x080017a7   Thumb Code    62  stm32f1xx_hal_uart.o(i.HAL_UART_Transmit_IT)
    HAL_UART_TxCpltCallback                  0x080017e5   Thumb Code     2  stm32f1xx_hal_uart.o(i.HAL_UART_TxCpltCallback)
    HardFault_Handler                        0x080017e7   Thumb Code     2  stm32f1xx_it.o(i.HardFault_Handler)
    MemManage_Handler                        0x08001955   Thumb Code     2  stm32f1xx_it.o(i.MemManage_Handler)
    NMI_Handler                              0x08001957   Thumb Code     2  stm32f1xx_it.o(i.NMI_Handler)
    NRF24L01_Init                            0x08001959   Thumb Code   116  hal_nrf24l01.o(i.NRF24L01_Init)
    NRF24L01_RX_Mode                         0x080019d9   Thumb Code    72  hal_nrf24l01.o(i.NRF24L01_RX_Mode)
    NRF24L01_Read_Buf                        0x08001a29   Thumb Code    56  hal_nrf24l01.o(i.NRF24L01_Read_Buf)
    NRF24L01_Read_Reg                        0x08001a65   Thumb Code    24  hal_nrf24l01.o(i.NRF24L01_Read_Reg)
    NRF24L01_RxPacket                        0x08001a81   Thumb Code    50  hal_nrf24l01.o(i.NRF24L01_RxPacket)
    NRF24L01_TX_Mode                         0x08001ab5   Thumb Code    84  hal_nrf24l01.o(i.NRF24L01_TX_Mode)
    NRF24L01_TxPacket                        0x08001b11   Thumb Code    80  hal_nrf24l01.o(i.NRF24L01_TxPacket)
    NRF24L01_Write_Buf                       0x08001b65   Thumb Code    56  hal_nrf24l01.o(i.NRF24L01_Write_Buf)
    NRF24L01_Write_Reg                       0x08001ba1   Thumb Code    30  hal_nrf24l01.o(i.NRF24L01_Write_Reg)
    PendSV_Handler                           0x08001be5   Thumb Code     2  stm32f1xx_it.o(i.PendSV_Handler)
    SPI2_ReadWriteByte                       0x08001be9   Thumb Code    40  hal_nrf24l01.o(i.SPI2_ReadWriteByte)
    SVC_Handler                              0x08001cc9   Thumb Code     2  stm32f1xx_it.o(i.SVC_Handler)
    SysTick_Handler                          0x08001ccb   Thumb Code    14  stm32f1xx_it.o(i.SysTick_Handler)
    SystemClock_Config                       0x08001cd9   Thumb Code   104  main.o(i.SystemClock_Config)
    SystemInit                               0x08001d41   Thumb Code    56  system_stm32f1xx.o(i.SystemInit)
    TIM2_IRQHandler                          0x08001d89   Thumb Code     6  stm32f1xx_it.o(i.TIM2_IRQHandler)
    TIM_Base_SetConfig                       0x08001d95   Thumb Code    94  stm32f1xx_hal_tim.o(i.TIM_Base_SetConfig)
    USART2_IRQHandler                        0x08002165   Thumb Code     6  stm32f1xx_it.o(i.USART2_IRQHandler)
    UsageFault_Handler                       0x08002171   Thumb Code     2  stm32f1xx_it.o(i.UsageFault_Handler)
    __0printf$8                              0x08002175   Thumb Code    22  printf8.o(i.__0printf$8)
    __1printf$8                              0x08002175   Thumb Code     0  printf8.o(i.__0printf$8)
    __2printf                                0x08002175   Thumb Code     0  printf8.o(i.__0printf$8)
    __scatterload_copy                       0x08002195   Thumb Code    14  handlers.o(i.__scatterload_copy)
    __scatterload_null                       0x080021a3   Thumb Code     2  handlers.o(i.__scatterload_null)
    __scatterload_zeroinit                   0x080021a5   Thumb Code    14  handlers.o(i.__scatterload_zeroinit)
    exchangeBytes                            0x08002613   Thumb Code    18  common.o(i.exchangeBytes)
    exchangeWord                             0x08002625   Thumb Code     4  common.o(i.exchangeWord)
    fputc                                    0x08002629   Thumb Code    20  gizwits_product.o(i.fputc)
    getKey                                   0x08002641   Thumb Code    84  hal_key.o(i.getKey)
    gizAcrossByteJudge                       0x08002699   Thumb Code    30  datapointtools.o(i.gizAcrossByteJudge)
    gizByteOrderExchange                     0x080026b7   Thumb Code    36  datapointtools.o(i.gizByteOrderExchange)
    gizGetTimerCount                         0x0800327d   Thumb Code     6  gizwits_product.o(i.gizGetTimerCount)
    gizProtocolSum                           0x08003e2d   Thumb Code    36  common.o(i.gizProtocolSum)
    gizPutData                               0x08003ef5   Thumb Code    40  gizwits_protocol.o(i.gizPutData)
    gizStandardCompressValue                 0x08004021   Thumb Code    80  datapointtools.o(i.gizStandardCompressValue)
    gizStandardDecompressionValue            0x08004071   Thumb Code   130  datapointtools.o(i.gizStandardDecompressionValue)
    gizTimerMs                               0x080040f5   Thumb Code    10  gizwits_product.o(i.gizTimerMs)
    gizX2Y                                   0x08004105   Thumb Code     6  datapointtools.o(i.gizX2Y)
    gizY2X                                   0x0800410b   Thumb Code     8  datapointtools.o(i.gizY2X)
    gizwitsEventProcess                      0x08004115   Thumb Code   398  gizwits_product.o(i.gizwitsEventProcess)
    gizwitsHandle                            0x08004585   Thumb Code   564  gizwits_protocol.o(i.gizwitsHandle)
    gizwitsInit                              0x080048d1   Thumb Code    46  gizwits_protocol.o(i.gizwitsInit)
    gizwitsSetMode                           0x08004931   Thumb Code   212  gizwits_protocol.o(i.gizwitsSetMode)
    key1LongPress                            0x08004a3d   Thumb Code    18  main.o(i.key1LongPress)
    key1ShortPress                           0x08004a71   Thumb Code    18  main.o(i.key1ShortPress)
    key2LongPress                            0x08004aa5   Thumb Code    24  main.o(i.key2LongPress)
    key2ShortPress                           0x08004add   Thumb Code    24  main.o(i.key2ShortPress)
    key3LongPress                            0x08004b11   Thumb Code     6  main.o(i.key3LongPress)
    key3ShortPress                           0x08004b3d   Thumb Code    40  main.o(i.key3ShortPress)
    keyHandle                                0x08004b8d   Thumb Code   126  hal_key.o(i.keyHandle)
    keyInit                                  0x08004c0d   Thumb Code   122  main.o(i.keyInit)
    keyInitOne                               0x08004cb1   Thumb Code    58  hal_key.o(i.keyInitOne)
    keyParaInit                              0x08004cf1   Thumb Code    20  hal_key.o(i.keyParaInit)
    ledGpioInit                              0x08004d09   Thumb Code    56  hal_led.o(i.ledGpioInit)
    led_off                                  0x08004d4d   Thumb Code    16  hal_led.o(i.led_off)
    led_on                                   0x08004d61   Thumb Code    18  hal_led.o(i.led_on)
    main                                     0x08004d79   Thumb Code   126  main.o(i.main)
    mcuRestart                               0x08004e15   Thumb Code    10  gizwits_product.o(i.mcuRestart)
    rbCanRead                                0x08004e1f   Thumb Code    50  ringbuffer.o(i.rbCanRead)
    rbCanWrite                               0x08004e51   Thumb Code    28  ringbuffer.o(i.rbCanWrite)
    rbCapacity                               0x08004e6d   Thumb Code    12  ringbuffer.o(i.rbCapacity)
    rbCreate                                 0x08004e79   Thumb Code    18  ringbuffer.o(i.rbCreate)
    rbRead                                   0x08004e8b   Thumb Code   126  ringbuffer.o(i.rbRead)
    rbWrite                                  0x08004f09   Thumb Code   142  ringbuffer.o(i.rbWrite)
    readKeyValue                             0x08004f99   Thumb Code   130  hal_key.o(i.readKeyValue)
    relayGpioInit                            0x08005021   Thumb Code    58  hal_relay.o(i.relayGpioInit)
    relay_off                                0x08005065   Thumb Code    16  hal_relay.o(i.relay_off)
    relay_on                                 0x08005079   Thumb Code    16  hal_relay.o(i.relay_on)
    rx_data_pro                              0x0800508d   Thumb Code    18  main.o(i.rx_data_pro)
    subset_data_change_check                 0x080050a9   Thumb Code    52  main.o(i.subset_data_change_check)
    timerInit                                0x08005119   Thumb Code     6  gizwits_product.o(i.timerInit)
    uartInit                                 0x08005125   Thumb Code    10  gizwits_product.o(i.uartInit)
    uartWrite                                0x08005139   Thumb Code   140  gizwits_product.o(i.uartWrite)
    userHandle                               0x080051f1   Thumb Code     2  gizwits_product.o(i.userHandle)
    userInit                                 0x080051f5   Thumb Code     8  gizwits_product.o(i.userInit)
    AHBPrescTable                            0x08005205   Data          16  system_stm32f1xx.o(.constdata)
    APBPrescTable                            0x08005215   Data           8  system_stm32f1xx.o(.constdata)
    TX_ADDRESS                               0x08005249   Data           5  hal_nrf24l01.o(.constdata)
    RX_ADDRESS                               0x0800524e   Data           5  hal_nrf24l01.o(.constdata)
    Region$$Table$$Base                      0x08005254   Number         0  anon$$obj.o(Region$$Table)
    Region$$Table$$Limit                     0x08005274   Number         0  anon$$obj.o(Region$$Table)
    keys                                     0x20000000   Data           5  main.o(.data)
    uwTick                                   0x20000008   Data           4  stm32f1xx_hal.o(.data)
    SystemCoreClock                          0x2000000c   Data           4  system_stm32f1xx.o(.data)
    aRxBuffer                                0x20000010   Data           1  gizwits_product.o(.data)
    keyCountTime                             0x20000028   Data           1  hal_key.o(.data)
    __stdout                                 0x20000030   Data           4  stdout.o(.data)
    hspi2                                    0x20000034   Data          88  main.o(.bss)
    htim2                                    0x2000008c   Data          64  main.o(.bss)
    huart1                                   0x200000cc   Data          64  main.o(.bss)
    huart2                                   0x2000010c   Data          64  main.o(.bss)
    singleKey                                0x2000014c   Data          63  main.o(.bss)
    rx_tmp_buf                               0x2000018b   Data          32  main.o(.bss)
    tx_tmp_buf                               0x200001ab   Data          32  main.o(.bss)
    currentDataPoint                         0x200001cb   Data          32  gizwits_product.o(.bss)
    gizwitsProtocol                          0x200001eb   Data         408  gizwits_protocol.o(.bss)
    pRb                                      0x20000383   Data          16  gizwits_protocol.o(.bss)
    __initial_sp                             0x200023d0   Data           0  startup_stm32f103xb.o(STACK)



==============================================================================

Memory Map of the image

  Image Entry point : 0x080000ed

  Load Region LR_IROM1 (Base: 0x08000000, Size: 0x000052a8, Max: 0x00010000, ABSOLUTE)

    Execution Region ER_IROM1 (Base: 0x08000000, Size: 0x00005274, Max: 0x00010000, ABSOLUTE)

    Base Addr    Size         Type   Attr      Idx    E Section Name        Object

    0x08000000   0x000000ec   Data   RO         2850    RESET               startup_stm32f103xb.o
    0x080000ec   0x00000000   Code   RO         3569  * .ARM.Collect$$$$00000000  mc_w.l(entry.o)
    0x080000ec   0x00000004   Code   RO         3855    .ARM.Collect$$$$00000001  mc_w.l(entry2.o)
    0x080000f0   0x00000004   Code   RO         3858    .ARM.Collect$$$$00000004  mc_w.l(entry5.o)
    0x080000f4   0x00000000   Code   RO         3860    .ARM.Collect$$$$00000008  mc_w.l(entry7b.o)
    0x080000f4   0x00000000   Code   RO         3862    .ARM.Collect$$$$0000000A  mc_w.l(entry8b.o)
    0x080000f4   0x00000008   Code   RO         3863    .ARM.Collect$$$$0000000B  mc_w.l(entry9a.o)
    0x080000fc   0x00000000   Code   RO         3865    .ARM.Collect$$$$0000000D  mc_w.l(entry10a.o)
    0x080000fc   0x00000000   Code   RO         3867    .ARM.Collect$$$$0000000F  mc_w.l(entry11a.o)
    0x080000fc   0x00000004   Code   RO         3856    .ARM.Collect$$$$00002712  mc_w.l(entry2.o)
    0x08000100   0x00000024   Code   RO         2851    .text               startup_stm32f103xb.o
    0x08000124   0x00000020   Code   RO         3572    .text               mc_w.l(llushr.o)
    0x08000144   0x00000024   Code   RO         3576    .text               mc_w.l(memcpya.o)
    0x08000168   0x00000024   Code   RO         3578    .text               mc_w.l(memseta.o)
    0x0800018c   0x00000062   Code   RO         3872    .text               mc_w.l(uldiv.o)
    0x080001ee   0x00000002   PAD
    0x080001f0   0x00000024   Code   RO         3887    .text               mc_w.l(init.o)
    0x08000214   0x0000001e   Code   RO         3889    .text               mc_w.l(llshl.o)
    0x08000232   0x00000002   Code   RO          320    i.BusFault_Handler  stm32f1xx_it.o
    0x08000234   0x00000002   Code   RO          321    i.DebugMon_Handler  stm32f1xx_it.o
    0x08000236   0x00000002   PAD
    0x08000238   0x00000098   Code   RO          935    i.HAL_DMA_Abort_IT  stm32f1xx_hal_dma.o
    0x080002d0   0x000001d8   Code   RO          785    i.HAL_GPIO_Init     stm32f1xx_hal_gpio.o
    0x080004a8   0x0000000a   Code   RO          787    i.HAL_GPIO_ReadPin  stm32f1xx_hal_gpio.o
    0x080004b2   0x00000008   Code   RO          788    i.HAL_GPIO_TogglePin  stm32f1xx_hal_gpio.o
    0x080004ba   0x0000000a   Code   RO          789    i.HAL_GPIO_WritePin  stm32f1xx_hal_gpio.o
    0x080004c4   0x0000000c   Code   RO          652    i.HAL_GetTick       stm32f1xx_hal.o
    0x080004d0   0x00000010   Code   RO          654    i.HAL_IncTick       stm32f1xx_hal.o
    0x080004e0   0x00000024   Code   RO          655    i.HAL_Init          stm32f1xx_hal.o
    0x08000504   0x00000028   Code   RO          656    i.HAL_InitTick      stm32f1xx_hal.o
    0x0800052c   0x00000084   Code   RO            4    i.HAL_MspInit       stm32f1xx_hal_msp.o
    0x080005b0   0x00000018   Code   RO         1938    i.HAL_NVIC_EnableIRQ  stm32f1xx_hal_cortex.o
    0x080005c8   0x00000040   Code   RO         1944    i.HAL_NVIC_SetPriority  stm32f1xx_hal_cortex.o
    0x08000608   0x00000024   Code   RO         1945    i.HAL_NVIC_SetPriorityGrouping  stm32f1xx_hal_cortex.o
    0x0800062c   0x00000024   Code   RO         1946    i.HAL_NVIC_SystemReset  stm32f1xx_hal_cortex.o
    0x08000650   0x00000154   Code   RO         1065    i.HAL_RCC_ClockConfig  stm32f1xx_hal_rcc.o
    0x080007a4   0x0000000c   Code   RO         1070    i.HAL_RCC_GetHCLKFreq  stm32f1xx_hal_rcc.o
    0x080007b0   0x00000020   Code   RO         1072    i.HAL_RCC_GetPCLK1Freq  stm32f1xx_hal_rcc.o
    0x080007d0   0x00000020   Code   RO         1073    i.HAL_RCC_GetPCLK2Freq  stm32f1xx_hal_rcc.o
    0x080007f0   0x00000074   Code   RO         1074    i.HAL_RCC_GetSysClockFreq  stm32f1xx_hal_rcc.o
    0x08000864   0x0000030c   Code   RO         1077    i.HAL_RCC_OscConfig  stm32f1xx_hal_rcc.o
    0x08000b70   0x00000082   Code   RO         2827    i.HAL_SPI_Init      stm32f1xx_hal_spi_ex.o
    0x08000bf2   0x00000002   PAD
    0x08000bf4   0x0000005c   Code   RO            6    i.HAL_SPI_MspInit   stm32f1xx_hal_msp.o
    0x08000c50   0x00000150   Code   RO         2518    i.HAL_SPI_Receive   stm32f1xx_hal_spi.o
    0x08000da0   0x00000168   Code   RO         2523    i.HAL_SPI_Transmit  stm32f1xx_hal_spi.o
    0x08000f08   0x000001d6   Code   RO         2524    i.HAL_SPI_TransmitReceive  stm32f1xx_hal_spi.o
    0x080010de   0x00000018   Code   RO         1947    i.HAL_SYSTICK_CLKSourceConfig  stm32f1xx_hal_cortex.o
    0x080010f6   0x00000002   Code   RO         1948    i.HAL_SYSTICK_Callback  stm32f1xx_hal_cortex.o
    0x080010f8   0x00000028   Code   RO         1949    i.HAL_SYSTICK_Config  stm32f1xx_hal_cortex.o
    0x08001120   0x00000008   Code   RO         1950    i.HAL_SYSTICK_IRQHandler  stm32f1xx_hal_cortex.o
    0x08001128   0x00000002   Code   RO          408    i.HAL_TIMEx_BreakCallback  stm32f1xx_hal_tim_ex.o
    0x0800112a   0x00000002   Code   RO          409    i.HAL_TIMEx_CommutationCallback  stm32f1xx_hal_tim_ex.o
    0x0800112c   0x00000050   Code   RO          425    i.HAL_TIMEx_MasterConfigSynchronization  stm32f1xx_hal_tim_ex.o
    0x0800117c   0x00000036   Code   RO         1307    i.HAL_TIM_Base_Init  stm32f1xx_hal_tim.o
    0x080011b2   0x00000002   PAD
    0x080011b4   0x00000024   Code   RO            8    i.HAL_TIM_Base_MspInit  stm32f1xx_hal_msp.o
    0x080011d8   0x00000018   Code   RO         1312    i.HAL_TIM_Base_Start_IT  stm32f1xx_hal_tim.o
    0x080011f0   0x000000f0   Code   RO         1316    i.HAL_TIM_ConfigClockSource  stm32f1xx_hal_tim.o
    0x080012e0   0x00000002   Code   RO         1336    i.HAL_TIM_IC_CaptureCallback  stm32f1xx_hal_tim.o
    0x080012e2   0x00000166   Code   RO         1349    i.HAL_TIM_IRQHandler  stm32f1xx_hal_tim.o
    0x08001448   0x00000002   Code   RO         1352    i.HAL_TIM_OC_DelayElapsedCallback  stm32f1xx_hal_tim.o
    0x0800144a   0x00000002   Code   RO         1379    i.HAL_TIM_PWM_PulseFinishedCallback  stm32f1xx_hal_tim.o
    0x0800144c   0x00000020   Code   RO         2896    i.HAL_TIM_PeriodElapsedCallback  gizwits_product.o
    0x0800146c   0x00000002   Code   RO         1390    i.HAL_TIM_TriggerCallback  stm32f1xx_hal_tim.o
    0x0800146e   0x00000002   Code   RO         2199    i.HAL_UART_ErrorCallback  stm32f1xx_hal_uart.o
    0x08001470   0x00000110   Code   RO         2202    i.HAL_UART_IRQHandler  stm32f1xx_hal_uart.o
    0x08001580   0x00000062   Code   RO         2203    i.HAL_UART_Init     stm32f1xx_hal_uart.o
    0x080015e2   0x00000002   PAD
    0x080015e4   0x00000084   Code   RO           10    i.HAL_UART_MspInit  stm32f1xx_hal_msp.o
    0x08001668   0x00000052   Code   RO         2208    i.HAL_UART_Receive_IT  stm32f1xx_hal_uart.o
    0x080016ba   0x00000002   PAD
    0x080016bc   0x00000030   Code   RO         2897    i.HAL_UART_RxCpltCallback  gizwits_product.o
    0x080016ec   0x000000ba   Code   RO         2211    i.HAL_UART_Transmit  stm32f1xx_hal_uart.o
    0x080017a6   0x0000003e   Code   RO         2213    i.HAL_UART_Transmit_IT  stm32f1xx_hal_uart.o
    0x080017e4   0x00000002   Code   RO         2214    i.HAL_UART_TxCpltCallback  stm32f1xx_hal_uart.o
    0x080017e6   0x00000002   Code   RO          322    i.HardFault_Handler  stm32f1xx_it.o
    0x080017e8   0x0000006c   Code   RO          151    i.MX_GPIO_Init      main.o
    0x08001854   0x00000044   Code   RO          152    i.MX_SPI2_Init      main.o
    0x08001898   0x00000054   Code   RO          153    i.MX_TIM2_Init      main.o
    0x080018ec   0x00000034   Code   RO          154    i.MX_USART1_UART_Init  main.o
    0x08001920   0x00000034   Code   RO          155    i.MX_USART2_UART_Init  main.o
    0x08001954   0x00000002   Code   RO          323    i.MemManage_Handler  stm32f1xx_it.o
    0x08001956   0x00000002   Code   RO          324    i.NMI_Handler       stm32f1xx_it.o
    0x08001958   0x00000080   Code   RO         3267    i.NRF24L01_Init     hal_nrf24l01.o
    0x080019d8   0x00000050   Code   RO         3268    i.NRF24L01_RX_Mode  hal_nrf24l01.o
    0x08001a28   0x0000003c   Code   RO         3269    i.NRF24L01_Read_Buf  hal_nrf24l01.o
    0x08001a64   0x0000001c   Code   RO         3270    i.NRF24L01_Read_Reg  hal_nrf24l01.o
    0x08001a80   0x00000032   Code   RO         3271    i.NRF24L01_RxPacket  hal_nrf24l01.o
    0x08001ab2   0x00000002   PAD
    0x08001ab4   0x0000005c   Code   RO         3272    i.NRF24L01_TX_Mode  hal_nrf24l01.o
    0x08001b10   0x00000054   Code   RO         3273    i.NRF24L01_TxPacket  hal_nrf24l01.o
    0x08001b64   0x0000003c   Code   RO         3274    i.NRF24L01_Write_Buf  hal_nrf24l01.o
    0x08001ba0   0x00000024   Code   RO         3275    i.NRF24L01_Write_Reg  hal_nrf24l01.o
    0x08001bc4   0x00000020   Code   RO         1951    i.NVIC_SetPriority  stm32f1xx_hal_cortex.o
    0x08001be4   0x00000002   Code   RO          325    i.PendSV_Handler    stm32f1xx_it.o
    0x08001be6   0x00000002   PAD
    0x08001be8   0x0000002c   Code   RO         3276    i.SPI2_ReadWriteByte  hal_nrf24l01.o
    0x08001c14   0x00000020   Code   RO         2539    i.SPI_CheckFlag_BSY  stm32f1xx_hal_spi.o
    0x08001c34   0x00000094   Code   RO         2558    i.SPI_WaitFlagStateUntilTimeout  stm32f1xx_hal_spi.o
    0x08001cc8   0x00000002   Code   RO          326    i.SVC_Handler       stm32f1xx_it.o
    0x08001cca   0x0000000e   Code   RO          327    i.SysTick_Handler   stm32f1xx_it.o
    0x08001cd8   0x00000068   Code   RO          156    i.SystemClock_Config  main.o
    0x08001d40   0x00000048   Code   RO         2859    i.SystemInit        system_stm32f1xx.o
    0x08001d88   0x0000000c   Code   RO          328    i.TIM2_IRQHandler   stm32f1xx_it.o
    0x08001d94   0x0000006c   Code   RO         1391    i.TIM_Base_SetConfig  stm32f1xx_hal_tim.o
    0x08001e00   0x00000014   Code   RO         1398    i.TIM_ETR_SetConfig  stm32f1xx_hal_tim.o
    0x08001e14   0x00000010   Code   RO         1399    i.TIM_ITRx_SetConfig  stm32f1xx_hal_tim.o
    0x08001e24   0x00000022   Code   RO         1405    i.TIM_TI1_ConfigInputStage  stm32f1xx_hal_tim.o
    0x08001e46   0x00000024   Code   RO         1407    i.TIM_TI2_ConfigInputStage  stm32f1xx_hal_tim.o
    0x08001e6a   0x00000010   Code   RO         2216    i.UART_DMAAbortOnError  stm32f1xx_hal_uart.o
    0x08001e7a   0x0000001c   Code   RO         2226    i.UART_EndRxTransfer  stm32f1xx_hal_uart.o
    0x08001e96   0x00000096   Code   RO         2228    i.UART_Receive_IT   stm32f1xx_hal_uart.o
    0x08001f2c   0x00000170   Code   RO         2229    i.UART_SetConfig    stm32f1xx_hal_uart.o
    0x0800209c   0x00000062   Code   RO         2230    i.UART_Transmit_IT  stm32f1xx_hal_uart.o
    0x080020fe   0x00000064   Code   RO         2231    i.UART_WaitOnFlagUntilTimeout  stm32f1xx_hal_uart.o
    0x08002162   0x00000002   PAD
    0x08002164   0x0000000c   Code   RO          329    i.USART2_IRQHandler  stm32f1xx_it.o
    0x08002170   0x00000002   Code   RO          330    i.UsageFault_Handler  stm32f1xx_it.o
    0x08002172   0x00000002   PAD
    0x08002174   0x00000020   Code   RO         3791    i.__0printf$8       mc_w.l(printf8.o)
    0x08002194   0x0000000e   Code   RO         3897    i.__scatterload_copy  mc_w.l(handlers.o)
    0x080021a2   0x00000002   Code   RO         3898    i.__scatterload_null  mc_w.l(handlers.o)
    0x080021a4   0x0000000e   Code   RO         3899    i.__scatterload_zeroinit  mc_w.l(handlers.o)
    0x080021b2   0x00000002   PAD
    0x080021b4   0x00000408   Code   RO         3798    i._printf_core      mc_w.l(printf8.o)
    0x080025bc   0x00000026   Code   RO         3799    i._printf_post_padding  mc_w.l(printf8.o)
    0x080025e2   0x00000030   Code   RO         3800    i._printf_pre_padding  mc_w.l(printf8.o)
    0x08002612   0x00000012   Code   RO         3392    i.exchangeBytes     common.o
    0x08002624   0x00000004   Code   RO         3393    i.exchangeWord      common.o
    0x08002628   0x00000018   Code   RO         2898    i.fputc             gizwits_product.o
    0x08002640   0x00000058   Code   RO         3159    i.getKey            hal_key.o
    0x08002698   0x0000001e   Code   RO         3456    i.gizAcrossByteJudge  datapointtools.o
    0x080026b6   0x00000024   Code   RO         3457    i.gizByteOrderExchange  datapointtools.o
    0x080026da   0x00000002   PAD
    0x080026dc   0x000004c4   Code   RO         2998    i.gizCheckReport    gizwits_protocol.o
    0x08002ba0   0x000003cc   Code   RO         2999    i.gizDataPoint2Event  gizwits_protocol.o
    0x08002f6c   0x00000250   Code   RO         3000    i.gizDataPoints2ReportData  gizwits_protocol.o
    0x080031bc   0x000000c0   Code   RO         3001    i.gizDevReportPolicy  gizwits_protocol.o
    0x0800327c   0x0000000c   Code   RO         2899    i.gizGetTimerCount  gizwits_product.o
    0x08003288   0x0000007c   Code   RO         3002    i.gizProtocolAckHandle  gizwits_protocol.o
    0x08003304   0x00000098   Code   RO         3003    i.gizProtocolCommonAck  gizwits_protocol.o
    0x0800339c   0x000000a0   Code   RO         3004    i.gizProtocolErrorCmd  gizwits_protocol.o
    0x0800343c   0x00000178   Code   RO         3005    i.gizProtocolGetDeviceInfo  gizwits_protocol.o
    0x080035b4   0x00000160   Code   RO         3006    i.gizProtocolGetOnePacket  gizwits_protocol.o
    0x08003714   0x00000024   Code   RO         3007    i.gizProtocolHeadInit  gizwits_protocol.o
    0x08003738   0x00000120   Code   RO         3008    i.gizProtocolIssuedDataAck  gizwits_protocol.o
    0x08003858   0x000000f8   Code   RO         3009    i.gizProtocolIssuedProcess  gizwits_protocol.o
    0x08003950   0x000003f8   Code   RO         3010    i.gizProtocolModuleStatus  gizwits_protocol.o
    0x08003d48   0x00000070   Code   RO         3011    i.gizProtocolNTP    gizwits_protocol.o
    0x08003db8   0x00000074   Code   RO         3012    i.gizProtocolResendData  gizwits_protocol.o
    0x08003e2c   0x00000024   Code   RO         3394    i.gizProtocolSum    common.o
    0x08003e50   0x0000005c   Code   RO         3013    i.gizProtocolWaitAck  gizwits_protocol.o
    0x08003eac   0x00000048   Code   RO         3014    i.gizProtocolWaitAckCheck  gizwits_protocol.o
    0x08003ef4   0x00000068   Code   RO         3015    i.gizPutData        gizwits_protocol.o
    0x08003f5c   0x000000c4   Code   RO         3016    i.gizReportData     gizwits_protocol.o
    0x08004020   0x00000050   Code   RO         3458    i.gizStandardCompressValue  datapointtools.o
    0x08004070   0x00000082   Code   RO         3459    i.gizStandardDecompressionValue  datapointtools.o
    0x080040f2   0x00000002   PAD
    0x080040f4   0x00000010   Code   RO         2900    i.gizTimerMs        gizwits_product.o
    0x08004104   0x00000006   Code   RO         3462    i.gizX2Y            datapointtools.o
    0x0800410a   0x00000008   Code   RO         3464    i.gizY2X            datapointtools.o
    0x08004112   0x00000002   PAD
    0x08004114   0x00000470   Code   RO         2901    i.gizwitsEventProcess  gizwits_product.o
    0x08004584   0x0000034c   Code   RO         3019    i.gizwitsHandle     gizwits_protocol.o
    0x080048d0   0x00000060   Code   RO         3020    i.gizwitsInit       gizwits_protocol.o
    0x08004930   0x0000010c   Code   RO         3022    i.gizwitsSetMode    gizwits_protocol.o
    0x08004a3c   0x00000034   Code   RO          158    i.key1LongPress     main.o
    0x08004a70   0x00000034   Code   RO          159    i.key1ShortPress    main.o
    0x08004aa4   0x00000038   Code   RO          160    i.key2LongPress     main.o
    0x08004adc   0x00000034   Code   RO          161    i.key2ShortPress    main.o
    0x08004b10   0x0000002c   Code   RO          162    i.key3LongPress     main.o
    0x08004b3c   0x00000050   Code   RO          163    i.key3ShortPress    main.o
    0x08004b8c   0x0000007e   Code   RO         3160    i.keyHandle         hal_key.o
    0x08004c0a   0x00000002   PAD
    0x08004c0c   0x000000a4   Code   RO          166    i.keyInit           main.o
    0x08004cb0   0x00000040   Code   RO         3161    i.keyInitOne        hal_key.o
    0x08004cf0   0x00000018   Code   RO         3162    i.keyParaInit       hal_key.o
    0x08004d08   0x00000044   Code   RO         3219    i.ledGpioInit       hal_led.o
    0x08004d4c   0x00000014   Code   RO         3220    i.led_off           hal_led.o
    0x08004d60   0x00000018   Code   RO         3221    i.led_on            hal_led.o
    0x08004d78   0x0000009c   Code   RO          167    i.main              main.o
    0x08004e14   0x0000000a   Code   RO         2902    i.mcuRestart        gizwits_product.o
    0x08004e1e   0x00000032   Code   RO         3522    i.rbCanRead         ringbuffer.o
    0x08004e50   0x0000001c   Code   RO         3523    i.rbCanWrite        ringbuffer.o
    0x08004e6c   0x0000000c   Code   RO         3524    i.rbCapacity        ringbuffer.o
    0x08004e78   0x00000012   Code   RO         3525    i.rbCreate          ringbuffer.o
    0x08004e8a   0x0000007e   Code   RO         3527    i.rbRead            ringbuffer.o
    0x08004f08   0x0000008e   Code   RO         3528    i.rbWrite           ringbuffer.o
    0x08004f96   0x00000002   PAD
    0x08004f98   0x00000088   Code   RO         3163    i.readKeyValue      hal_key.o
    0x08005020   0x00000044   Code   RO         3357    i.relayGpioInit     hal_relay.o
    0x08005064   0x00000014   Code   RO         3358    i.relay_off         hal_relay.o
    0x08005078   0x00000014   Code   RO         3359    i.relay_on          hal_relay.o
    0x0800508c   0x0000001c   Code   RO          168    i.rx_data_pro       main.o
    0x080050a8   0x00000070   Code   RO          169    i.subset_data_change_check  main.o
    0x08005118   0x0000000c   Code   RO         2903    i.timerInit         gizwits_product.o
    0x08005124   0x00000014   Code   RO         2904    i.uartInit          gizwits_product.o
    0x08005138   0x000000b8   Code   RO         2905    i.uartWrite         gizwits_product.o
    0x080051f0   0x00000002   Code   RO         2906    i.userHandle        gizwits_product.o
    0x080051f2   0x00000002   PAD
    0x080051f4   0x0000000c   Code   RO         2907    i.userInit          gizwits_product.o
    0x08005200   0x00000005   Data   RO          172    .constdata          main.o
    0x08005205   0x00000010   Data   RO         2860    .constdata          system_stm32f1xx.o
    0x08005215   0x00000008   Data   RO         2861    .constdata          system_stm32f1xx.o
    0x0800521d   0x00000003   PAD
    0x08005220   0x00000029   Data   RO         3024    .constdata          gizwits_protocol.o
    0x08005249   0x0000000a   Data   RO         3278    .constdata          hal_nrf24l01.o
    0x08005253   0x00000001   PAD
    0x08005254   0x00000020   Data   RO         3895    Region$$Table       anon$$obj.o


    Execution Region RW_IRAM1 (Base: 0x20000000, Size: 0x000023d0, Max: 0x00005000, ABSOLUTE)

    Base Addr    Size         Type   Attr      Idx    E Section Name        Object

    0x20000000   0x00000005   Data   RW          173    .data               main.o
    0x20000005   0x00000003   PAD
    0x20000008   0x00000004   Data   RW          661    .data               stm32f1xx_hal.o
    0x2000000c   0x00000004   Data   RW         2862    .data               system_stm32f1xx.o
    0x20000010   0x00000008   Data   RW         2909    .data               gizwits_product.o
    0x20000018   0x0000000c   Data   RW         3025    .data               gizwits_protocol.o
    0x20000024   0x0000000a   Data   RW         3164    .data               hal_key.o
    0x2000002e   0x00000002   PAD
    0x20000030   0x00000004   Data   RW         3869    .data               mc_w.l(stdout.o)
    0x20000034   0x00000177   Zero   RW          170    .bss                main.o
    0x200001ab   0x00000020   Zero   RW          171    .bss                main.o
    0x200001cb   0x00000020   Zero   RW         2908    .bss                gizwits_product.o
    0x200001eb   0x000001e0   Zero   RW         3023    .bss                gizwits_protocol.o
    0x200003cb   0x00000005   PAD
    0x200003d0   0x00002000   Zero   RW         2848    STACK               startup_stm32f103xb.o


==============================================================================

Image component sizes


      Code (inc. data)   RO Data    RW Data    ZI Data      Debug   Object Name

        58          0          0          0          0       1868   common.o
       290          0          0          0          0       3957   datapointtools.o
      1508        878          0          8         32       9587   gizwits_product.o
      7628       2742         41         12        480      16550   gizwits_protocol.o
       438         20          0         10          0       4441   hal_key.o
       112         22          0          0          0       1649   hal_led.o
       662         54         10          0          0       6319   hal_nrf24l01.o
       108         18          0          0          0       1691   hal_relay.o
      1264        398          5          5        407      20770   main.o
       376          0          0          0          0       3610   ringbuffer.o
        36          8        236          0       8192        724   startup_stm32f103xb.o
       104         22          0          4          0       2911   stm32f1xx_hal.o
       266         34          0          0          0      27328   stm32f1xx_hal_cortex.o
       152          4          0          0          0        987   stm32f1xx_hal_dma.o
       500         36          0          0          0       3544   stm32f1xx_hal_gpio.o
       392         46          0          0          0     438906   stm32f1xx_hal_msp.o
      1312        104          0          0          0       5236   stm32f1xx_hal_rcc.o
      1346          0          0          0          0       4883   stm32f1xx_hal_spi.o
       130          0          0          0          0        983   stm32f1xx_hal_spi_ex.o
       898         14          0          0          0       8567   stm32f1xx_hal_tim.o
        84          0          0          0          0       2178   stm32f1xx_hal_tim_ex.o
      1464         10          0          0          0       8782   stm32f1xx_hal_uart.o
        54         12          0          0          0       4412   stm32f1xx_it.o
        72         16         24          4          0       1087   system_stm32f1xx.o

    ----------------------------------------------------------------------
     19284       4438        352         48       9116     580970   Object Totals
         0          0         32          0          0          0   (incl. Generated)
        30          0          4          5          5          0   (incl. Padding)

    ----------------------------------------------------------------------

      Code (inc. data)   RO Data    RW Data    ZI Data      Debug   Library Member Name

         0          0          0          0          0          0   entry.o
         0          0          0          0          0          0   entry10a.o
         0          0          0          0          0          0   entry11a.o
         8          4          0          0          0          0   entry2.o
         4          0          0          0          0          0   entry5.o
         0          0          0          0          0          0   entry7b.o
         0          0          0          0          0          0   entry8b.o
         8          4          0          0          0          0   entry9a.o
        30          0          0          0          0          0   handlers.o
        36          8          0          0          0         68   init.o
        30          0          0          0          0         68   llshl.o
        32          0          0          0          0         68   llushr.o
        36          0          0          0          0         68   memcpya.o
        36          0          0          0          0        108   memseta.o
      1150         54          0          0          0        352   printf8.o
         0          0          0          4          0          0   stdout.o
        98          0          0          0          0         92   uldiv.o

    ----------------------------------------------------------------------
      1472         70          0          4          0        824   Library Totals
         4          0          0          0          0          0   (incl. Padding)

    ----------------------------------------------------------------------

      Code (inc. data)   RO Data    RW Data    ZI Data      Debug   Library Name

      1468         70          0          4          0        824   mc_w.l

    ----------------------------------------------------------------------
      1472         70          0          4          0        824   Library Totals

    ----------------------------------------------------------------------

==============================================================================


      Code (inc. data)   RO Data    RW Data    ZI Data      Debug   

     20756       4508        352         52       9116     573318   Grand Totals
     20756       4508        352         52       9116     573318   ELF Image Totals
     20756       4508        352         52          0          0   ROM Totals

==============================================================================

    Total RO  Size (Code + RO Data)                21108 (  20.61kB)
    Total RW  Size (RW Data + ZI Data)              9168 (   8.95kB)
    Total ROM Size (Code + RO Data + RW Data)      21160 (  20.66kB)

==============================================================================

