ARM Linker, 5.03 [Build 24] [MDK-ARM Professional]

==============================================================================

Section Cross References

    stm32f1xx_hal_msp.o(i.HAL_MspInit) refers to stm32f1xx_hal_cortex.o(i.HAL_NVIC_SetPriorityGrouping) for HAL_NVIC_SetPriorityGrouping
    stm32f1xx_hal_msp.o(i.HAL_MspInit) refers to stm32f1xx_hal_cortex.o(i.HAL_NVIC_SetPriority) for HAL_NVIC_SetPriority
    stm32f1xx_hal_msp.o(i.HAL_SPI_MspDeInit) refers to stm32f1xx_hal_gpio.o(i.HAL_GPIO_DeInit) for HAL_GPIO_DeInit
    stm32f1xx_hal_msp.o(i.HAL_SPI_MspInit) refers to stm32f1xx_hal_gpio.o(i.HAL_GPIO_Init) for HAL_GPIO_Init
    stm32f1xx_hal_msp.o(i.HAL_TIM_Base_MspDeInit) refers to stm32f1xx_hal_cortex.o(i.HAL_NVIC_DisableIRQ) for HAL_NVIC_DisableIRQ
    stm32f1xx_hal_msp.o(i.HAL_UART_MspDeInit) refers to stm32f1xx_hal_gpio.o(i.HAL_GPIO_DeInit) for HAL_GPIO_DeInit
    stm32f1xx_hal_msp.o(i.HAL_UART_MspDeInit) refers to stm32f1xx_hal_cortex.o(i.HAL_NVIC_DisableIRQ) for HAL_NVIC_DisableIRQ
    stm32f1xx_hal_msp.o(i.HAL_UART_MspInit) refers to stm32f1xx_hal_gpio.o(i.HAL_GPIO_Init) for HAL_GPIO_Init
    main.o(i.MX_GPIO_Init) refers to stm32f1xx_hal_gpio.o(i.HAL_GPIO_Init) for HAL_GPIO_Init
    main.o(i.MX_SPI2_Init) refers to stm32f1xx_hal_spi_ex.o(i.HAL_SPI_Init) for HAL_SPI_Init
    main.o(i.MX_SPI2_Init) refers to main.o(.bss) for .bss
    main.o(i.MX_TIM2_Init) refers to stm32f1xx_hal_tim.o(i.HAL_TIM_Base_Init) for HAL_TIM_Base_Init
    main.o(i.MX_TIM2_Init) refers to stm32f1xx_hal_tim.o(i.HAL_TIM_ConfigClockSource) for HAL_TIM_ConfigClockSource
    main.o(i.MX_TIM2_Init) refers to stm32f1xx_hal_tim_ex.o(i.HAL_TIMEx_MasterConfigSynchronization) for HAL_TIMEx_MasterConfigSynchronization
    main.o(i.MX_TIM2_Init) refers to main.o(.bss) for .bss
    main.o(i.MX_USART1_UART_Init) refers to stm32f1xx_hal_uart.o(i.HAL_UART_Init) for HAL_UART_Init
    main.o(i.MX_USART1_UART_Init) refers to main.o(.bss) for .bss
    main.o(i.MX_USART2_UART_Init) refers to stm32f1xx_hal_uart.o(i.HAL_UART_Init) for HAL_UART_Init
    main.o(i.MX_USART2_UART_Init) refers to main.o(.bss) for .bss
    main.o(i.SystemClock_Config) refers to stm32f1xx_hal_rcc.o(i.HAL_RCC_OscConfig) for HAL_RCC_OscConfig
    main.o(i.SystemClock_Config) refers to stm32f1xx_hal_rcc.o(i.HAL_RCC_ClockConfig) for HAL_RCC_ClockConfig
    main.o(i.SystemClock_Config) refers to stm32f1xx_hal_rcc.o(i.HAL_RCC_GetHCLKFreq) for HAL_RCC_GetHCLKFreq
    main.o(i.SystemClock_Config) refers to stm32f1xx_hal_cortex.o(i.HAL_SYSTICK_Config) for HAL_SYSTICK_Config
    main.o(i.SystemClock_Config) refers to stm32f1xx_hal_cortex.o(i.HAL_SYSTICK_CLKSourceConfig) for HAL_SYSTICK_CLKSourceConfig
    main.o(i.SystemClock_Config) refers to stm32f1xx_hal_cortex.o(i.HAL_NVIC_SetPriority) for HAL_NVIC_SetPriority
    main.o(i.key1LongPress) refers to printf8.o(i.__0printf$8) for __2printf
    main.o(i.key1LongPress) refers to gizwits_protocol.o(i.gizwitsSetMode) for gizwitsSetMode
    main.o(i.key1LongPress) refers to homeassistant_protocol.o(i.gizwitsSetMode) for gizwitsSetMode
    main.o(i.key1ShortPress) refers to printf8.o(i.__0printf$8) for __2printf
    main.o(i.key1ShortPress) refers to gizwits_protocol.o(i.gizwitsSetMode) for gizwitsSetMode
    main.o(i.key1ShortPress) refers to homeassistant_protocol.o(i.gizwitsSetMode) for gizwitsSetMode
    main.o(i.key2LongPress) refers to printf8.o(i.__0printf$8) for __2printf
    main.o(i.key2LongPress) refers to hal_led.o(i.led_on) for led_on
    main.o(i.key2LongPress) refers to gizwits_protocol.o(i.gizwitsSetMode) for gizwitsSetMode
    main.o(i.key2LongPress) refers to homeassistant_protocol.o(i.gizwitsSetMode) for gizwitsSetMode
    main.o(i.key2ShortPress) refers to printf8.o(i.__0printf$8) for __2printf
    main.o(i.key2ShortPress) refers to hal_led.o(i.led_off) for led_off
    main.o(i.key2ShortPress) refers to gizwits_protocol.o(i.gizwitsSetMode) for gizwitsSetMode
    main.o(i.key2ShortPress) refers to homeassistant_protocol.o(i.gizwitsSetMode) for gizwitsSetMode
    main.o(i.key3LongPress) refers to printf8.o(i.__0printf$8) for __2printf
    main.o(i.key3ShortPress) refers to printf8.o(i.__0printf$8) for __2printf
    main.o(i.key3ShortPress) refers to stm32f1xx_hal_gpio.o(i.HAL_GPIO_TogglePin) for HAL_GPIO_TogglePin
    main.o(i.key3ShortPress) refers to stm32f1xx_hal_gpio.o(i.HAL_GPIO_ReadPin) for HAL_GPIO_ReadPin
    main.o(i.key3ShortPress) refers to gizwits_product.o(.bss) for currentDataPoint
    main.o(i.key3ShortPress) refers to homeassistant_product.o(.bss) for currentDataPoint
    main.o(i.key4LongPress) refers to printf8.o(i.__0printf$8) for __2printf
    main.o(i.key4ShortPress) refers to printf8.o(i.__0printf$8) for __2printf
    main.o(i.keyInit) refers to hal_key.o(i.keyInitOne) for keyInitOne
    main.o(i.keyInit) refers to memcpya.o(.text) for __aeabi_memcpy4
    main.o(i.keyInit) refers to hal_key.o(i.keyParaInit) for keyParaInit
[...]
    stm32f1xx_hal_tim.o(i.HAL_TIM_PWM_Init) refers to stm32f1xx_hal_tim.o(i.TIM_Base_SetConfig) for TIM_Base_SetConfig
    stm32f1xx_hal_tim.o(i.HAL_TIM_PWM_Start) refers to stm32f1xx_hal_tim.o(i.TIM_CCxChannelCmd) for TIM_CCxChannelCmd
    stm32f1xx_hal_tim.o(i.HAL_TIM_PWM_Start_DMA) refers to stm32f1xx_hal_dma.o(i.HAL_DMA_Start_IT) for HAL_DMA_Start_IT
    stm32f1xx_hal_tim.o(i.HAL_TIM_PWM_Start_DMA) refers to stm32f1xx_hal_tim.o(i.TIM_CCxChannelCmd) for TIM_CCxChannelCmd
    stm32f1xx_hal_tim.o(i.HAL_TIM_PWM_Start_DMA) refers to stm32f1xx_hal_tim.o(i.TIM_DMADelayPulseCplt) for TIM_DMADelayPulseCplt
    stm32f1xx_hal_tim.o(i.HAL_TIM_PWM_Start_DMA) refers to stm32f1xx_hal_tim.o(i.TIM_DMAError) for TIM_DMAError
    stm32f1xx_hal_tim.o(i.HAL_TIM_PWM_Start_IT) refers to stm32f1xx_hal_tim.o(i.TIM_CCxChannelCmd) for TIM_CCxChannelCmd
    stm32f1xx_hal_tim.o(i.HAL_TIM_PWM_Stop) refers to stm32f1xx_hal_tim.o(i.TIM_CCxChannelCmd) for TIM_CCxChannelCmd
    stm32f1xx_hal_tim.o(i.HAL_TIM_PWM_Stop_DMA) refers to stm32f1xx_hal_tim.o(i.TIM_CCxChannelCmd) for TIM_CCxChannelCmd
    stm32f1xx_hal_tim.o(i.HAL_TIM_PWM_Stop_IT) refers to stm32f1xx_hal_tim.o(i.TIM_CCxChannelCmd) for TIM_CCxChannelCmd
    stm32f1xx_hal_tim.o(i.HAL_TIM_SlaveConfigSynchronization) refers to stm32f1xx_hal_tim.o(i.TIM_SlaveTimer_SetConfig) for TIM_SlaveTimer_SetConfig
    stm32f1xx_hal_tim.o(i.HAL_TIM_SlaveConfigSynchronization_IT) refers to stm32f1xx_hal_tim.o(i.TIM_SlaveTimer_SetConfig) for TIM_SlaveTimer_SetConfig
    stm32f1xx_hal_tim.o(i.TIM_DMACaptureCplt) refers to stm32f1xx_hal_tim.o(i.HAL_TIM_IC_CaptureCallback) for HAL_TIM_IC_CaptureCallback
    stm32f1xx_hal_tim.o(i.TIM_DMADelayPulseCplt) refers to stm32f1xx_hal_tim.o(i.HAL_TIM_PWM_PulseFinishedCallback) for HAL_TIM_PWM_PulseFinishedCallback
    stm32f1xx_hal_tim.o(i.TIM_DMAError) refers to stm32f1xx_hal_tim.o(i.HAL_TIM_ErrorCallback) for HAL_TIM_ErrorCallback
    stm32f1xx_hal_tim.o(i.TIM_DMAPeriodElapsedCplt) refers to gizwits_product.o(i.HAL_TIM_PeriodElapsedCallback) for HAL_TIM_PeriodElapsedCallback
    stm32f1xx_hal_tim.o(i.TIM_DMAPeriodElapsedCplt) refers to homeassistant_product.o(i.HAL_TIM_PeriodElapsedCallback) for HAL_TIM_PeriodElapsedCallback
    stm32f1xx_hal_tim.o(i.TIM_DMATriggerCplt) refers to stm32f1xx_hal_tim.o(i.HAL_TIM_TriggerCallback) for HAL_TIM_TriggerCallback
    stm32f1xx_hal_tim.o(i.TIM_SlaveTimer_SetConfig) refers to stm32f1xx_hal_tim.o(i.TIM_ETR_SetConfig) for TIM_ETR_SetConfig
    stm32f1xx_hal_tim.o(i.TIM_SlaveTimer_SetConfig) refers to stm32f1xx_hal_tim.o(i.TIM_TI1_ConfigInputStage) for TIM_TI1_ConfigInputStage
    stm32f1xx_hal_tim.o(i.TIM_SlaveTimer_SetConfig) refers to stm32f1xx_hal_tim.o(i.TIM_TI2_ConfigInputStage) for TIM_TI2_ConfigInputStage
    stm32f1xx_hal_cortex.o(i.HAL_NVIC_SetPriority) refers to stm32f1xx_hal_cortex.o(i.NVIC_SetPriority) for NVIC_SetPriority
    stm32f1xx_hal_cortex.o(i.HAL_SYSTICK_Config) refers to stm32f1xx_hal_cortex.o(i.NVIC_SetPriority) for NVIC_SetPriority
    stm32f1xx_hal_cortex.o(i.HAL_SYSTICK_IRQHandler) refers to stm32f1xx_hal_cortex.o(i.HAL_SYSTICK_Callback) for HAL_SYSTICK_Callback
    stm32f1xx_hal_pwr.o(i.HAL_PWR_EnterSTOPMode) refers to stm32f1xx_hal_pwr.o(i.PWR_OverloadWfe) for PWR_OverloadWfe
    stm32f1xx_hal_pwr.o(i.HAL_PWR_PVD_IRQHandler) refers to stm32f1xx_hal_pwr.o(i.HAL_PWR_PVDCallback) for HAL_PWR_PVDCallback
    stm32f1xx_hal_uart.o(i.HAL_HalfDuplex_Init) refers to stm32f1xx_hal_msp.o(i.HAL_UART_MspInit) for HAL_UART_MspInit
    stm32f1xx_hal_uart.o(i.HAL_HalfDuplex_Init) refers to stm32f1xx_hal_uart.o(i.UART_SetConfig) for UART_SetConfig
    stm32f1xx_hal_uart.o(i.HAL_LIN_Init) refers to stm32f1xx_hal_msp.o(i.HAL_UART_MspInit) for HAL_UART_MspInit
    stm32f1xx_hal_uart.o(i.HAL_LIN_Init) refers to stm32f1xx_hal_uart.o(i.UART_SetConfig) for UART_SetConfig
    stm32f1xx_hal_uart.o(i.HAL_MultiProcessor_Init) refers to stm32f1xx_hal_msp.o(i.HAL_UART_MspInit) for HAL_UART_MspInit
    stm32f1xx_hal_uart.o(i.HAL_MultiProcessor_Init) refers to stm32f1xx_hal_uart.o(i.UART_SetConfig) for UART_SetConfig
    stm32f1xx_hal_uart.o(i.HAL_UART_Abort) refers to stm32f1xx_hal_dma.o(i.HAL_DMA_Abort) for HAL_DMA_Abort
    stm32f1xx_hal_uart.o(i.HAL_UART_AbortReceive) refers to stm32f1xx_hal_dma.o(i.HAL_DMA_Abort) for HAL_DMA_Abort
    stm32f1xx_hal_uart.o(i.HAL_UART_AbortReceive_IT) refers to stm32f1xx_hal_dma.o(i.HAL_DMA_Abort_IT) for HAL_DMA_Abort_IT
    stm32f1xx_hal_uart.o(i.HAL_UART_AbortReceive_IT) refers to stm32f1xx_hal_uart.o(i.HAL_UART_AbortReceiveCpltCallback) for HAL_UART_AbortReceiveCpltCallback
    stm32f1xx_hal_uart.o(i.HAL_UART_AbortReceive_IT) refers to stm32f1xx_hal_uart.o(i.UART_DMARxOnlyAbortCallback) for UART_DMARxOnlyAbortCallback
    stm32f1xx_hal_uart.o(i.HAL_UART_AbortTransmit) refers to stm32f1xx_hal_dma.o(i.HAL_DMA_Abort) for HAL_DMA_Abort
    stm32f1xx_hal_uart.o(i.HAL_UART_AbortTransmit_IT) refers to stm32f1xx_hal_dma.o(i.HAL_DMA_Abort_IT) for HAL_DMA_Abort_IT
    stm32f1xx_hal_uart.o(i.HAL_UART_AbortTransmit_IT) refers to stm32f1xx_hal_uart.o(i.HAL_UART_AbortTransmitCpltCallback) for HAL_UART_AbortTransmitCpltCallback
    stm32f1xx_hal_uart.o(i.HAL_UART_AbortTransmit_IT) refers to stm32f1xx_hal_uart.o(i.UART_DMATxOnlyAbortCallback) for UART_DMATxOnlyAbortCallback
    stm32f1xx_hal_uart.o(i.HAL_UART_Abort_IT) refers to stm32f1xx_hal_dma.o(i.HAL_DMA_Abort_IT) for HAL_DMA_Abort_IT
    stm32f1xx_hal_uart.o(i.HAL_UART_Abort_IT) refers to stm32f1xx_hal_uart.o(i.HAL_UART_AbortCpltCallback) for HAL_UART_AbortCpltCallback
    stm32f1xx_hal_uart.o(i.HAL_UART_Abort_IT) refers to stm32f1xx_hal_uart.o(i.UART_DMATxAbortCallback) for UART_DMATxAbortCallback
    stm32f1xx_hal_uart.o(i.HAL_UART_Abort_IT) refers to stm32f1xx_hal_uart.o(i.UART_DMARxAbortCallback) for UART_DMARxAbortCallback
    stm32f1xx_hal_uart.o(i.HAL_UART_DMAStop) refers to stm32f1xx_hal_dma.o(i.HAL_DMA_Abort) for HAL_DMA_Abort
    stm32f1xx_hal_uart.o(i.HAL_UART_DMAStop) refers to stm32f1xx_hal_uart.o(i.UART_EndTxTransfer) for UART_EndTxTransfer
    stm32f1xx_hal_uart.o(i.HAL_UART_DMAStop) refers to stm32f1xx_hal_uart.o(i.UART_EndRxTransfer) for UART_EndRxTransfer
    stm32f1xx_hal_uart.o(i.HAL_UART_DeInit) refers to stm32f1xx_hal_msp.o(i.HAL_UART_MspDeInit) for HAL_UART_MspDeInit
    stm32f1xx_hal_uart.o(i.HAL_UART_IRQHandler) refers to stm32f1xx_hal_uart.o(i.UART_Receive_IT) for UART_Receive_IT
    stm32f1xx_hal_uart.o(i.HAL_UART_IRQHandler) refers to stm32f1xx_hal_uart.o(i.UART_EndRxTransfer) for UART_EndRxTransfer
    stm32f1xx_hal_uart.o(i.HAL_UART_IRQHandler) refers to stm32f1xx_hal_dma.o(i.HAL_DMA_Abort_IT) for HAL_DMA_Abort_IT
    stm32f1xx_hal_uart.o(i.HAL_UART_IRQHandler) refers to stm32f1xx_hal_uart.o(i.HAL_UART_ErrorCallback) for HAL_UART_ErrorCallback
    stm32f1xx_hal_uart.o(i.HAL_UART_IRQHandler) refers to stm32f1xx_hal_uart.o(i.UART_Transmit_IT) for UART_Transmit_IT
    stm32f1xx_hal_uart.o(i.HAL_UART_IRQHandler) refers to stm32f1xx_hal_uart.o(i.HAL_UART_TxCpltCallback) for HAL_UART_TxCpltCallback
    stm32f1xx_hal_uart.o(i.HAL_UART_IRQHandler) refers to stm32f1xx_hal_uart.o(i.UART_DMAAbortOnError) for UART_DMAAbortOnError
    stm32f1xx_hal_uart.o(i.HAL_UART_Init) refers to stm32f1xx_hal_msp.o(i.HAL_UART_MspInit) for HAL_UART_MspInit
    stm32f1xx_hal_uart.o(i.HAL_UART_Init) refers to stm32f1xx_hal_uart.o(i.UART_SetConfig) for UART_SetConfig
    stm32f1xx_hal_uart.o(i.HAL_UART_Receive) refers to stm32f1xx_hal.o(i.HAL_GetTick) for HAL_GetTick
    stm32f1xx_hal_uart.o(i.HAL_UART_Receive) refers to stm32f1xx_hal_uart.o(i.UART_WaitOnFlagUntilTimeout) for UART_WaitOnFlagUntilTimeout
    stm32f1xx_hal_uart.o(i.HAL_UART_Receive_DMA) refers to stm32f1xx_hal_dma.o(i.HAL_DMA_Start_IT) for HAL_DMA_Start_IT
    stm32f1xx_hal_uart.o(i.HAL_UART_Receive_DMA) refers to stm32f1xx_hal_uart.o(i.UART_DMAReceiveCplt) for UART_DMAReceiveCplt
    stm32f1xx_hal_uart.o(i.HAL_UART_Receive_DMA) refers to stm32f1xx_hal_uart.o(i.UART_DMARxHalfCplt) for UART_DMARxHalfCplt
    stm32f1xx_hal_uart.o(i.HAL_UART_Receive_DMA) refers to stm32f1xx_hal_uart.o(i.UART_DMAError) for UART_DMAError
    stm32f1xx_hal_uart.o(i.HAL_UART_Transmit) refers to stm32f1xx_hal.o(i.HAL_GetTick) for HAL_GetTick
    stm32f1xx_hal_uart.o(i.HAL_UART_Transmit) refers to stm32f1xx_hal_uart.o(i.UART_WaitOnFlagUntilTimeout) for UART_WaitOnFlagUntilTimeout
    stm32f1xx_hal_uart.o(i.HAL_UART_Transmit_DMA) refers to stm32f1xx_hal_dma.o(i.HAL_DMA_Start_IT) for HAL_DMA_Start_IT
    stm32f1xx_hal_uart.o(i.HAL_UART_Transmit_DMA) refers to stm32f1xx_hal_uart.o(i.UART_DMATransmitCplt) for UART_DMATransmitCplt
    stm32f1xx_hal_uart.o(i.HAL_UART_Transmit_DMA) refers to stm32f1xx_hal_uart.o(i.UART_DMATxHalfCplt) for UART_DMATxHalfCplt
    stm32f1xx_hal_uart.o(i.HAL_UART_Transmit_DMA) refers to stm32f1xx_hal_uart.o(i.UART_DMAError) for UART_DMAError
    stm32f1xx_hal_uart.o(i.UART_DMAAbortOnError) refers to stm32f1xx_hal_uart.o(i.HAL_UART_ErrorCallback) for HAL_UART_ErrorCallback
    stm32f1xx_hal_uart.o(i.UART_DMAError) refers to stm32f1xx_hal_uart.o(i.UART_EndTxTransfer) for UART_EndTxTransfer
    stm32f1xx_hal_uart.o(i.UART_DMAError) refers to stm32f1xx_hal_uart.o(i.UART_EndRxTransfer) for UART_EndRxTransfer
    stm32f1xx_hal_uart.o(i.UART_DMAError) refers to stm32f1xx_hal_uart.o(i.HAL_UART_ErrorCallback) for HAL_UART_ErrorCallback
    stm32f1xx_hal_uart.o(i.UART_DMAReceiveCplt) refers to gizwits_product.o(i.HAL_UART_RxCpltCallback) for HAL_UART_RxCpltCallback
    stm32f1xx_hal_uart.o(i.UART_DMAReceiveCplt) refers to homeassistant_product.o(i.HAL_UART_RxCpltCallback) for HAL_UART_RxCpltCallback
    stm32f1xx_hal_uart.o(i.UART_DMARxAbortCallback) refers to stm32f1xx_hal_uart.o(i.HAL_UART_AbortCpltCallback) for HAL_UART_AbortCpltCallback
    stm32f1xx_hal_uart.o(i.UART_DMARxHalfCplt) refers to stm32f1xx_hal_uart.o(i.HAL_UART_RxHalfCpltCallback) for HAL_UART_RxHalfCpltCallback
    stm32f1xx_hal_uart.o(i.UART_DMARxOnlyAbortCallback) refers to stm32f1xx_hal_uart.o(i.HAL_UART_AbortReceiveCpltCallback) for HAL_UART_AbortReceiveCpltCallback
    stm32f1xx_hal_uart.o(i.UART_DMATransmitCplt) refers to stm32f1xx_hal_uart.o(i.HAL_UART_TxCpltCallback) for HAL_UART_TxCpltCallback
    stm32f1xx_hal_uart.o(i.UART_DMATxAbortCallback) refers to stm32f1xx_hal_uart.o(i.HAL_UART_AbortCpltCallback) for HAL_UART_AbortCpltCallback
    stm32f1xx_hal_uart.o(i.UART_DMATxHalfCplt) refers to stm32f1xx_hal_uart.o(i.HAL_UART_TxHalfCpltCallback) for HAL_UART_TxHalfCpltCallback
    stm32f1xx_hal_uart.o(i.UART_DMATxOnlyAbortCallback) refers to stm32f1xx_hal_uart.o(i.HAL_UART_AbortTransmitCpltCallback) for HAL_UART_AbortTransmitCpltCallback
    stm32f1xx_hal_uart.o(i.UART_Receive_IT) refers to gizwits_product.o(i.HAL_UART_RxCpltCallback) for HAL_UART_RxCpltCallback
    stm32f1xx_hal_uart.o(i.UART_Receive_IT) refers to homeassistant_product.o(i.HAL_UART_RxCpltCallback) for HAL_UART_RxCpltCallback
    stm32f1xx_hal_uart.o(i.UART_SetConfig) refers to stm32f1xx_hal_rcc.o(i.HAL_RCC_GetPCLK2Freq) for HAL_RCC_GetPCLK2Freq
    stm32f1xx_hal_uart.o(i.UART_SetConfig) refers to stm32f1xx_hal_rcc.o(i.HAL_RCC_GetPCLK1Freq) for HAL_RCC_GetPCLK1Freq
    stm32f1xx_hal_uart.o(i.UART_WaitOnFlagUntilTimeout) refers to stm32f1xx_hal.o(i.HAL_GetTick) for HAL_GetTick
    stm32f1xx_hal_spi.o(i.HAL_SPI_Abort) refers to stm32f1xx_hal_dma.o(i.HAL_DMA_Abort) for HAL_DMA_Abort
    stm32f1xx_hal_spi.o(i.HAL_SPI_Abort) refers to system_stm32f1xx.o(.data) for SystemCoreClock
    stm32f1xx_hal_spi.o(i.HAL_SPI_Abort) refers to stm32f1xx_hal_spi.o(i.SPI_AbortTx_ISR) for SPI_AbortTx_ISR
    stm32f1xx_hal_spi.o(i.HAL_SPI_Abort) refers to stm32f1xx_hal_spi.o(i.SPI_AbortRx_ISR) for SPI_AbortRx_ISR
    stm32f1xx_hal_spi.o(i.HAL_SPI_Abort_IT) refers to stm32f1xx_hal_dma.o(i.HAL_DMA_Abort_IT) for HAL_DMA_Abort_IT
    stm32f1xx_hal_spi.o(i.HAL_SPI_Abort_IT) refers to stm32f1xx_hal_spi.o(i.HAL_SPI_AbortCpltCallback) for HAL_SPI_AbortCpltCallback
    stm32f1xx_hal_spi.o(i.HAL_SPI_Abort_IT) refers to stm32f1xx_hal_spi.o(i.SPI_AbortTx_ISR) for SPI_AbortTx_ISR
    stm32f1xx_hal_spi.o(i.HAL_SPI_Abort_IT) refers to stm32f1xx_hal_spi.o(i.SPI_AbortRx_ISR) for SPI_AbortRx_ISR
    stm32f1xx_hal_spi.o(i.HAL_SPI_Abort_IT) refers to stm32f1xx_hal_spi.o(i.SPI_DMATxAbortCallback) for SPI_DMATxAbortCallback
    stm32f1xx_hal_spi.o(i.HAL_SPI_Abort_IT) refers to stm32f1xx_hal_spi.o(i.SPI_DMARxAbortCallback) for SPI_DMARxAbortCallback
    stm32f1xx_hal_spi.o(i.HAL_SPI_DMAStop) refers to stm32f1xx_hal_dma.o(i.HAL_DMA_Abort) for HAL_DMA_Abort
    stm32f1xx_hal_spi.o(i.HAL_SPI_DeInit) refers to stm32f1xx_hal_msp.o(i.HAL_SPI_MspDeInit) for HAL_SPI_MspDeInit
    stm32f1xx_hal_spi.o(i.HAL_SPI_IRQHandler) refers to stm32f1xx_hal_dma.o(i.HAL_DMA_Abort_IT) for HAL_DMA_Abort_IT
    stm32f1xx_hal_spi.o(i.HAL_SPI_IRQHandler) refers to stm32f1xx_hal_spi.o(i.HAL_SPI_ErrorCallback) for HAL_SPI_ErrorCallback
    stm32f1xx_hal_spi.o(i.HAL_SPI_IRQHandler) refers to stm32f1xx_hal_spi.o(i.SPI_DMAAbortOnError) for SPI_DMAAbortOnError
    stm32f1xx_hal_spi.o(i.HAL_SPI_Init) refers to stm32f1xx_hal_msp.o(i.HAL_SPI_MspInit) for HAL_SPI_MspInit
    stm32f1xx_hal_spi.o(i.HAL_SPI_Receive) refers to stm32f1xx_hal.o(i.HAL_GetTick) for HAL_GetTick
    stm32f1xx_hal_spi.o(i.HAL_SPI_Receive) refers to stm32f1xx_hal_spi.o(i.HAL_SPI_TransmitReceive) for HAL_SPI_TransmitReceive
    stm32f1xx_hal_spi.o(i.HAL_SPI_Receive_DMA) refers to stm32f1xx_hal_spi.o(i.HAL_SPI_TransmitReceive_DMA) for HAL_SPI_TransmitReceive_DMA
    stm32f1xx_hal_spi.o(i.HAL_SPI_Receive_DMA) refers to stm32f1xx_hal_dma.o(i.HAL_DMA_Start_IT) for HAL_DMA_Start_IT
    stm32f1xx_hal_spi.o(i.HAL_SPI_Receive_DMA) refers to stm32f1xx_hal_spi.o(i.SPI_DMAHalfReceiveCplt) for SPI_DMAHalfReceiveCplt
    stm32f1xx_hal_spi.o(i.HAL_SPI_Receive_DMA) refers to stm32f1xx_hal_spi.o(i.SPI_DMAReceiveCplt) for SPI_DMAReceiveCplt
    stm32f1xx_hal_spi.o(i.HAL_SPI_Receive_DMA) refers to stm32f1xx_hal_spi.o(i.SPI_DMAError) for SPI_DMAError
    stm32f1xx_hal_spi.o(i.HAL_SPI_Receive_IT) refers to stm32f1xx_hal_spi.o(i.HAL_SPI_TransmitReceive_IT) for HAL_SPI_TransmitReceive_IT
    stm32f1xx_hal_spi.o(i.HAL_SPI_Receive_IT) refers to stm32f1xx_hal_spi.o(i.SPI_RxISR_16BIT) for SPI_RxISR_16BIT
    stm32f1xx_hal_spi.o(i.HAL_SPI_Receive_IT) refers to stm32f1xx_hal_spi.o(i.SPI_RxISR_8BIT) for SPI_RxISR_8BIT
    stm32f1xx_hal_spi.o(i.HAL_SPI_Transmit) refers to stm32f1xx_hal.o(i.HAL_GetTick) for HAL_GetTick
    stm32f1xx_hal_spi.o(i.HAL_SPI_Transmit) refers to stm32f1xx_hal_spi.o(i.SPI_WaitFlagStateUntilTimeout) for SPI_WaitFlagStateUntilTimeout
    stm32f1xx_hal_spi.o(i.HAL_SPI_Transmit) refers to stm32f1xx_hal_spi.o(i.SPI_CheckFlag_BSY) for SPI_CheckFlag_BSY
    stm32f1xx_hal_spi.o(i.HAL_SPI_TransmitReceive) refers to stm32f1xx_hal.o(i.HAL_GetTick) for HAL_GetTick
    stm32f1xx_hal_spi.o(i.HAL_SPI_TransmitReceive) refers to stm32f1xx_hal_spi.o(i.SPI_WaitFlagStateUntilTimeout) for SPI_WaitFlagStateUntilTimeout
    stm32f1xx_hal_spi.o(i.HAL_SPI_TransmitReceive) refers to stm32f1xx_hal_spi.o(i.SPI_CheckFlag_BSY) for SPI_CheckFlag_BSY
    stm32f1xx_hal_spi.o(i.HAL_SPI_TransmitReceive_DMA) refers to stm32f1xx_hal_dma.o(i.HAL_DMA_Start_IT) for HAL_DMA_Start_IT
    stm32f1xx_hal_spi.o(i.HAL_SPI_TransmitReceive_DMA) refers to stm32f1xx_hal_spi.o(i.SPI_DMAHalfTransmitReceiveCplt) for SPI_DMAHalfTransmitReceiveCplt
    stm32f1xx_hal_spi.o(i.HAL_SPI_TransmitReceive_DMA) refers to stm32f1xx_hal_spi.o(i.SPI_DMATransmitReceiveCplt) for SPI_DMATransmitReceiveCplt
    stm32f1xx_hal_spi.o(i.HAL_SPI_TransmitReceive_DMA) refers to stm32f1xx_hal_spi.o(i.SPI_DMAError) for SPI_DMAError
    stm32f1xx_hal_spi.o(i.HAL_SPI_TransmitReceive_DMA) refers to stm32f1xx_hal_spi.o(i.SPI_DMAHalfReceiveCplt) for SPI_DMAHalfReceiveCplt
    stm32f1xx_hal_spi.o(i.HAL_SPI_TransmitReceive_DMA) refers to stm32f1xx_hal_spi.o(i.SPI_DMAReceiveCplt) for SPI_DMAReceiveCplt
    stm32f1xx_hal_spi.o(i.HAL_SPI_TransmitReceive_IT) refers to stm32f1xx_hal_spi.o(i.SPI_2linesRxISR_16BIT) for SPI_2linesRxISR_16BIT
    stm32f1xx_hal_spi.o(i.HAL_SPI_TransmitReceive_IT) refers to stm32f1xx_hal_spi.o(i.SPI_2linesTxISR_16BIT) for SPI_2linesTxISR_16BIT
    stm32f1xx_hal_spi.o(i.HAL_SPI_TransmitReceive_IT) refers to stm32f1xx_hal_spi.o(i.SPI_2linesRxISR_8BIT) for SPI_2linesRxISR_8BIT
    stm32f1xx_hal_spi.o(i.HAL_SPI_TransmitReceive_IT) refers to stm32f1xx_hal_spi.o(i.SPI_2linesTxISR_8BIT) for SPI_2linesTxISR_8BIT
    stm32f1xx_hal_spi.o(i.HAL_SPI_Transmit_DMA) refers to stm32f1xx_hal_dma.o(i.HAL_DMA_Start_IT) for HAL_DMA_Start_IT
    stm32f1xx_hal_spi.o(i.HAL_SPI_Transmit_DMA) refers to stm32f1xx_hal_spi.o(i.SPI_DMAHalfTransmitCplt) for SPI_DMAHalfTransmitCplt
    stm32f1xx_hal_spi.o(i.HAL_SPI_Transmit_DMA) refers to stm32f1xx_hal_spi.o(i.SPI_DMATransmitCplt) for SPI_DMATransmitCplt
    stm32f1xx_hal_spi.o(i.HAL_SPI_Transmit_DMA) refers to stm32f1xx_hal_spi.o(i.SPI_DMAError) for SPI_DMAError
    stm32f1xx_hal_spi.o(i.HAL_SPI_Transmit_IT) refers to stm32f1xx_hal_spi.o(i.SPI_TxISR_16BIT) for SPI_TxISR_16BIT
    stm32f1xx_hal_spi.o(i.HAL_SPI_Transmit_IT) refers to stm32f1xx_hal_spi.o(i.SPI_TxISR_8BIT) for SPI_TxISR_8BIT
    stm32f1xx_hal_spi.o(i.SPI_2linesRxISR_16BIT) refers to stm32f1xx_hal_spi.o(i.SPI_CloseRxTx_ISR) for SPI_CloseRxTx_ISR
    stm32f1xx_hal_spi.o(i.SPI_2linesRxISR_8BIT) refers to stm32f1xx_hal_spi.o(i.SPI_CloseRxTx_ISR) for SPI_CloseRxTx_ISR
    stm32f1xx_hal_spi.o(i.SPI_2linesTxISR_16BIT) refers to stm32f1xx_hal_spi.o(i.SPI_CloseRxTx_ISR) for SPI_CloseRxTx_ISR
    stm32f1xx_hal_spi.o(i.SPI_2linesTxISR_8BIT) refers to stm32f1xx_hal_spi.o(i.SPI_CloseRxTx_ISR) for SPI_CloseRxTx_ISR
    stm32f1xx_hal_spi.o(i.SPI_AbortRx_ISR) refers to system_stm32f1xx.o(.data) for SystemCoreClock
    stm32f1xx_hal_spi.o(i.SPI_CheckFlag_BSY) refers to stm32f1xx_hal_spi.o(i.SPI_WaitFlagStateUntilTimeout) for SPI_WaitFlagStateUntilTimeout
    stm32f1xx_hal_spi.o(i.SPI_CloseRxTx_ISR) refers to stm32f1xx_hal.o(i.HAL_GetTick) for HAL_GetTick
    stm32f1xx_hal_spi.o(i.SPI_CloseRxTx_ISR) refers to stm32f1xx_hal_spi.o(i.SPI_CheckFlag_BSY) for SPI_CheckFlag_BSY
    stm32f1xx_hal_spi.o(i.SPI_CloseRxTx_ISR) refers to stm32f1xx_hal_spi.o(i.HAL_SPI_ErrorCallback) for HAL_SPI_ErrorCallback
    stm32f1xx_hal_spi.o(i.SPI_CloseRxTx_ISR) refers to stm32f1xx_hal_spi.o(i.HAL_SPI_TxRxCpltCallback) for HAL_SPI_TxRxCpltCallback
    stm32f1xx_hal_spi.o(i.SPI_CloseRxTx_ISR) refers to stm32f1xx_hal_spi.o(i.HAL_SPI_RxCpltCallback) for HAL_SPI_RxCpltCallback
    stm32f1xx_hal_spi.o(i.SPI_CloseRxTx_ISR) refers to system_stm32f1xx.o(.data) for SystemCoreClock
    stm32f1xx_hal_spi.o(i.SPI_CloseRx_ISR) refers to stm32f1xx_hal_spi.o(i.HAL_SPI_ErrorCallback) for HAL_SPI_ErrorCallback
    stm32f1xx_hal_spi.o(i.SPI_CloseRx_ISR) refers to stm32f1xx_hal_spi.o(i.HAL_SPI_RxCpltCallback) for HAL_SPI_RxCpltCallback
    stm32f1xx_hal_spi.o(i.SPI_CloseTx_ISR) refers to stm32f1xx_hal.o(i.HAL_GetTick) for HAL_GetTick
    stm32f1xx_hal_spi.o(i.SPI_CloseTx_ISR) refers to stm32f1xx_hal_spi.o(i.SPI_CheckFlag_BSY) for SPI_CheckFlag_BSY
    stm32f1xx_hal_spi.o(i.SPI_CloseTx_ISR) refers to stm32f1xx_hal_spi.o(i.HAL_SPI_ErrorCallback) for HAL_SPI_ErrorCallback
    stm32f1xx_hal_spi.o(i.SPI_CloseTx_ISR) refers to stm32f1xx_hal_spi.o(i.HAL_SPI_TxCpltCallback) for HAL_SPI_TxCpltCallback
    stm32f1xx_hal_spi.o(i.SPI_CloseTx_ISR) refers to system_stm32f1xx.o(.data) for SystemCoreClock
    stm32f1xx_hal_spi.o(i.SPI_DMAAbortOnError) refers to stm32f1xx_hal_spi.o(i.HAL_SPI_ErrorCallback) for HAL_SPI_ErrorCallback
    stm32f1xx_hal_spi.o(i.SPI_DMAError) refers to stm32f1xx_hal_spi.o(i.HAL_SPI_ErrorCallback) for HAL_SPI_ErrorCallback
    stm32f1xx_hal_spi.o(i.SPI_DMAHalfReceiveCplt) refers to stm32f1xx_hal_spi.o(i.HAL_SPI_RxHalfCpltCallback) for HAL_SPI_RxHalfCpltCallback
    stm32f1xx_hal_spi.o(i.SPI_DMAHalfTransmitCplt) refers to stm32f1xx_hal_spi.o(i.HAL_SPI_TxHalfCpltCallback) for HAL_SPI_TxHalfCpltCallback
    stm32f1xx_hal_spi.o(i.SPI_DMAHalfTransmitReceiveCplt) refers to stm32f1xx_hal_spi.o(i.HAL_SPI_TxRxHalfCpltCallback) for HAL_SPI_TxRxHalfCpltCallback
    stm32f1xx_hal_spi.o(i.SPI_DMAReceiveCplt) refers to stm32f1xx_hal_spi.o(i.HAL_SPI_ErrorCallback) for HAL_SPI_ErrorCallback
    stm32f1xx_hal_spi.o(i.SPI_DMAReceiveCplt) refers to stm32f1xx_hal_spi.o(i.HAL_SPI_RxCpltCallback) for HAL_SPI_RxCpltCallback
    stm32f1xx_hal_spi.o(i.SPI_DMARxAbortCallback) refers to stm32f1xx_hal_spi.o(i.HAL_SPI_AbortCpltCallback) for HAL_SPI_AbortCpltCallback
    stm32f1xx_hal_spi.o(i.SPI_DMATransmitCplt) refers to stm32f1xx_hal.o(i.HAL_GetTick) for HAL_GetTick
    stm32f1xx_hal_spi.o(i.SPI_DMATransmitCplt) refers to stm32f1xx_hal_spi.o(i.SPI_CheckFlag_BSY) for SPI_CheckFlag_BSY
    stm32f1xx_hal_spi.o(i.SPI_DMATransmitCplt) refers to stm32f1xx_hal_spi.o(i.HAL_SPI_ErrorCallback) for HAL_SPI_ErrorCallback
    stm32f1xx_hal_spi.o(i.SPI_DMATransmitCplt) refers to stm32f1xx_hal_spi.o(i.HAL_SPI_TxCpltCallback) for HAL_SPI_TxCpltCallback
    stm32f1xx_hal_spi.o(i.SPI_DMATransmitReceiveCplt) refers to stm32f1xx_hal.o(i.HAL_GetTick) for HAL_GetTick
    stm32f1xx_hal_spi.o(i.SPI_DMATransmitReceiveCplt) refers to stm32f1xx_hal_spi.o(i.SPI_CheckFlag_BSY) for SPI_CheckFlag_BSY
    stm32f1xx_hal_spi.o(i.SPI_DMATransmitReceiveCplt) refers to stm32f1xx_hal_spi.o(i.HAL_SPI_ErrorCallback) for HAL_SPI_ErrorCallback
    stm32f1xx_hal_spi.o(i.SPI_DMATransmitReceiveCplt) refers to stm32f1xx_hal_spi.o(i.HAL_SPI_TxRxCpltCallback) for HAL_SPI_TxRxCpltCallback
    stm32f1xx_hal_spi.o(i.SPI_DMATxAbortCallback) refers to stm32f1xx_hal_spi.o(i.HAL_SPI_AbortCpltCallback) for HAL_SPI_AbortCpltCallback
    stm32f1xx_hal_spi.o(i.SPI_DMATxAbortCallback) refers to system_stm32f1xx.o(.data) for SystemCoreClock
    stm32f1xx_hal_spi.o(i.SPI_RxISR_16BIT) refers to stm32f1xx_hal_spi.o(i.SPI_CloseRx_ISR) for SPI_CloseRx_ISR
    stm32f1xx_hal_spi.o(i.SPI_RxISR_8BIT) refers to stm32f1xx_hal_spi.o(i.SPI_CloseRx_ISR) for SPI_CloseRx_ISR
    stm32f1xx_hal_spi.o(i.SPI_TxISR_16BIT) refers to stm32f1xx_hal_spi.o(i.SPI_CloseTx_ISR) for SPI_CloseTx_ISR
    stm32f1xx_hal_spi.o(i.SPI_TxISR_8BIT) refers to stm32f1xx_hal_spi.o(i.SPI_CloseTx_ISR) for SPI_CloseTx_ISR
    stm32f1xx_hal_spi.o(i.SPI_WaitFlagStateUntilTimeout) refers to stm32f1xx_hal.o(i.HAL_GetTick) for HAL_GetTick
    stm32f1xx_hal_spi_ex.o(i.HAL_SPI_Init) refers to stm32f1xx_hal_msp.o(i.HAL_SPI_MspInit) for HAL_SPI_MspInit
    startup_stm32f103xb.o(RESET) refers to startup_stm32f103xb.o(STACK) for __initial_sp
    startup_stm32f103xb.o(RESET) refers to startup_stm32f103xb.o(.text) for Reset_Handler
    startup_stm32f103xb.o(RESET) refers to stm32f1xx_it.o(i.NMI_Handler) for NMI_Handler
    startup_stm32f103xb.o(RESET) refers to stm32f1xx_it.o(i.HardFault_Handler) for HardFault_Handler
    startup_stm32f103xb.o(RESET) refers to stm32f1xx_it.o(i.MemManage_Handler) for MemManage_Handler
    startup_stm32f103xb.o(RESET) refers to stm32f1xx_it.o(i.BusFault_Handler) for BusFault_Handler
    startup_stm32f103xb.o(RESET) refers to stm32f1xx_it.o(i.UsageFault_Handler) for UsageFault_Handler
    startup_stm32f103xb.o(RESET) refers to stm32f1xx_it.o(i.SVC_Handler) for SVC_Handler
    startup_stm32f103xb.o(RESET) refers to stm32f1xx_it.o(i.DebugMon_Handler) for DebugMon_Handler
    startup_stm32f103xb.o(RESET) refers to stm32f1xx_it.o(i.PendSV_Handler) for PendSV_Handler
    startup_stm32f103xb.o(RESET) refers to stm32f1xx_it.o(i.SysTick_Handler) for SysTick_Handler
    startup_stm32f103xb.o(RESET) refers to stm32f1xx_it.o(i.TIM2_IRQHandler) for TIM2_IRQHandler
    startup_stm32f103xb.o(RESET) refers to stm32f1xx_it.o(i.USART2_IRQHandler) for USART2_IRQHandler
    startup_stm32f103xb.o(.text) refers to system_stm32f1xx.o(i.SystemInit) for SystemInit
    startup_stm32f103xb.o(.text) refers to entry.o(.ARM.Collect$$$$00000000) for __main
    system_stm32f1xx.o(i.SystemCoreClockUpdate) refers to system_stm32f1xx.o(.data) for .data
    system_stm32f1xx.o(i.SystemCoreClockUpdate) refers to system_stm32f1xx.o(.constdata) for .constdata
    gizwits_product.o(i.HAL_TIM_PeriodElapsedCallback) refers to hal_key.o(i.keyHandle) for keyHandle
    gizwits_product.o(i.HAL_TIM_PeriodElapsedCallback) refers to gizwits_product.o(i.gizTimerMs) for gizTimerMs
    gizwits_product.o(i.HAL_TIM_PeriodElapsedCallback) refers to homeassistant_product.o(i.gizTimerMs) for gizTimerMs
    gizwits_product.o(i.HAL_TIM_PeriodElapsedCallback) refers to main.o(.bss) for htim2
    gizwits_product.o(i.HAL_TIM_PeriodElapsedCallback) refers to main.o(.data) for keys
    gizwits_product.o(i.HAL_UART_RxCpltCallback) refers to gizwits_protocol.o(i.gizPutData) for gizPutData
    gizwits_product.o(i.HAL_UART_RxCpltCallback) refers to homeassistant_protocol.o(i.gizPutData) for gizPutData
    gizwits_product.o(i.HAL_UART_RxCpltCallback) refers to stm32f1xx_hal_uart.o(i.HAL_UART_Receive_IT) for HAL_UART_Receive_IT
    gizwits_product.o(i.HAL_UART_RxCpltCallback) refers to gizwits_product.o(.data) for .data
    gizwits_product.o(i.HAL_UART_RxCpltCallback) refers to main.o(.bss) for huart2
    gizwits_product.o(i.fputc) refers to stm32f1xx_hal_uart.o(i.HAL_UART_Transmit) for HAL_UART_Transmit
    gizwits_product.o(i.fputc) refers to main.o(.bss) for huart1
    gizwits_product.o(i.gizGetTimerCount) refers to gizwits_product.o(.data) for .data
    gizwits_product.o(i.gizTimerMs) refers to gizwits_product.o(.data) for .data
    gizwits_product.o(i.gizwitsEventProcess) refers to printf8.o(i.__0printf$8) for __2printf
    gizwits_product.o(i.gizwitsEventProcess) refers to hal_relay.o(i.relay_off) for relay_off
    gizwits_product.o(i.gizwitsEventProcess) refers to hal_relay.o(i.relay_on) for relay_on
    gizwits_product.o(i.gizwitsEventProcess) refers to hal_nrf24l01.o(i.NRF24L01_tx_cmd) for NRF24L01_tx_cmd
    gizwits_product.o(i.gizwitsEventProcess) refers to main.o(.bss) for tx_tmp_buf
    gizwits_product.o(i.gizwitsEventProcess) refers to gizwits_product.o(.bss) for .bss
    gizwits_product.o(i.mcuRestart) refers to stm32f1xx_hal_cortex.o(i.HAL_NVIC_SystemReset) for HAL_NVIC_SystemReset
    gizwits_product.o(i.timerInit) refers to stm32f1xx_hal_tim.o(i.HAL_TIM_Base_Start_IT) for HAL_TIM_Base_Start_IT
    gizwits_product.o(i.timerInit) refers to main.o(.bss) for htim2
    gizwits_product.o(i.uartInit) refers to stm32f1xx_hal_uart.o(i.HAL_UART_Receive_IT) for HAL_UART_Receive_IT
    gizwits_product.o(i.uartInit) refers to gizwits_product.o(.data) for .data
    gizwits_product.o(i.uartInit) refers to main.o(.bss) for huart2
    gizwits_product.o(i.uartWrite) refers to stm32f1xx_hal_uart.o(i.HAL_UART_Transmit_IT) for HAL_UART_Transmit_IT
    gizwits_product.o(i.uartWrite) refers to printf8.o(i.__0printf$8) for __2printf
    gizwits_product.o(i.uartWrite) refers to main.o(.bss) for huart2
    gizwits_product.o(i.uartWrite) refers to gizwits_product.o(.data) for .data
    gizwits_product.o(i.userInit) refers to memseta.o(.text) for __aeabi_memclr
    gizwits_product.o(i.userInit) refers to gizwits_product.o(.bss) for .bss
    gizwits_protocol.o(i.gizCheckReport) refers to printf8.o(i.__0printf$8) for __2printf
    gizwits_protocol.o(i.gizDataPoint2Event) refers to datapointtools.o(i.gizByteOrderExchange) for gizByteOrderExchange
    gizwits_protocol.o(i.gizDataPoint2Event) refers to datapointtools.o(i.gizStandardDecompressionValue) for gizStandardDecompressionValue
    gizwits_protocol.o(i.gizDataPoint2Event) refers to datapointtools.o(i.gizX2Y) for gizX2Y
    gizwits_protocol.o(i.gizDataPoint2Event) refers to printf8.o(i.__0printf$8) for __2printf
    gizwits_protocol.o(i.gizDataPoints2ReportData) refers to datapointtools.o(i.gizStandardCompressValue) for gizStandardCompressValue
    gizwits_protocol.o(i.gizDataPoints2ReportData) refers to printf8.o(i.__0printf$8) for __2printf
    gizwits_protocol.o(i.gizDataPoints2ReportData) refers to datapointtools.o(i.gizByteOrderExchange) for gizByteOrderExchange
    gizwits_protocol.o(i.gizDataPoints2ReportData) refers to datapointtools.o(i.gizY2X) for gizY2X
    gizwits_protocol.o(i.gizDevReportPolicy) refers to gizwits_product.o(i.gizGetTimerCount) for gizGetTimerCount
    gizwits_protocol.o(i.gizDevReportPolicy) refers to homeassistant_product.o(i.gizGetTimerCount) for gizGetTimerCount
    gizwits_protocol.o(i.gizDevReportPolicy) refers to gizwits_protocol.o(i.gizCheckReport) for gizCheckReport
    gizwits_protocol.o(i.gizDevReportPolicy) refers to printf8.o(i.__0printf$8) for __2printf
    gizwits_protocol.o(i.gizDevReportPolicy) refers to gizwits_protocol.o(i.gizDataPoints2ReportData) for gizDataPoints2ReportData
    gizwits_protocol.o(i.gizDevReportPolicy) refers to gizwits_protocol.o(i.gizReportData) for gizReportData
    gizwits_protocol.o(i.gizDevReportPolicy) refers to memcpya.o(.text) for __aeabi_memcpy
    gizwits_protocol.o(i.gizDevReportPolicy) refers to gizwits_protocol.o(.bss) for .bss
    gizwits_protocol.o(i.gizDevReportPolicy) refers to gizwits_protocol.o(.data) for .data
    gizwits_protocol.o(i.gizProtocolAckHandle) refers to gizwits_product.o(i.gizGetTimerCount) for gizGetTimerCount
    gizwits_protocol.o(i.gizProtocolAckHandle) refers to homeassistant_product.o(i.gizGetTimerCount) for gizGetTimerCount
    gizwits_protocol.o(i.gizProtocolAckHandle) refers to printf8.o(i.__0printf$8) for __2printf
    gizwits_protocol.o(i.gizProtocolAckHandle) refers to gizwits_protocol.o(i.gizProtocolResendData) for gizProtocolResendData
    gizwits_protocol.o(i.gizProtocolAckHandle) refers to memseta.o(.text) for __aeabi_memclr
    gizwits_protocol.o(i.gizProtocolAckHandle) refers to gizwits_protocol.o(.bss) for .bss
    gizwits_protocol.o(i.gizProtocolCommonAck) refers to common.o(i.exchangeBytes) for exchangeBytes
    gizwits_protocol.o(i.gizProtocolCommonAck) refers to common.o(i.gizProtocolSum) for gizProtocolSum
    gizwits_protocol.o(i.gizProtocolCommonAck) refers to gizwits_product.o(i.uartWrite) for uartWrite
    gizwits_protocol.o(i.gizProtocolCommonAck) refers to homeassistant_product.o(i.uartWrite) for uartWrite
    gizwits_protocol.o(i.gizProtocolCommonAck) refers to printf8.o(i.__0printf$8) for __2printf
    gizwits_protocol.o(i.gizProtocolErrorCmd) refers to gizwits_protocol.o(i.gizProtocolHeadInit) for gizProtocolHeadInit
    gizwits_protocol.o(i.gizProtocolErrorCmd) refers to common.o(i.exchangeBytes) for exchangeBytes
    gizwits_protocol.o(i.gizProtocolErrorCmd) refers to common.o(i.gizProtocolSum) for gizProtocolSum
    gizwits_protocol.o(i.gizProtocolErrorCmd) refers to gizwits_product.o(i.uartWrite) for uartWrite
    gizwits_protocol.o(i.gizProtocolErrorCmd) refers to homeassistant_product.o(i.uartWrite) for uartWrite
    gizwits_protocol.o(i.gizProtocolErrorCmd) refers to printf8.o(i.__0printf$8) for __2printf
    gizwits_protocol.o(i.gizProtocolGetDeviceInfo) refers to gizwits_protocol.o(i.gizProtocolHeadInit) for gizProtocolHeadInit
    gizwits_protocol.o(i.gizProtocolGetDeviceInfo) refers to memcpya.o(.text) for __aeabi_memcpy4
    gizwits_protocol.o(i.gizProtocolGetDeviceInfo) refers to common.o(i.exchangeBytes) for exchangeBytes
    gizwits_protocol.o(i.gizProtocolGetDeviceInfo) refers to common.o(i.gizProtocolSum) for gizProtocolSum
    gizwits_protocol.o(i.gizProtocolGetDeviceInfo) refers to gizwits_product.o(i.uartWrite) for uartWrite
    gizwits_protocol.o(i.gizProtocolGetDeviceInfo) refers to homeassistant_product.o(i.uartWrite) for uartWrite
    gizwits_protocol.o(i.gizProtocolGetDeviceInfo) refers to printf8.o(i.__0printf$8) for __2printf
    gizwits_protocol.o(i.gizProtocolGetOnePacket) refers to ringbuffer.o(i.rbCanRead) for rbCanRead
    gizwits_protocol.o(i.gizProtocolGetOnePacket) refers to printf8.o(i.__0printf$8) for __2printf
    gizwits_protocol.o(i.gizProtocolGetOnePacket) refers to ringbuffer.o(i.rbRead) for rbRead
    gizwits_protocol.o(i.gizProtocolGetOnePacket) refers to common.o(i.exchangeBytes) for exchangeBytes
    gizwits_protocol.o(i.gizProtocolGetOnePacket) refers to common.o(i.gizProtocolSum) for gizProtocolSum
    gizwits_protocol.o(i.gizProtocolGetOnePacket) refers to memcpya.o(.text) for __aeabi_memcpy
    gizwits_protocol.o(i.gizProtocolGetOnePacket) refers to gizwits_protocol.o(.data) for .data
    gizwits_protocol.o(i.gizProtocolHeadInit) refers to printf8.o(i.__0printf$8) for __2printf
    gizwits_protocol.o(i.gizProtocolHeadInit) refers to gizwits_protocol.o(.constdata) for .constdata
    gizwits_protocol.o(i.gizProtocolIssuedDataAck) refers to printf8.o(i.__0printf$8) for __2printf
    gizwits_protocol.o(i.gizProtocolIssuedDataAck) refers to memcpya.o(.text) for __aeabi_memcpy
    gizwits_protocol.o(i.gizProtocolIssuedDataAck) refers to common.o(i.gizProtocolSum) for gizProtocolSum
    gizwits_protocol.o(i.gizProtocolIssuedDataAck) refers to gizwits_product.o(i.uartWrite) for uartWrite
    gizwits_protocol.o(i.gizProtocolIssuedDataAck) refers to homeassistant_product.o(i.uartWrite) for uartWrite
    gizwits_protocol.o(i.gizProtocolIssuedProcess) refers to printf8.o(i.__0printf$8) for __2printf
    gizwits_protocol.o(i.gizProtocolIssuedProcess) refers to memseta.o(.text) for __aeabi_memclr
    gizwits_protocol.o(i.gizProtocolIssuedProcess) refers to gizwits_protocol.o(i.gizDataPoint2Event) for gizDataPoint2Event
    gizwits_protocol.o(i.gizProtocolIssuedProcess) refers to gizwits_protocol.o(i.gizDataPoints2ReportData) for gizDataPoints2ReportData
    gizwits_protocol.o(i.gizProtocolIssuedProcess) refers to memcpya.o(.text) for __aeabi_memcpy
    gizwits_protocol.o(i.gizProtocolIssuedProcess) refers to gizwits_protocol.o(.bss) for .bss
    gizwits_protocol.o(i.gizProtocolModuleStatus) refers to common.o(i.exchangeBytes) for exchangeBytes
    gizwits_protocol.o(i.gizProtocolModuleStatus) refers to printf8.o(i.__0printf$8) for __2printf
    gizwits_protocol.o(i.gizProtocolModuleStatus) refers to gizwits_protocol.o(.data) for .data
    gizwits_protocol.o(i.gizProtocolModuleStatus) refers to gizwits_protocol.o(.bss) for .bss
    gizwits_protocol.o(i.gizProtocolNTP) refers to common.o(i.exchangeBytes) for exchangeBytes
    gizwits_protocol.o(i.gizProtocolNTP) refers to common.o(i.exchangeWord) for exchangeWord
    gizwits_protocol.o(i.gizProtocolNTP) refers to printf8.o(i.__0printf$8) for __2printf
    gizwits_protocol.o(i.gizProtocolNTP) refers to gizwits_protocol.o(.bss) for .bss
    gizwits_protocol.o(i.gizProtocolResendData) refers to printf8.o(i.__0printf$8) for __2printf
    gizwits_protocol.o(i.gizProtocolResendData) refers to gizwits_product.o(i.uartWrite) for uartWrite
    gizwits_protocol.o(i.gizProtocolResendData) refers to homeassistant_product.o(i.uartWrite) for uartWrite
    gizwits_protocol.o(i.gizProtocolResendData) refers to gizwits_product.o(i.gizGetTimerCount) for gizGetTimerCount
    gizwits_protocol.o(i.gizProtocolResendData) refers to homeassistant_product.o(i.gizGetTimerCount) for gizGetTimerCount
    gizwits_protocol.o(i.gizProtocolResendData) refers to gizwits_protocol.o(.bss) for .bss
    gizwits_protocol.o(i.gizProtocolWaitAck) refers to memseta.o(.text) for __aeabi_memclr
    gizwits_protocol.o(i.gizProtocolWaitAck) refers to memcpya.o(.text) for __aeabi_memcpy
    gizwits_protocol.o(i.gizProtocolWaitAck) refers to gizwits_product.o(i.gizGetTimerCount) for gizGetTimerCount
    gizwits_protocol.o(i.gizProtocolWaitAck) refers to homeassistant_product.o(i.gizGetTimerCount) for gizGetTimerCount
    gizwits_protocol.o(i.gizProtocolWaitAck) refers to printf8.o(i.__0printf$8) for __2printf
    gizwits_protocol.o(i.gizProtocolWaitAck) refers to gizwits_protocol.o(.bss) for .bss
    gizwits_protocol.o(i.gizProtocolWaitAckCheck) refers to memseta.o(.text) for __aeabi_memclr
    gizwits_protocol.o(i.gizProtocolWaitAckCheck) refers to printf8.o(i.__0printf$8) for __2printf
    gizwits_protocol.o(i.gizProtocolWaitAckCheck) refers to gizwits_protocol.o(.bss) for .bss
    gizwits_protocol.o(i.gizPutData) refers to ringbuffer.o(i.rbWrite) for rbWrite
    gizwits_protocol.o(i.gizPutData) refers to printf8.o(i.__0printf$8) for __2printf
    gizwits_protocol.o(i.gizPutData) refers to gizwits_protocol.o(.bss) for .bss
    gizwits_protocol.o(i.gizReportData) refers to gizwits_protocol.o(i.gizProtocolHeadInit) for gizProtocolHeadInit
    gizwits_protocol.o(i.gizReportData) refers to common.o(i.exchangeBytes) for exchangeBytes
    gizwits_protocol.o(i.gizReportData) refers to memcpya.o(.text) for __aeabi_memcpy
    gizwits_protocol.o(i.gizReportData) refers to common.o(i.gizProtocolSum) for gizProtocolSum
    gizwits_protocol.o(i.gizReportData) refers to gizwits_product.o(i.uartWrite) for uartWrite
    gizwits_protocol.o(i.gizReportData) refers to homeassistant_product.o(i.uartWrite) for uartWrite
    gizwits_protocol.o(i.gizReportData) refers to printf8.o(i.__0printf$8) for __2printf
    gizwits_protocol.o(i.gizReportData) refers to gizwits_protocol.o(i.gizProtocolWaitAck) for gizProtocolWaitAck
    gizwits_protocol.o(i.gizReportData) refers to gizwits_protocol.o(.bss) for .bss
    gizwits_protocol.o(i.gizwitsGetModuleInfo) refers to gizwits_protocol.o(i.gizProtocolHeadInit) for gizProtocolHeadInit
    gizwits_protocol.o(i.gizwitsGetModuleInfo) refers to common.o(i.exchangeBytes) for exchangeBytes
    gizwits_protocol.o(i.gizwitsGetModuleInfo) refers to common.o(i.gizProtocolSum) for gizProtocolSum
    gizwits_protocol.o(i.gizwitsGetModuleInfo) refers to gizwits_product.o(i.uartWrite) for uartWrite
    gizwits_protocol.o(i.gizwitsGetModuleInfo) refers to homeassistant_product.o(i.uartWrite) for uartWrite
    gizwits_protocol.o(i.gizwitsGetModuleInfo) refers to printf8.o(i.__0printf$8) for __2printf
    gizwits_protocol.o(i.gizwitsGetModuleInfo) refers to gizwits_protocol.o(i.gizProtocolWaitAck) for gizProtocolWaitAck
    gizwits_protocol.o(i.gizwitsGetModuleInfo) refers to gizwits_protocol.o(.bss) for .bss
    gizwits_protocol.o(i.gizwitsGetNTP) refers to gizwits_protocol.o(i.gizProtocolHeadInit) for gizProtocolHeadInit
    gizwits_protocol.o(i.gizwitsGetNTP) refers to common.o(i.exchangeBytes) for exchangeBytes
    gizwits_protocol.o(i.gizwitsGetNTP) refers to common.o(i.gizProtocolSum) for gizProtocolSum
    gizwits_protocol.o(i.gizwitsGetNTP) refers to gizwits_product.o(i.uartWrite) for uartWrite
    gizwits_protocol.o(i.gizwitsGetNTP) refers to homeassistant_product.o(i.uartWrite) for uartWrite
    gizwits_protocol.o(i.gizwitsGetNTP) refers to printf8.o(i.__0printf$8) for __2printf
    gizwits_protocol.o(i.gizwitsGetNTP) refers to gizwits_protocol.o(i.gizProtocolWaitAck) for gizProtocolWaitAck
    gizwits_protocol.o(i.gizwitsGetNTP) refers to gizwits_protocol.o(.bss) for .bss
    gizwits_protocol.o(i.gizwitsHandle) refers to gizwits_protocol.o(i.gizProtocolAckHandle) for gizProtocolAckHandle
    gizwits_protocol.o(i.gizwitsHandle) refers to gizwits_protocol.o(i.gizProtocolGetOnePacket) for gizProtocolGetOnePacket
    gizwits_protocol.o(i.gizwitsHandle) refers to printf8.o(i.__0printf$8) for __2printf
    gizwits_protocol.o(i.gizwitsHandle) refers to gizwits_product.o(i.gizGetTimerCount) for gizGetTimerCount
    gizwits_protocol.o(i.gizwitsHandle) refers to homeassistant_product.o(i.gizGetTimerCount) for gizGetTimerCount
    gizwits_protocol.o(i.gizwitsHandle) refers to gizwits_protocol.o(i.gizProtocolErrorCmd) for gizProtocolErrorCmd
    gizwits_protocol.o(i.gizwitsHandle) refers to gizwits_protocol.o(i.gizProtocolGetDeviceInfo) for gizProtocolGetDeviceInfo
    gizwits_protocol.o(i.gizwitsHandle) refers to gizwits_protocol.o(i.gizProtocolIssuedProcess) for gizProtocolIssuedProcess
    gizwits_protocol.o(i.gizwitsHandle) refers to gizwits_protocol.o(i.gizProtocolIssuedDataAck) for gizProtocolIssuedDataAck
    gizwits_protocol.o(i.gizwitsHandle) refers to gizwits_protocol.o(i.gizProtocolCommonAck) for gizProtocolCommonAck
    gizwits_protocol.o(i.gizwitsHandle) refers to gizwits_protocol.o(i.gizProtocolModuleStatus) for gizProtocolModuleStatus
    gizwits_protocol.o(i.gizwitsHandle) refers to gizwits_protocol.o(i.gizProtocolWaitAckCheck) for gizProtocolWaitAckCheck
    gizwits_protocol.o(i.gizwitsHandle) refers to gizwits_product.o(i.mcuRestart) for mcuRestart
    gizwits_protocol.o(i.gizwitsHandle) refers to homeassistant_product.o(i.mcuRestart) for mcuRestart
    gizwits_protocol.o(i.gizwitsHandle) refers to gizwits_protocol.o(i.gizProtocolNTP) for gizProtocolNTP
    gizwits_protocol.o(i.gizwitsHandle) refers to memcpya.o(.text) for __aeabi_memcpy
    gizwits_protocol.o(i.gizwitsHandle) refers to gizwits_product.o(i.gizwitsEventProcess) for gizwitsEventProcess
    gizwits_protocol.o(i.gizwitsHandle) refers to homeassistant_product.o(i.gizwitsEventProcess) for gizwitsEventProcess
    gizwits_protocol.o(i.gizwitsHandle) refers to memseta.o(.text) for __aeabi_memclr
    gizwits_protocol.o(i.gizwitsHandle) refers to gizwits_protocol.o(i.gizDevReportPolicy) for gizDevReportPolicy
    gizwits_protocol.o(i.gizwitsHandle) refers to gizwits_protocol.o(.bss) for .bss
    gizwits_protocol.o(i.gizwitsInit) refers to ringbuffer.o(i.rbCreate) for rbCreate
    gizwits_protocol.o(i.gizwitsInit) refers to printf8.o(i.__0printf$8) for __2printf
    gizwits_protocol.o(i.gizwitsInit) refers to memseta.o(.text) for __aeabi_memclr
    gizwits_protocol.o(i.gizwitsInit) refers to gizwits_protocol.o(.bss) for .bss
    gizwits_protocol.o(i.gizwitsPassthroughData) refers to memcpya.o(.text) for __aeabi_memcpy
    gizwits_protocol.o(i.gizwitsPassthroughData) refers to common.o(i.gizProtocolSum) for gizProtocolSum
    gizwits_protocol.o(i.gizwitsPassthroughData) refers to gizwits_product.o(i.uartWrite) for uartWrite
    gizwits_protocol.o(i.gizwitsPassthroughData) refers to homeassistant_product.o(i.uartWrite) for uartWrite
    gizwits_protocol.o(i.gizwitsPassthroughData) refers to printf8.o(i.__0printf$8) for __2printf
    gizwits_protocol.o(i.gizwitsPassthroughData) refers to gizwits_protocol.o(i.gizProtocolWaitAck) for gizProtocolWaitAck
    gizwits_protocol.o(i.gizwitsPassthroughData) refers to gizwits_protocol.o(.bss) for .bss
    gizwits_protocol.o(i.gizwitsSetMode) refers to gizwits_protocol.o(i.gizProtocolHeadInit) for gizProtocolHeadInit
    gizwits_protocol.o(i.gizwitsSetMode) refers to printf8.o(i.__0printf$8) for __2printf
    gizwits_protocol.o(i.gizwitsSetMode) refers to common.o(i.exchangeBytes) for exchangeBytes
    gizwits_protocol.o(i.gizwitsSetMode) refers to common.o(i.gizProtocolSum) for gizProtocolSum
    gizwits_protocol.o(i.gizwitsSetMode) refers to gizwits_product.o(i.uartWrite) for uartWrite
    gizwits_protocol.o(i.gizwitsSetMode) refers to homeassistant_product.o(i.uartWrite) for uartWrite
    gizwits_protocol.o(i.gizwitsSetMode) refers to gizwits_protocol.o(i.gizProtocolWaitAck) for gizProtocolWaitAck
    gizwits_protocol.o(i.gizwitsSetMode) refers to gizwits_protocol.o(.bss) for .bss
    hal_key.o(i.getKey) refers to stm32f1xx_hal_gpio.o(i.HAL_GPIO_ReadPin) for HAL_GPIO_ReadPin
    hal_key.o(i.getKey) refers to main.o(.data) for keys
    hal_key.o(i.keyHandle) refers to hal_key.o(i.readKeyValue) for readKeyValue
    hal_key.o(i.keyInitOne) refers to memcpya.o(.text) for __aeabi_memcpy
    hal_key.o(i.keyInitOne) refers to hal_key.o(.data) for .data
    hal_key.o(i.keyParaInit) refers to hal_key.o(.data) for .data
    hal_key.o(i.readKeyValue) refers to hal_key.o(i.getKey) for getKey
    hal_key.o(i.readKeyValue) refers to hal_key.o(.data) for .data
    hal_led.o(i.ledGpioInit) refers to stm32f1xx_hal_gpio.o(i.HAL_GPIO_Init) for HAL_GPIO_Init
    hal_led.o(i.led_off) refers to stm32f1xx_hal_gpio.o(i.HAL_GPIO_WritePin) for HAL_GPIO_WritePin
    hal_led.o(i.led_on) refers to stm32f1xx_hal_gpio.o(i.HAL_GPIO_WritePin) for HAL_GPIO_WritePin
    hal_nrf24l01.o(i.NRF24L01_Check) refers to hal_nrf24l01.o(i.NRF24L01_Write_Buf) for NRF24L01_Write_Buf
    hal_nrf24l01.o(i.NRF24L01_Check) refers to hal_nrf24l01.o(i.NRF24L01_Read_Buf) for NRF24L01_Read_Buf
    hal_nrf24l01.o(i.NRF24L01_Check) refers to printf8.o(i.__0printf$8) for __2printf
    hal_nrf24l01.o(i.NRF24L01_Init) refers to stm32f1xx_hal_gpio.o(i.HAL_GPIO_Init) for HAL_GPIO_Init
    hal_nrf24l01.o(i.NRF24L01_Init) refers to stm32f1xx_hal_gpio.o(i.HAL_GPIO_WritePin) for HAL_GPIO_WritePin
    hal_nrf24l01.o(i.NRF24L01_RX_Mode) refers to hal_nrf24l01.o(i.NRF24L01_Write_Buf) for NRF24L01_Write_Buf
    hal_nrf24l01.o(i.NRF24L01_RX_Mode) refers to hal_nrf24l01.o(i.NRF24L01_Write_Reg) for NRF24L01_Write_Reg
    hal_nrf24l01.o(i.NRF24L01_RX_Mode) refers to hal_nrf24l01.o(.constdata) for .constdata
    hal_nrf24l01.o(i.NRF24L01_Read_Buf) refers to hal_nrf24l01.o(i.SPI2_ReadWriteByte) for SPI2_ReadWriteByte
    hal_nrf24l01.o(i.NRF24L01_Read_Buf) refers to stm32f1xx_hal_spi.o(i.HAL_SPI_Receive) for HAL_SPI_Receive
    hal_nrf24l01.o(i.NRF24L01_Read_Buf) refers to main.o(.bss) for hspi2
    hal_nrf24l01.o(i.NRF24L01_Read_Reg) refers to hal_nrf24l01.o(i.SPI2_ReadWriteByte) for SPI2_ReadWriteByte
    hal_nrf24l01.o(i.NRF24L01_RxPacket) refers to hal_nrf24l01.o(i.NRF24L01_Read_Reg) for NRF24L01_Read_Reg
    hal_nrf24l01.o(i.NRF24L01_RxPacket) refers to hal_nrf24l01.o(i.NRF24L01_Write_Reg) for NRF24L01_Write_Reg
    hal_nrf24l01.o(i.NRF24L01_RxPacket) refers to hal_nrf24l01.o(i.NRF24L01_Read_Buf) for NRF24L01_Read_Buf
    hal_nrf24l01.o(i.NRF24L01_TX_Mode) refers to hal_nrf24l01.o(i.NRF24L01_Write_Buf) for NRF24L01_Write_Buf
    hal_nrf24l01.o(i.NRF24L01_TX_Mode) refers to hal_nrf24l01.o(i.NRF24L01_Write_Reg) for NRF24L01_Write_Reg
    hal_nrf24l01.o(i.NRF24L01_TX_Mode) refers to hal_nrf24l01.o(.constdata) for .constdata
    hal_nrf24l01.o(i.NRF24L01_TxPacket) refers to printf8.o(i.__0printf$8) for __2printf
    hal_nrf24l01.o(i.NRF24L01_TxPacket) refers to hal_nrf24l01.o(i.NRF24L01_Write_Buf) for NRF24L01_Write_Buf
    hal_nrf24l01.o(i.NRF24L01_TxPacket) refers to hal_nrf24l01.o(i.NRF24L01_Read_Reg) for NRF24L01_Read_Reg
    hal_nrf24l01.o(i.NRF24L01_TxPacket) refers to hal_nrf24l01.o(i.NRF24L01_Write_Reg) for NRF24L01_Write_Reg
    hal_nrf24l01.o(i.NRF24L01_Write_Buf) refers to hal_nrf24l01.o(i.SPI2_ReadWriteByte) for SPI2_ReadWriteByte
    hal_nrf24l01.o(i.NRF24L01_Write_Buf) refers to stm32f1xx_hal_spi.o(i.HAL_SPI_Transmit) for HAL_SPI_Transmit
    hal_nrf24l01.o(i.NRF24L01_Write_Buf) refers to main.o(.bss) for hspi2
    hal_nrf24l01.o(i.NRF24L01_Write_Reg) refers to hal_nrf24l01.o(i.SPI2_ReadWriteByte) for SPI2_ReadWriteByte
    hal_nrf24l01.o(i.NRF24L01_tx_cmd) refers to hal_nrf24l01.o(i.NRF24L01_TX_Mode) for NRF24L01_TX_Mode
    hal_nrf24l01.o(i.NRF24L01_tx_cmd) refers to hal_nrf24l01.o(i.NRF24L01_TxPacket) for NRF24L01_TxPacket
    hal_nrf24l01.o(i.NRF24L01_tx_cmd) refers to hal_nrf24l01.o(i.NRF24L01_RX_Mode) for NRF24L01_RX_Mode
    hal_nrf24l01.o(i.SPI2_ReadWriteByte) refers to stm32f1xx_hal_spi.o(i.HAL_SPI_TransmitReceive) for HAL_SPI_TransmitReceive
    hal_nrf24l01.o(i.SPI2_ReadWriteByte) refers to main.o(.bss) for hspi2
    hal_relay.o(i.relayGpioInit) refers to stm32f1xx_hal_gpio.o(i.HAL_GPIO_Init) for HAL_GPIO_Init
    hal_relay.o(i.relayGpioInit) refers to stm32f1xx_hal_gpio.o(i.HAL_GPIO_WritePin) for HAL_GPIO_WritePin
    hal_relay.o(i.relay_off) refers to stm32f1xx_hal_gpio.o(i.HAL_GPIO_WritePin) for HAL_GPIO_WritePin
    hal_relay.o(i.relay_on) refers to stm32f1xx_hal_gpio.o(i.HAL_GPIO_WritePin) for HAL_GPIO_WritePin
    homeassistant_product.o(i.HAL_TIM_PeriodElapsedCallback) refers to hal_key.o(i.keyHandle) for keyHandle
    homeassistant_product.o(i.HAL_TIM_PeriodElapsedCallback) refers to gizwits_product.o(i.gizTimerMs) for gizTimerMs
    homeassistant_product.o(i.HAL_TIM_PeriodElapsedCallback) refers to homeassistant_product.o(i.gizTimerMs) for gizTimerMs
    homeassistant_product.o(i.HAL_TIM_PeriodElapsedCallback) refers to main.o(.bss) for htim2
    homeassistant_product.o(i.HAL_TIM_PeriodElapsedCallback) refers to main.o(.data) for keys
    homeassistant_product.o(i.HAL_UART_RxCpltCallback) refers to gizwits_protocol.o(i.gizPutData) for gizPutData
    homeassistant_product.o(i.HAL_UART_RxCpltCallback) refers to homeassistant_protocol.o(i.gizPutData) for gizPutData
    homeassistant_product.o(i.HAL_UART_RxCpltCallback) refers to stm32f1xx_hal_uart.o(i.HAL_UART_Receive_IT) for HAL_UART_Receive_IT
    homeassistant_product.o(i.HAL_UART_RxCpltCallback) refers to homeassistant_product.o(.data) for .data
    homeassistant_product.o(i.HAL_UART_RxCpltCallback) refers to main.o(.bss) for huart2
    homeassistant_product.o(i.fputc) refers to stm32f1xx_hal_uart.o(i.HAL_UART_Transmit) for HAL_UART_Transmit
    homeassistant_product.o(i.fputc) refers to main.o(.bss) for huart1
    homeassistant_product.o(i.gizGetTimerCount) refers to homeassistant_product.o(.data) for .data
    homeassistant_product.o(i.gizTimerMs) refers to homeassistant_product.o(.data) for .data
    homeassistant_product.o(i.gizwitsEventProcess) refers to printf8.o(i.__0printf$8) for __2printf
    homeassistant_product.o(i.gizwitsEventProcess) refers to hal_relay.o(i.relay_off) for relay_off
    homeassistant_product.o(i.gizwitsEventProcess) refers to hal_relay.o(i.relay_on) for relay_on
    homeassistant_product.o(i.gizwitsEventProcess) refers to hal_nrf24l01.o(i.NRF24L01_tx_cmd) for NRF24L01_tx_cmd
    homeassistant_product.o(i.gizwitsEventProcess) refers to main.o(.bss) for tx_tmp_buf
    homeassistant_product.o(i.gizwitsEventProcess) refers to homeassistant_product.o(.bss) for .bss
    homeassistant_product.o(i.mcuRestart) refers to stm32f1xx_hal_cortex.o(i.HAL_NVIC_SystemReset) for HAL_NVIC_SystemReset
    homeassistant_product.o(i.timerInit) refers to stm32f1xx_hal_tim.o(i.HAL_TIM_Base_Start_IT) for HAL_TIM_Base_Start_IT
    homeassistant_product.o(i.timerInit) refers to main.o(.bss) for htim2
    homeassistant_product.o(i.uartInit) refers to stm32f1xx_hal_uart.o(i.HAL_UART_Receive_IT) for HAL_UART_Receive_IT
    homeassistant_product.o(i.uartInit) refers to homeassistant_product.o(.data) for .data
    homeassistant_product.o(i.uartInit) refers to main.o(.bss) for huart2
    homeassistant_product.o(i.uartWrite) refers to stm32f1xx_hal_uart.o(i.HAL_UART_Transmit_IT) for HAL_UART_Transmit_IT
    homeassistant_product.o(i.uartWrite) refers to printf8.o(i.__0printf$8) for __2printf
    homeassistant_product.o(i.uartWrite) refers to main.o(.bss) for huart2
    homeassistant_product.o(i.uartWrite) refers to homeassistant_product.o(.data) for .data
    homeassistant_product.o(i.userInit) refers to memseta.o(.text) for __aeabi_memclr
    homeassistant_product.o(i.userInit) refers to homeassistant_product.o(.bss) for .bss
    homeassistant_protocol.o(i.gizCheckReport) refers to printf8.o(i.__0printf$8) for __2printf
    homeassistant_protocol.o(i.gizDataPoint2Event) refers to datapointtools.o(i.gizByteOrderExchange) for gizByteOrderExchange
    homeassistant_protocol.o(i.gizDataPoint2Event) refers to datapointtools.o(i.gizStandardDecompressionValue) for gizStandardDecompressionValue
    homeassistant_protocol.o(i.gizDataPoint2Event) refers to datapointtools.o(i.gizX2Y) for gizX2Y
    homeassistant_protocol.o(i.gizDataPoint2Event) refers to printf8.o(i.__0printf$8) for __2printf
    homeassistant_protocol.o(i.gizDataPoints2ReportData) refers to datapointtools.o(i.gizStandardCompressValue) for gizStandardCompressValue
    homeassistant_protocol.o(i.gizDataPoints2ReportData) refers to printf8.o(i.__0printf$8) for __2printf
    homeassistant_protocol.o(i.gizDataPoints2ReportData) refers to datapointtools.o(i.gizByteOrderExchange) for gizByteOrderExchange
    homeassistant_protocol.o(i.gizDataPoints2ReportData) refers to datapointtools.o(i.gizY2X) for gizY2X
    homeassistant_protocol.o(i.gizDevReportPolicy) refers to gizwits_product.o(i.gizGetTimerCount) for gizGetTimerCount
    homeassistant_protocol.o(i.gizDevReportPolicy) refers to homeassistant_product.o(i.gizGetTimerCount) for gizGetTimerCount
    homeassistant_protocol.o(i.gizDevReportPolicy) refers to homeassistant_protocol.o(i.gizCheckReport) for gizCheckReport
    homeassistant_protocol.o(i.gizDevReportPolicy) refers to printf8.o(i.__0printf$8) for __2printf
    homeassistant_protocol.o(i.gizDevReportPolicy) refers to homeassistant_protocol.o(i.gizDataPoints2ReportData) for gizDataPoints2ReportData
    homeassistant_protocol.o(i.gizDevReportPolicy) refers to homeassistant_protocol.o(i.gizReportData) for gizReportData
    homeassistant_protocol.o(i.gizDevReportPolicy) refers to memcpya.o(.text) for __aeabi_memcpy
    homeassistant_protocol.o(i.gizDevReportPolicy) refers to homeassistant_protocol.o(.bss) for .bss
    homeassistant_protocol.o(i.gizDevReportPolicy) refers to homeassistant_protocol.o(.data) for .data
    homeassistant_protocol.o(i.gizProtocolAckHandle) refers to gizwits_product.o(i.gizGetTimerCount) for gizGetTimerCount
    homeassistant_protocol.o(i.gizProtocolAckHandle) refers to homeassistant_product.o(i.gizGetTimerCount) for gizGetTimerCount
    homeassistant_protocol.o(i.gizProtocolAckHandle) refers to printf8.o(i.__0printf$8) for __2printf
    homeassistant_protocol.o(i.gizProtocolAckHandle) refers to homeassistant_protocol.o(i.gizProtocolResendData) for gizProtocolResendData
    homeassistant_protocol.o(i.gizProtocolAckHandle) refers to memseta.o(.text) for __aeabi_memclr
    homeassistant_protocol.o(i.gizProtocolAckHandle) refers to homeassistant_protocol.o(.bss) for .bss
    homeassistant_protocol.o(i.gizProtocolCommonAck) refers to common.o(i.exchangeBytes) for exchangeBytes
    homeassistant_protocol.o(i.gizProtocolCommonAck) refers to common.o(i.gizProtocolSum) for gizProtocolSum
    homeassistant_protocol.o(i.gizProtocolCommonAck) refers to gizwits_product.o(i.uartWrite) for uartWrite
    homeassistant_protocol.o(i.gizProtocolCommonAck) refers to homeassistant_product.o(i.uartWrite) for uartWrite
    homeassistant_protocol.o(i.gizProtocolCommonAck) refers to printf8.o(i.__0printf$8) for __2printf
    homeassistant_protocol.o(i.gizProtocolErrorCmd) refers to homeassistant_protocol.o(i.gizProtocolHeadInit) for gizProtocolHeadInit
    homeassistant_protocol.o(i.gizProtocolErrorCmd) refers to common.o(i.exchangeBytes) for exchangeBytes
    homeassistant_protocol.o(i.gizProtocolErrorCmd) refers to common.o(i.gizProtocolSum) for gizProtocolSum
    homeassistant_protocol.o(i.gizProtocolErrorCmd) refers to gizwits_product.o(i.uartWrite) for uartWrite
    homeassistant_protocol.o(i.gizProtocolErrorCmd) refers to homeassistant_product.o(i.uartWrite) for uartWrite
    homeassistant_protocol.o(i.gizProtocolErrorCmd) refers to printf8.o(i.__0printf$8) for __2printf
    homeassistant_protocol.o(i.gizProtocolGetDeviceInfo) refers to homeassistant_protocol.o(i.gizProtocolHeadInit) for gizProtocolHeadInit
    homeassistant_protocol.o(i.gizProtocolGetDeviceInfo) refers to memcpya.o(.text) for __aeabi_memcpy4
    homeassistant_protocol.o(i.gizProtocolGetDeviceInfo) refers to common.o(i.exchangeBytes) for exchangeBytes
    homeassistant_protocol.o(i.gizProtocolGetDeviceInfo) refers to common.o(i.gizProtocolSum) for gizProtocolSum
    homeassistant_protocol.o(i.gizProtocolGetDeviceInfo) refers to gizwits_product.o(i.uartWrite) for uartWrite
    homeassistant_protocol.o(i.gizProtocolGetDeviceInfo) refers to homeassistant_product.o(i.uartWrite) for uartWrite
    homeassistant_protocol.o(i.gizProtocolGetDeviceInfo) refers to printf8.o(i.__0printf$8) for __2printf
    homeassistant_protocol.o(i.gizProtocolGetOnePacket) refers to ringbuffer.o(i.rbCanRead) for rbCanRead
    homeassistant_protocol.o(i.gizProtocolGetOnePacket) refers to printf8.o(i.__0printf$8) for __2printf
    homeassistant_protocol.o(i.gizProtocolGetOnePacket) refers to ringbuffer.o(i.rbRead) for rbRead
    homeassistant_protocol.o(i.gizProtocolGetOnePacket) refers to common.o(i.exchangeBytes) for exchangeBytes
    homeassistant_protocol.o(i.gizProtocolGetOnePacket) refers to common.o(i.gizProtocolSum) for gizProtocolSum
    homeassistant_protocol.o(i.gizProtocolGetOnePacket) refers to memcpya.o(.text) for __aeabi_memcpy
    homeassistant_protocol.o(i.gizProtocolGetOnePacket) refers to homeassistant_protocol.o(.data) for .data
    homeassistant_protocol.o(i.gizProtocolHeadInit) refers to printf8.o(i.__0printf$8) for __2printf
    homeassistant_protocol.o(i.gizProtocolHeadInit) refers to homeassistant_protocol.o(.constdata) for .constdata
    homeassistant_protocol.o(i.gizProtocolIssuedDataAck) refers to printf8.o(i.__0printf$8) for __2printf
    homeassistant_protocol.o(i.gizProtocolIssuedDataAck) refers to memcpya.o(.text) for __aeabi_memcpy
    homeassistant_protocol.o(i.gizProtocolIssuedDataAck) refers to common.o(i.gizProtocolSum) for gizProtocolSum
    homeassistant_protocol.o(i.gizProtocolIssuedDataAck) refers to gizwits_product.o(i.uartWrite) for uartWrite
    homeassistant_protocol.o(i.gizProtocolIssuedDataAck) refers to homeassistant_product.o(i.uartWrite) for uartWrite
    homeassistant_protocol.o(i.gizProtocolIssuedProcess) refers to printf8.o(i.__0printf$8) for __2printf
    homeassistant_protocol.o(i.gizProtocolIssuedProcess) refers to memseta.o(.text) for __aeabi_memclr
    homeassistant_protocol.o(i.gizProtocolIssuedProcess) refers to homeassistant_protocol.o(i.gizDataPoint2Event) for gizDataPoint2Event
    homeassistant_protocol.o(i.gizProtocolIssuedProcess) refers to homeassistant_protocol.o(i.gizDataPoints2ReportData) for gizDataPoints2ReportData
    homeassistant_protocol.o(i.gizProtocolIssuedProcess) refers to memcpya.o(.text) for __aeabi_memcpy
    homeassistant_protocol.o(i.gizProtocolIssuedProcess) refers to homeassistant_protocol.o(.bss) for .bss
    homeassistant_protocol.o(i.gizProtocolModuleStatus) refers to common.o(i.exchangeBytes) for exchangeBytes
    homeassistant_protocol.o(i.gizProtocolModuleStatus) refers to printf8.o(i.__0printf$8) for __2printf
    homeassistant_protocol.o(i.gizProtocolModuleStatus) refers to homeassistant_protocol.o(.data) for .data
    homeassistant_protocol.o(i.gizProtocolModuleStatus) refers to homeassistant_protocol.o(.bss) for .bss
    homeassistant_protocol.o(i.gizProtocolNTP) refers to common.o(i.exchangeBytes) for exchangeBytes
    homeassistant_protocol.o(i.gizProtocolNTP) refers to common.o(i.exchangeWord) for exchangeWord
    homeassistant_protocol.o(i.gizProtocolNTP) refers to printf8.o(i.__0printf$8) for __2printf
    homeassistant_protocol.o(i.gizProtocolNTP) refers to homeassistant_protocol.o(.bss) for .bss
    homeassistant_protocol.o(i.gizProtocolResendData) refers to printf8.o(i.__0printf$8) for __2printf
    homeassistant_protocol.o(i.gizProtocolResendData) refers to gizwits_product.o(i.uartWrite) for uartWrite
    homeassistant_protocol.o(i.gizProtocolResendData) refers to homeassistant_product.o(i.uartWrite) for uartWrite
    homeassistant_protocol.o(i.gizProtocolResendData) refers to gizwits_product.o(i.gizGetTimerCount) for gizGetTimerCount
    homeassistant_protocol.o(i.gizProtocolResendData) refers to homeassistant_product.o(i.gizGetTimerCount) for gizGetTimerCount
    homeassistant_protocol.o(i.gizProtocolResendData) refers to homeassistant_protocol.o(.bss) for .bss
    homeassistant_protocol.o(i.gizProtocolWaitAck) refers to memseta.o(.text) for __aeabi_memclr
    homeassistant_protocol.o(i.gizProtocolWaitAck) refers to memcpya.o(.text) for __aeabi_memcpy
    homeassistant_protocol.o(i.gizProtocolWaitAck) refers to gizwits_product.o(i.gizGetTimerCount) for gizGetTimerCount
    homeassistant_protocol.o(i.gizProtocolWaitAck) refers to homeassistant_product.o(i.gizGetTimerCount) for gizGetTimerCount
    homeassistant_protocol.o(i.gizProtocolWaitAck) refers to printf8.o(i.__0printf$8) for __2printf
    homeassistant_protocol.o(i.gizProtocolWaitAck) refers to homeassistant_protocol.o(.bss) for .bss
    homeassistant_protocol.o(i.gizProtocolWaitAckCheck) refers to memseta.o(.text) for __aeabi_memclr
    homeassistant_protocol.o(i.gizProtocolWaitAckCheck) refers to printf8.o(i.__0printf$8) for __2printf
    homeassistant_protocol.o(i.gizProtocolWaitAckCheck) refers to homeassistant_protocol.o(.bss) for .bss
    homeassistant_protocol.o(i.gizPutData) refers to ringbuffer.o(i.rbWrite) for rbWrite
    homeassistant_protocol.o(i.gizPutData) refers to printf8.o(i.__0printf$8) for __2printf
    homeassistant_protocol.o(i.gizPutData) refers to homeassistant_protocol.o(.bss) for .bss
    homeassistant_protocol.o(i.gizReportData) refers to homeassistant_protocol.o(i.gizProtocolHeadInit) for gizProtocolHeadInit
    homeassistant_protocol.o(i.gizReportData) refers to common.o(i.exchangeBytes) for exchangeBytes
    homeassistant_protocol.o(i.gizReportData) refers to memcpya.o(.text) for __aeabi_memcpy
    homeassistant_protocol.o(i.gizReportData) refers to common.o(i.gizProtocolSum) for gizProtocolSum
    homeassistant_protocol.o(i.gizReportData) refers to gizwits_product.o(i.uartWrite) for uartWrite
    homeassistant_protocol.o(i.gizReportData) refers to homeassistant_product.o(i.uartWrite) for uartWrite
    homeassistant_protocol.o(i.gizReportData) refers to printf8.o(i.__0printf$8) for __2printf
    homeassistant_protocol.o(i.gizReportData) refers to homeassistant_protocol.o(i.gizProtocolWaitAck) for gizProtocolWaitAck
    homeassistant_protocol.o(i.gizReportData) refers to homeassistant_protocol.o(.bss) for .bss
    homeassistant_protocol.o(i.gizwitsGetModuleInfo) refers to homeassistant_protocol.o(i.gizProtocolHeadInit) for gizProtocolHeadInit
    homeassistant_protocol.o(i.gizwitsGetModuleInfo) refers to common.o(i.exchangeBytes) for exchangeBytes
    homeassistant_protocol.o(i.gizwitsGetModuleInfo) refers to common.o(i.gizProtocolSum) for gizProtocolSum
    homeassistant_protocol.o(i.gizwitsGetModuleInfo) refers to gizwits_product.o(i.uartWrite) for uartWrite
    homeassistant_protocol.o(i.gizwitsGetModuleInfo) refers to homeassistant_product.o(i.uartWrite) for uartWrite
    homeassistant_protocol.o(i.gizwitsGetModuleInfo) refers to printf8.o(i.__0printf$8) for __2printf
    homeassistant_protocol.o(i.gizwitsGetModuleInfo) refers to homeassistant_protocol.o(i.gizProtocolWaitAck) for gizProtocolWaitAck
    homeassistant_protocol.o(i.gizwitsGetModuleInfo) refers to homeassistant_protocol.o(.bss) for .bss
    homeassistant_protocol.o(i.gizwitsGetNTP) refers to homeassistant_protocol.o(i.gizProtocolHeadInit) for gizProtocolHeadInit
    homeassistant_protocol.o(i.gizwitsGetNTP) refers to common.o(i.exchangeBytes) for exchangeBytes
    homeassistant_protocol.o(i.gizwitsGetNTP) refers to common.o(i.gizProtocolSum) for gizProtocolSum
    homeassistant_protocol.o(i.gizwitsGetNTP) refers to gizwits_product.o(i.uartWrite) for uartWrite
    homeassistant_protocol.o(i.gizwitsGetNTP) refers to homeassistant_product.o(i.uartWrite) for uartWrite
    homeassistant_protocol.o(i.gizwitsGetNTP) refers to printf8.o(i.__0printf$8) for __2printf
    homeassistant_protocol.o(i.gizwitsGetNTP) refers to homeassistant_protocol.o(i.gizProtocolWaitAck) for gizProtocolWaitAck
    homeassistant_protocol.o(i.gizwitsGetNTP) refers to homeassistant_protocol.o(.bss) for .bss
    homeassistant_protocol.o(i.gizwitsHandle) refers to homeassistant_protocol.o(i.gizProtocolAckHandle) for gizProtocolAckHandle
    homeassistant_protocol.o(i.gizwitsHandle) refers to homeassistant_protocol.o(i.gizProtocolGetOnePacket) for gizProtocolGetOnePacket
    homeassistant_protocol.o(i.gizwitsHandle) refers to printf8.o(i.__0printf$8) for __2printf
    homeassistant_protocol.o(i.gizwitsHandle) refers to gizwits_product.o(i.gizGetTimerCount) for gizGetTimerCount
    homeassistant_protocol.o(i.gizwitsHandle) refers to homeassistant_product.o(i.gizGetTimerCount) for gizGetTimerCount
    homeassistant_protocol.o(i.gizwitsHandle) refers to homeassistant_protocol.o(i.gizProtocolErrorCmd) for gizProtocolErrorCmd
    homeassistant_protocol.o(i.gizwitsHandle) refers to homeassistant_protocol.o(i.gizProtocolGetDeviceInfo) for gizProtocolGetDeviceInfo
    homeassistant_protocol.o(i.gizwitsHandle) refers to homeassistant_protocol.o(i.gizProtocolIssuedProcess) for gizProtocolIssuedProcess
    homeassistant_protocol.o(i.gizwitsHandle) refers to homeassistant_protocol.o(i.gizProtocolIssuedDataAck) for gizProtocolIssuedDataAck
    homeassistant_protocol.o(i.gizwitsHandle) refers to homeassistant_protocol.o(i.gizProtocolCommonAck) for gizProtocolCommonAck
    homeassistant_protocol.o(i.gizwitsHandle) refers to homeassistant_protocol.o(i.gizProtocolModuleStatus) for gizProtocolModuleStatus
    homeassistant_protocol.o(i.gizwitsHandle) refers to homeassistant_protocol.o(i.gizProtocolWaitAckCheck) for gizProtocolWaitAckCheck
    homeassistant_protocol.o(i.gizwitsHandle) refers to gizwits_product.o(i.mcuRestart) for mcuRestart
    homeassistant_protocol.o(i.gizwitsHandle) refers to homeassistant_product.o(i.mcuRestart) for mcuRestart
    homeassistant_protocol.o(i.gizwitsHandle) refers to homeassistant_protocol.o(i.gizProtocolNTP) for gizProtocolNTP
    homeassistant_protocol.o(i.gizwitsHandle) refers to memcpya.o(.text) for __aeabi_memcpy
    homeassistant_protocol.o(i.gizwitsHandle) refers to gizwits_product.o(i.gizwitsEventProcess) for gizwitsEventProcess
    homeassistant_protocol.o(i.gizwitsHandle) refers to homeassistant_product.o(i.gizwitsEventProcess) for gizwitsEventProcess
    homeassistant_protocol.o(i.gizwitsHandle) refers to memseta.o(.text) for __aeabi_memclr
    homeassistant_protocol.o(i.gizwitsHandle) refers to homeassistant_protocol.o(i.gizDevReportPolicy) for gizDevReportPolicy
    homeassistant_protocol.o(i.gizwitsHandle) refers to homeassistant_protocol.o(.bss) for .bss
    homeassistant_protocol.o(i.gizwitsInit) refers to ringbuffer.o(i.rbCreate) for rbCreate
    homeassistant_protocol.o(i.gizwitsInit) refers to printf8.o(i.__0printf$8) for __2printf
    homeassistant_protocol.o(i.gizwitsInit) refers to memseta.o(.text) for __aeabi_memclr
    homeassistant_protocol.o(i.gizwitsInit) refers to homeassistant_protocol.o(.bss) for .bss
    homeassistant_protocol.o(i.gizwitsPassthroughData) refers to memcpya.o(.text) for __aeabi_memcpy
    homeassistant_protocol.o(i.gizwitsPassthroughData) refers to common.o(i.gizProtocolSum) for gizProtocolSum
    homeassistant_protocol.o(i.gizwitsPassthroughData) refers to gizwits_product.o(i.uartWrite) for uartWrite
    homeassistant_protocol.o(i.gizwitsPassthroughData) refers to homeassistant_product.o(i.uartWrite) for uartWrite
    homeassistant_protocol.o(i.gizwitsPassthroughData) refers to printf8.o(i.__0printf$8) for __2printf
    homeassistant_protocol.o(i.gizwitsPassthroughData) refers to homeassistant_protocol.o(i.gizProtocolWaitAck) for gizProtocolWaitAck
    homeassistant_protocol.o(i.gizwitsPassthroughData) refers to homeassistant_protocol.o(.bss) for .bss
    homeassistant_protocol.o(i.gizwitsSetMode) refers to homeassistant_protocol.o(i.gizProtocolHeadInit) for gizProtocolHeadInit
    homeassistant_protocol.o(i.gizwitsSetMode) refers to printf8.o(i.__0printf$8) for __2printf
    homeassistant_protocol.o(i.gizwitsSetMode) refers to common.o(i.exchangeBytes) for exchangeBytes
    homeassistant_protocol.o(i.gizwitsSetMode) refers to common.o(i.gizProtocolSum) for gizProtocolSum
    homeassistant_protocol.o(i.gizwitsSetMode) refers to gizwits_product.o(i.uartWrite) for uartWrite
    homeassistant_protocol.o(i.gizwitsSetMode) refers to homeassistant_product.o(i.uartWrite) for uartWrite
    homeassistant_protocol.o(i.gizwitsSetMode) refers to homeassistant_protocol.o(i.gizProtocolWaitAck) for gizProtocolWaitAck
    homeassistant_protocol.o(i.gizwitsSetMode) refers to homeassistant_protocol.o(.bss) for .bss
    common.o(i.checkStringIsNotZero) refers to strlen.o(.text) for strlen
    common.o(i.returnNtp2Wt) refers to memcpya.o(.text) for __aeabi_memcpy4
    common.o(i.returnNtp2Wt) refers to common.o(i.isleap) for isleap
    common.o(i.returnNtp2Wt) refers to common.o(.constdata) for .constdata
    common.o(i.str2Hex) refers to toupper.o(.text) for toupper
    datapointtools.o(i.gizStandardCompressValue) refers to datapointtools.o(i.gizAcrossByteJudge) for gizAcrossByteJudge
    datapointtools.o(i.gizStandardDecompressionValue) refers to memcpya.o(.text) for __aeabi_memcpy
    datapointtools.o(i.gizStandardDecompressionValue) refers to datapointtools.o(i.gizByteOrderExchange) for gizByteOrderExchange
    datapointtools.o(i.gizStandardDecompressionValue) refers to datapointtools.o(i.gizAcrossByteJudge) for gizAcrossByteJudge
    datapointtools.o(i.gizVarlenCompressValue) refers to datapointtools.o(i.gizAcrossByteJudge) for gizAcrossByteJudge
    datapointtools.o(i.gizVarlenDecompressionValue) refers to memcpya.o(.text) for __aeabi_memcpy
    datapointtools.o(i.gizVarlenDecompressionValue) refers to datapointtools.o(i.gizByteOrderExchange) for gizByteOrderExchange
    datapointtools.o(i.gizVarlenDecompressionValue) refers to datapointtools.o(i.gizAcrossByteJudge) for gizAcrossByteJudge
    datapointtools.o(i.gizX2YFloat) refers to ffltui.o(.text) for __aeabi_ui2f
    datapointtools.o(i.gizX2YFloat) refers to fmul.o(.text) for __aeabi_fmul
    datapointtools.o(i.gizX2YFloat) refers to fadd.o(.text) for __aeabi_fadd
    datapointtools.o(i.gizY2XFloat) refers to fadd.o(.text) for __aeabi_fsub
    datapointtools.o(i.gizY2XFloat) refers to fdiv.o(.text) for __aeabi_fdiv
    datapointtools.o(i.gizY2XFloat) refers to ffixui.o(.text) for __aeabi_f2uiz
    ringbuffer.o(i.rbCanRead) refers to ringbuffer.o(i.rbCapacity) for rbCapacity
    ringbuffer.o(i.rbCanWrite) refers to ringbuffer.o(i.rbCapacity) for rbCapacity
    ringbuffer.o(i.rbCanWrite) refers to ringbuffer.o(i.rbCanRead) for rbCanRead
    ringbuffer.o(i.rbRead) refers to ringbuffer.o(i.rbCanRead) for rbCanRead
    ringbuffer.o(i.rbRead) refers to ringbuffer.o(i.rbCapacity) for rbCapacity
    ringbuffer.o(i.rbRead) refers to memcpya.o(.text) for __aeabi_memcpy
    ringbuffer.o(i.rbWrite) refers to ringbuffer.o(i.rbCanWrite) for rbCanWrite
    ringbuffer.o(i.rbWrite) refers to ringbuffer.o(i.rbCapacity) for rbCapacity
    ringbuffer.o(i.rbWrite) refers to printf8.o(i.__0printf$8) for __2printf
    ringbuffer.o(i.rbWrite) refers to memcpya.o(.text) for __aeabi_memcpy
    entry.o(.ARM.Collect$$$$00000000) refers (Special) to entry10a.o(.ARM.Collect$$$$0000000D) for __rt_final_cpp
    entry.o(.ARM.Collect$$$$00000000) refers (Special) to entry11a.o(.ARM.Collect$$$$0000000F) for __rt_final_exit
    entry.o(.ARM.Collect$$$$00000000) refers (Special) to entry7b.o(.ARM.Collect$$$$00000008) for _main_clock
    entry.o(.ARM.Collect$$$$00000000) refers (Special) to entry8b.o(.ARM.Collect$$$$0000000A) for _main_cpp_init
    entry.o(.ARM.Collect$$$$00000000) refers (Special) to entry9a.o(.ARM.Collect$$$$0000000B) for _main_init
    entry.o(.ARM.Collect$$$$00000000) refers (Special) to entry5.o(.ARM.Collect$$$$00000004) for _main_scatterload
    entry.o(.ARM.Collect$$$$00000000) refers (Special) to entry2.o(.ARM.Collect$$$$00000001) for _main_stk
    printfb.o(i.__0fprintf$bare) refers to printfb.o(i._printf_core) for _printf_core
    printfb.o(i.__0fprintf$bare) refers to gizwits_product.o(i.fputc) for fputc
    printfb.o(i.__0fprintf$bare) refers to homeassistant_product.o(i.fputc) for fputc
    printfb.o(i.__0printf$bare) refers to printfb.o(i._printf_core) for _printf_core
    printfb.o(i.__0printf$bare) refers to gizwits_product.o(i.fputc) for fputc
    printfb.o(i.__0printf$bare) refers to homeassistant_product.o(i.fputc) for fputc
    printfb.o(i.__0printf$bare) refers to stdout.o(.data) for __stdout
    printfb.o(i.__0snprintf$bare) refers to printfb.o(i._printf_core) for _printf_core
    printfb.o(i.__0snprintf$bare) refers to printfb.o(i._snputc) for _snputc
    printfb.o(i.__0sprintf$bare) refers to printfb.o(i._printf_core) for _printf_core
    printfb.o(i.__0sprintf$bare) refers to printfb.o(i._sputc) for _sputc
    printfb.o(i.__0vfprintf$bare) refers to printfb.o(i._printf_core) for _printf_core
    printfb.o(i.__0vfprintf$bare) refers to gizwits_product.o(i.fputc) for fputc
    printfb.o(i.__0vfprintf$bare) refers to homeassistant_product.o(i.fputc) for fputc
    printfb.o(i.__0vprintf$bare) refers to printfb.o(i._printf_core) for _printf_core
    printfb.o(i.__0vprintf$bare) refers to gizwits_product.o(i.fputc) for fputc
    printfb.o(i.__0vprintf$bare) refers to homeassistant_product.o(i.fputc) for fputc
    printfb.o(i.__0vprintf$bare) refers to stdout.o(.data) for __stdout
    printfb.o(i.__0vsnprintf$bare) refers to printfb.o(i._printf_core) for _printf_core
    printfb.o(i.__0vsnprintf$bare) refers to printfb.o(i._snputc) for _snputc
    printfb.o(i.__0vsprintf$bare) refers to printfb.o(i._printf_core) for _printf_core
    printfb.o(i.__0vsprintf$bare) refers to printfb.o(i._sputc) for _sputc
    printf0.o(i.__0fprintf$0) refers to printf0.o(i._printf_core) for _printf_core
    printf0.o(i.__0fprintf$0) refers to gizwits_product.o(i.fputc) for fputc
    printf0.o(i.__0fprintf$0) refers to homeassistant_product.o(i.fputc) for fputc
    printf0.o(i.__0printf$0) refers to printf0.o(i._printf_core) for _printf_core
    printf0.o(i.__0printf$0) refers to gizwits_product.o(i.fputc) for fputc
    printf0.o(i.__0printf$0) refers to homeassistant_product.o(i.fputc) for fputc
    printf0.o(i.__0printf$0) refers to stdout.o(.data) for __stdout
    printf0.o(i.__0snprintf$0) refers to printf0.o(i._printf_core) for _printf_core
    printf0.o(i.__0snprintf$0) refers to printf0.o(i._snputc) for _snputc
    printf0.o(i.__0sprintf$0) refers to printf0.o(i._printf_core) for _printf_core
    printf0.o(i.__0sprintf$0) refers to printf0.o(i._sputc) for _sputc
    printf0.o(i.__0vfprintf$0) refers to printf0.o(i._printf_core) for _printf_core
    printf0.o(i.__0vfprintf$0) refers to gizwits_product.o(i.fputc) for fputc
    printf0.o(i.__0vfprintf$0) refers to homeassistant_product.o(i.fputc) for fputc
    printf0.o(i.__0vprintf$0) refers to printf0.o(i._printf_core) for _printf_core
    printf0.o(i.__0vprintf$0) refers to gizwits_product.o(i.fputc) for fputc
    printf0.o(i.__0vprintf$0) refers to homeassistant_product.o(i.fputc) for fputc
    printf0.o(i.__0vprintf$0) refers to stdout.o(.data) for __stdout
    printf0.o(i.__0vsnprintf$0) refers to printf0.o(i._printf_core) for _printf_core
    printf0.o(i.__0vsnprintf$0) refers to printf0.o(i._snputc) for _snputc
    printf0.o(i.__0vsprintf$0) refers to printf0.o(i._printf_core) for _printf_core
    printf0.o(i.__0vsprintf$0) refers to printf0.o(i._sputc) for _sputc
    printf1.o(i.__0fprintf$1) refers to printf1.o(i._printf_core) for _printf_core
    printf1.o(i.__0fprintf$1) refers to gizwits_product.o(i.fputc) for fputc
    printf1.o(i.__0fprintf$1) refers to homeassistant_product.o(i.fputc) for fputc
    printf1.o(i.__0printf$1) refers to printf1.o(i._printf_core) for _printf_core
    printf1.o(i.__0printf$1) refers to gizwits_product.o(i.fputc) for fputc
    printf1.o(i.__0printf$1) refers to homeassistant_product.o(i.fputc) for fputc
    printf1.o(i.__0printf$1) refers to stdout.o(.data) for __stdout
    printf1.o(i.__0snprintf$1) refers to printf1.o(i._printf_core) for _printf_core
    printf1.o(i.__0snprintf$1) refers to printf1.o(i._snputc) for _snputc
    printf1.o(i.__0sprintf$1) refers to printf1.o(i._printf_core) for _printf_core
    printf1.o(i.__0sprintf$1) refers to printf1.o(i._sputc) for _sputc
    printf1.o(i.__0vfprintf$1) refers to printf1.o(i._printf_core) for _printf_core
    printf1.o(i.__0vfprintf$1) refers to gizwits_product.o(i.fputc) for fputc
    printf1.o(i.__0vfprintf$1) refers to homeassistant_product.o(i.fputc) for fputc
    printf1.o(i.__0vprintf$1) refers to printf1.o(i._printf_core) for _printf_core
    printf1.o(i.__0vprintf$1) refers to gizwits_product.o(i.fputc) for fputc
    printf1.o(i.__0vprintf$1) refers to homeassistant_product.o(i.fputc) for fputc
    printf1.o(i.__0vprintf$1) refers to stdout.o(.data) for __stdout
    printf1.o(i.__0vsnprintf$1) refers to printf1.o(i._printf_core) for _printf_core
    printf1.o(i.__0vsnprintf$1) refers to printf1.o(i._snputc) for _snputc
    printf1.o(i.__0vsprintf$1) refers to printf1.o(i._printf_core) for _printf_core
    printf1.o(i.__0vsprintf$1) refers to printf1.o(i._sputc) for _sputc
    printf1.o(i._printf_core) refers to uidiv.o(.text) for __aeabi_uidivmod
    printf2.o(i.__0fprintf$2) refers to printf2.o(i._printf_core) for _printf_core
    printf2.o(i.__0fprintf$2) refers to gizwits_product.o(i.fputc) for fputc
    printf2.o(i.__0fprintf$2) refers to homeassistant_product.o(i.fputc) for fputc
    printf2.o(i.__0printf$2) refers to printf2.o(i._printf_core) for _printf_core
    printf2.o(i.__0printf$2) refers to gizwits_product.o(i.fputc) for fputc
    printf2.o(i.__0printf$2) refers to homeassistant_product.o(i.fputc) for fputc
    printf2.o(i.__0printf$2) refers to stdout.o(.data) for __stdout
    printf2.o(i.__0snprintf$2) refers to printf2.o(i._printf_core) for _printf_core
    printf2.o(i.__0snprintf$2) refers to printf2.o(i._snputc) for _snputc
    printf2.o(i.__0sprintf$2) refers to printf2.o(i._printf_core) for _printf_core
    printf2.o(i.__0sprintf$2) refers to printf2.o(i._sputc) for _sputc
    printf2.o(i.__0vfprintf$2) refers to printf2.o(i._printf_core) for _printf_core
    printf2.o(i.__0vfprintf$2) refers to gizwits_product.o(i.fputc) for fputc
    printf2.o(i.__0vfprintf$2) refers to homeassistant_product.o(i.fputc) for fputc
    printf2.o(i.__0vprintf$2) refers to printf2.o(i._printf_core) for _printf_core
    printf2.o(i.__0vprintf$2) refers to gizwits_product.o(i.fputc) for fputc
    printf2.o(i.__0vprintf$2) refers to homeassistant_product.o(i.fputc) for fputc
    printf2.o(i.__0vprintf$2) refers to stdout.o(.data) for __stdout
    printf2.o(i.__0vsnprintf$2) refers to printf2.o(i._printf_core) for _printf_core
    printf2.o(i.__0vsnprintf$2) refers to printf2.o(i._snputc) for _snputc
    printf2.o(i.__0vsprintf$2) refers to printf2.o(i._printf_core) for _printf_core
    printf2.o(i.__0vsprintf$2) refers to printf2.o(i._sputc) for _sputc
    printf3.o(i.__0fprintf$3) refers to printf3.o(i._printf_core) for _printf_core
    printf3.o(i.__0fprintf$3) refers to gizwits_product.o(i.fputc) for fputc
    printf3.o(i.__0fprintf$3) refers to homeassistant_product.o(i.fputc) for fputc
    printf3.o(i.__0printf$3) refers to printf3.o(i._printf_core) for _printf_core
    printf3.o(i.__0printf$3) refers to gizwits_product.o(i.fputc) for fputc
    printf3.o(i.__0printf$3) refers to homeassistant_product.o(i.fputc) for fputc
    printf3.o(i.__0printf$3) refers to stdout.o(.data) for __stdout
    printf3.o(i.__0snprintf$3) refers to printf3.o(i._printf_core) for _printf_core
    printf3.o(i.__0snprintf$3) refers to printf3.o(i._snputc) for _snputc
    printf3.o(i.__0sprintf$3) refers to printf3.o(i._printf_core) for _printf_core
    printf3.o(i.__0sprintf$3) refers to printf3.o(i._sputc) for _sputc
    printf3.o(i.__0vfprintf$3) refers to printf3.o(i._printf_core) for _printf_core
    printf3.o(i.__0vfprintf$3) refers to gizwits_product.o(i.fputc) for fputc
    printf3.o(i.__0vfprintf$3) refers to homeassistant_product.o(i.fputc) for fputc
    printf3.o(i.__0vprintf$3) refers to printf3.o(i._printf_core) for _printf_core
    printf3.o(i.__0vprintf$3) refers to gizwits_product.o(i.fputc) for fputc
    printf3.o(i.__0vprintf$3) refers to homeassistant_product.o(i.fputc) for fputc
    printf3.o(i.__0vprintf$3) refers to stdout.o(.data) for __stdout
    printf3.o(i.__0vsnprintf$3) refers to printf3.o(i._printf_core) for _printf_core
    printf3.o(i.__0vsnprintf$3) refers to printf3.o(i._snputc) for _snputc
    printf3.o(i.__0vsprintf$3) refers to printf3.o(i._printf_core) for _printf_core
    printf3.o(i.__0vsprintf$3) refers to printf3.o(i._sputc) for _sputc
    printf3.o(i._printf_core) refers to uidiv.o(.text) for __aeabi_uidivmod
    printf4.o(i.__0fprintf$4) refers to printf4.o(i._printf_core) for _printf_core
    printf4.o(i.__0fprintf$4) refers to gizwits_product.o(i.fputc) for fputc
    printf4.o(i.__0fprintf$4) refers to homeassistant_product.o(i.fputc) for fputc
    printf4.o(i.__0printf$4) refers to printf4.o(i._printf_core) for _printf_core
    printf4.o(i.__0printf$4) refers to gizwits_product.o(i.fputc) for fputc
    printf4.o(i.__0printf$4) refers to homeassistant_product.o(i.fputc) for fputc
    printf4.o(i.__0printf$4) refers to stdout.o(.data) for __stdout
    printf4.o(i.__0snprintf$4) refers to printf4.o(i._printf_core) for _printf_core
    printf4.o(i.__0snprintf$4) refers to printf4.o(i._snputc) for _snputc
    printf4.o(i.__0sprintf$4) refers to printf4.o(i._printf_core) for _printf_core
    printf4.o(i.__0sprintf$4) refers to printf4.o(i._sputc) for _sputc
    printf4.o(i.__0vfprintf$4) refers to printf4.o(i._printf_core) for _printf_core
    printf4.o(i.__0vfprintf$4) refers to gizwits_product.o(i.fputc) for fputc
    printf4.o(i.__0vfprintf$4) refers to homeassistant_product.o(i.fputc) for fputc
    printf4.o(i.__0vprintf$4) refers to printf4.o(i._printf_core) for _printf_core
    printf4.o(i.__0vprintf$4) refers to gizwits_product.o(i.fputc) for fputc
    printf4.o(i.__0vprintf$4) refers to homeassistant_product.o(i.fputc) for fputc
    printf4.o(i.__0vprintf$4) refers to stdout.o(.data) for __stdout
    printf4.o(i.__0vsnprintf$4) refers to printf4.o(i._printf_core) for _printf_core
    printf4.o(i.__0vsnprintf$4) refers to printf4.o(i._snputc) for _snputc
    printf4.o(i.__0vsprintf$4) refers to printf4.o(i._printf_core) for _printf_core
    printf4.o(i.__0vsprintf$4) refers to printf4.o(i._sputc) for _sputc
    printf4.o(i._printf_core) refers to uldiv.o(.text) for __aeabi_uldivmod
    printf5.o(i.__0fprintf$5) refers to printf5.o(i._printf_core) for _printf_core
    printf5.o(i.__0fprintf$5) refers to gizwits_product.o(i.fputc) for fputc
    printf5.o(i.__0fprintf$5) refers to homeassistant_product.o(i.fputc) for fputc
    printf5.o(i.__0printf$5) refers to printf5.o(i._printf_core) for _printf_core
    printf5.o(i.__0printf$5) refers to gizwits_product.o(i.fputc) for fputc
    printf5.o(i.__0printf$5) refers to homeassistant_product.o(i.fputc) for fputc
    printf5.o(i.__0printf$5) refers to stdout.o(.data) for __stdout
    printf5.o(i.__0snprintf$5) refers to printf5.o(i._printf_core) for _printf_core
    printf5.o(i.__0snprintf$5) refers to printf5.o(i._snputc) for _snputc
    printf5.o(i.__0sprintf$5) refers to printf5.o(i._printf_core) for _printf_core
    printf5.o(i.__0sprintf$5) refers to printf5.o(i._sputc) for _sputc
    printf5.o(i.__0vfprintf$5) refers to printf5.o(i._printf_core) for _printf_core
    printf5.o(i.__0vfprintf$5) refers to gizwits_product.o(i.fputc) for fputc
    printf5.o(i.__0vfprintf$5) refers to homeassistant_product.o(i.fputc) for fputc
    printf5.o(i.__0vprintf$5) refers to printf5.o(i._printf_core) for _printf_core
    printf5.o(i.__0vprintf$5) refers to gizwits_product.o(i.fputc) for fputc
    printf5.o(i.__0vprintf$5) refers to homeassistant_product.o(i.fputc) for fputc
    printf5.o(i.__0vprintf$5) refers to stdout.o(.data) for __stdout
    printf5.o(i.__0vsnprintf$5) refers to printf5.o(i._printf_core) for _printf_core
    printf5.o(i.__0vsnprintf$5) refers to printf5.o(i._snputc) for _snputc
    printf5.o(i.__0vsprintf$5) refers to printf5.o(i._printf_core) for _printf_core
    printf5.o(i.__0vsprintf$5) refers to printf5.o(i._sputc) for _sputc
    printf5.o(i._printf_core) refers to uldiv.o(.text) for __aeabi_uldivmod
    printf6.o(i.__0fprintf$6) refers to printf6.o(i._printf_core) for _printf_core
    printf6.o(i.__0fprintf$6) refers to gizwits_product.o(i.fputc) for fputc
    printf6.o(i.__0fprintf$6) refers to homeassistant_product.o(i.fputc) for fputc
    printf6.o(i.__0printf$6) refers to printf6.o(i._printf_core) for _printf_core
    printf6.o(i.__0printf$6) refers to gizwits_product.o(i.fputc) for fputc
    printf6.o(i.__0printf$6) refers to homeassistant_product.o(i.fputc) for fputc
    printf6.o(i.__0printf$6) refers to stdout.o(.data) for __stdout
    printf6.o(i.__0snprintf$6) refers to printf6.o(i._printf_core) for _printf_core
    printf6.o(i.__0snprintf$6) refers to printf6.o(i._snputc) for _snputc
    printf6.o(i.__0sprintf$6) refers to printf6.o(i._printf_core) for _printf_core
    printf6.o(i.__0sprintf$6) refers to printf6.o(i._sputc) for _sputc
    printf6.o(i.__0vfprintf$6) refers to printf6.o(i._printf_core) for _printf_core
    printf6.o(i.__0vfprintf$6) refers to gizwits_product.o(i.fputc) for fputc
    printf6.o(i.__0vfprintf$6) refers to homeassistant_product.o(i.fputc) for fputc
    printf6.o(i.__0vprintf$6) refers to printf6.o(i._printf_core) for _printf_core
    printf6.o(i.__0vprintf$6) refers to gizwits_product.o(i.fputc) for fputc
    printf6.o(i.__0vprintf$6) refers to homeassistant_product.o(i.fputc) for fputc
    printf6.o(i.__0vprintf$6) refers to stdout.o(.data) for __stdout
    printf6.o(i.__0vsnprintf$6) refers to printf6.o(i._printf_core) for _printf_core
    printf6.o(i.__0vsnprintf$6) refers to printf6.o(i._snputc) for _snputc
    printf6.o(i.__0vsprintf$6) refers to printf6.o(i._printf_core) for _printf_core
    printf6.o(i.__0vsprintf$6) refers to printf6.o(i._sputc) for _sputc
    printf6.o(i._printf_core) refers to printf6.o(i._printf_pre_padding) for _printf_pre_padding
    printf6.o(i._printf_core) refers to uidiv.o(.text) for __aeabi_uidivmod
    printf6.o(i._printf_core) refers to printf6.o(i._printf_post_padding) for _printf_post_padding
    printf7.o(i.__0fprintf$7) refers to printf7.o(i._printf_core) for _printf_core
    printf7.o(i.__0fprintf$7) refers to gizwits_product.o(i.fputc) for fputc
    printf7.o(i.__0fprintf$7) refers to homeassistant_product.o(i.fputc) for fputc
    printf7.o(i.__0printf$7) refers to printf7.o(i._printf_core) for _printf_core
    printf7.o(i.__0printf$7) refers to gizwits_product.o(i.fputc) for fputc
    printf7.o(i.__0printf$7) refers to homeassistant_product.o(i.fputc) for fputc
    printf7.o(i.__0printf$7) refers to stdout.o(.data) for __stdout
    printf7.o(i.__0snprintf$7) refers to printf7.o(i._printf_core) for _printf_core
    printf7.o(i.__0snprintf$7) refers to printf7.o(i._snputc) for _snputc
    printf7.o(i.__0sprintf$7) refers to printf7.o(i._printf_core) for _printf_core
    printf7.o(i.__0sprintf$7) refers to printf7.o(i._sputc) for _sputc
    printf7.o(i.__0vfprintf$7) refers to printf7.o(i._printf_core) for _printf_core
    printf7.o(i.__0vfprintf$7) refers to gizwits_product.o(i.fputc) for fputc
    printf7.o(i.__0vfprintf$7) refers to homeassistant_product.o(i.fputc) for fputc
    printf7.o(i.__0vprintf$7) refers to printf7.o(i._printf_core) for _printf_core
    printf7.o(i.__0vprintf$7) refers to gizwits_product.o(i.fputc) for fputc
    printf7.o(i.__0vprintf$7) refers to homeassistant_product.o(i.fputc) for fputc
    printf7.o(i.__0vprintf$7) refers to stdout.o(.data) for __stdout
    printf7.o(i.__0vsnprintf$7) refers to printf7.o(i._printf_core) for _printf_core
    printf7.o(i.__0vsnprintf$7) refers to printf7.o(i._snputc) for _snputc
    printf7.o(i.__0vsprintf$7) refers to printf7.o(i._printf_core) for _printf_core
    printf7.o(i.__0vsprintf$7) refers to printf7.o(i._sputc) for _sputc
    printf7.o(i._printf_core) refers to printf7.o(i._printf_pre_padding) for _printf_pre_padding
    printf7.o(i._printf_core) refers to uldiv.o(.text) for __aeabi_uldivmod
    printf7.o(i._printf_core) refers to printf7.o(i._printf_post_padding) for _printf_post_padding
    printf8.o(i.__0fprintf$8) refers to printf8.o(i._printf_core) for _printf_core
    printf8.o(i.__0fprintf$8) refers to gizwits_product.o(i.fputc) for fputc
    printf8.o(i.__0fprintf$8) refers to homeassistant_product.o(i.fputc) for fputc
    printf8.o(i.__0printf$8) refers to printf8.o(i._printf_core) for _printf_core
    printf8.o(i.__0printf$8) refers to gizwits_product.o(i.fputc) for fputc
    printf8.o(i.__0printf$8) refers to homeassistant_product.o(i.fputc) for fputc
    printf8.o(i.__0printf$8) refers to stdout.o(.data) for __stdout
    printf8.o(i.__0snprintf$8) refers to printf8.o(i._printf_core) for _printf_core
    printf8.o(i.__0snprintf$8) refers to printf8.o(i._snputc) for _snputc
    printf8.o(i.__0sprintf$8) refers to printf8.o(i._printf_core) for _printf_core
    printf8.o(i.__0sprintf$8) refers to printf8.o(i._sputc) for _sputc
    printf8.o(i.__0vfprintf$8) refers to printf8.o(i._printf_core) for _printf_core
    printf8.o(i.__0vfprintf$8) refers to gizwits_product.o(i.fputc) for fputc
    printf8.o(i.__0vfprintf$8) refers to homeassistant_product.o(i.fputc) for fputc
    printf8.o(i.__0vprintf$8) refers to printf8.o(i._printf_core) for _printf_core
    printf8.o(i.__0vprintf$8) refers to gizwits_product.o(i.fputc) for fputc
    printf8.o(i.__0vprintf$8) refers to homeassistant_product.o(i.fputc) for fputc
    printf8.o(i.__0vprintf$8) refers to stdout.o(.data) for __stdout
    printf8.o(i.__0vsnprintf$8) refers to printf8.o(i._printf_core) for _printf_core
    printf8.o(i.__0vsnprintf$8) refers to printf8.o(i._snputc) for _snputc
    printf8.o(i.__0vsprintf$8) refers to printf8.o(i._printf_core) for _printf_core
    printf8.o(i.__0vsprintf$8) refers to printf8.o(i._sputc) for _sputc
    printf8.o(i._printf_core) refers to printf8.o(i._printf_pre_padding) for _printf_pre_padding
    printf8.o(i._printf_core) refers to uldiv.o(.text) for __aeabi_uldivmod
    printf8.o(i._printf_core) refers to printf8.o(i._printf_post_padding) for _printf_post_padding
    printfa.o(i.__0fprintf) refers (Special) to iusefp.o(.text) for __I$use$fp
    printfa.o(i.__0fprintf) refers to printfa.o(i._printf_core) for _printf_core
    printfa.o(i.__0fprintf) refers to gizwits_product.o(i.fputc) for fputc
    printfa.o(i.__0fprintf) refers to homeassistant_product.o(i.fputc) for fputc
    printfa.o(i.__0printf) refers (Special) to iusefp.o(.text) for __I$use$fp
    printfa.o(i.__0printf) refers to printfa.o(i._printf_core) for _printf_core
    printfa.o(i.__0printf) refers to gizwits_product.o(i.fputc) for fputc
    printfa.o(i.__0printf) refers to homeassistant_product.o(i.fputc) for fputc
    printfa.o(i.__0printf) refers to stdout.o(.data) for __stdout
    printfa.o(i.__0snprintf) refers (Special) to iusefp.o(.text) for __I$use$fp
    printfa.o(i.__0snprintf) refers to printfa.o(i._printf_core) for _printf_core
    printfa.o(i.__0snprintf) refers to printfa.o(i._snputc) for _snputc
    printfa.o(i.__0sprintf) refers (Special) to iusefp.o(.text) for __I$use$fp
    printfa.o(i.__0sprintf) refers to printfa.o(i._printf_core) for _printf_core
    printfa.o(i.__0sprintf) refers to printfa.o(i._sputc) for _sputc
    printfa.o(i.__0vfprintf) refers (Special) to iusefp.o(.text) for __I$use$fp
    printfa.o(i.__0vfprintf) refers to printfa.o(i._printf_core) for _printf_core
    printfa.o(i.__0vfprintf) refers to gizwits_product.o(i.fputc) for fputc
    printfa.o(i.__0vfprintf) refers to homeassistant_product.o(i.fputc) for fputc
    printfa.o(i.__0vprintf) refers (Special) to iusefp.o(.text) for __I$use$fp
    printfa.o(i.__0vprintf) refers to printfa.o(i._printf_core) for _printf_core
    printfa.o(i.__0vprintf) refers to gizwits_product.o(i.fputc) for fputc
    printfa.o(i.__0vprintf) refers to homeassistant_product.o(i.fputc) for fputc
    printfa.o(i.__0vprintf) refers to stdout.o(.data) for __stdout
    printfa.o(i.__0vsnprintf) refers (Special) to iusefp.o(.text) for __I$use$fp
    printfa.o(i.__0vsnprintf) refers to printfa.o(i._printf_core) for _printf_core
    printfa.o(i.__0vsnprintf) refers to printfa.o(i._snputc) for _snputc
    printfa.o(i.__0vsprintf) refers (Special) to iusefp.o(.text) for __I$use$fp
    printfa.o(i.__0vsprintf) refers to printfa.o(i._printf_core) for _printf_core
    printfa.o(i.__0vsprintf) refers to printfa.o(i._sputc) for _sputc
    printfa.o(i._fp_digits) refers (Special) to iusefp.o(.text) for __I$use$fp
    printfa.o(i._fp_digits) refers to dmul.o(.text) for __aeabi_dmul
    printfa.o(i._fp_digits) refers to ddiv.o(.text) for __aeabi_ddiv
    printfa.o(i._fp_digits) refers to cdrcmple.o(.text) for __aeabi_cdrcmple
    printfa.o(i._fp_digits) refers to dadd.o(.text) for __aeabi_dadd
    printfa.o(i._fp_digits) refers to dfixul.o(.text) for __aeabi_d2ulz
    printfa.o(i._fp_digits) refers to uldiv.o(.text) for __aeabi_uldivmod
    printfa.o(i._printf_core) refers (Special) to iusefp.o(.text) for __I$use$fp
    printfa.o(i._printf_core) refers to printfa.o(i._printf_pre_padding) for _printf_pre_padding
    printfa.o(i._printf_core) refers to uldiv.o(.text) for __aeabi_uldivmod
    printfa.o(i._printf_core) refers to printfa.o(i._printf_post_padding) for _printf_post_padding
    printfa.o(i._printf_core) refers to printfa.o(i._fp_digits) for _fp_digits
    printfa.o(i._printf_core) refers to uidiv.o(.text) for __aeabi_uidivmod
    printfa.o(i._printf_post_padding) refers (Special) to iusefp.o(.text) for __I$use$fp
    printfa.o(i._printf_pre_padding) refers (Special) to iusefp.o(.text) for __I$use$fp
    printfa.o(i._snputc) refers (Special) to iusefp.o(.text) for __I$use$fp
    printfa.o(i._sputc) refers (Special) to iusefp.o(.text) for __I$use$fp
    fadd.o(.text) refers (Special) to iusefp.o(.text) for __I$use$fp
    fadd.o(.text) refers to fepilogue.o(.text) for _float_epilogue
    fmul.o(.text) refers (Special) to iusefp.o(.text) for __I$use$fp
    fdiv.o(.text) refers (Special) to iusefp.o(.text) for __I$use$fp
    fdiv.o(.text) refers to fepilogue.o(.text) for _float_round
    ffltui.o(.text) refers (Special) to iusefp.o(.text) for __I$use$fp
    ffltui.o(.text) refers to fepilogue.o(.text) for _float_epilogue
    ffixui.o(.text) refers (Special) to iusefp.o(.text) for __I$use$fp
    entry2.o(.ARM.Collect$$$$00000001) refers to entry2.o(.ARM.Collect$$$$00002712) for __lit__00000000
    entry2.o(.ARM.Collect$$$$00002712) refers to startup_stm32f103xb.o(STACK) for __initial_sp
    entry2.o(__vectab_stack_and_reset_area) refers to startup_stm32f103xb.o(STACK) for __initial_sp
    entry2.o(__vectab_stack_and_reset_area) refers to entry.o(.ARM.Collect$$$$00000000) for __main
    entry5.o(.ARM.Collect$$$$00000004) refers to init.o(.text) for __scatterload
    entry9a.o(.ARM.Collect$$$$0000000B) refers to main.o(i.main) for main
    entry9b.o(.ARM.Collect$$$$0000000C) refers to main.o(i.main) for main
    uldiv.o(.text) refers to llushr.o(.text) for __aeabi_llsr
    uldiv.o(.text) refers to llshl.o(.text) for __aeabi_llsl
    dadd.o(.text) refers to llshl.o(.text) for __aeabi_llsl
    dadd.o(.text) refers to llsshr.o(.text) for __aeabi_lasr
    dadd.o(.text) refers to depilogue.o(.text) for _double_epilogue
    dmul.o(.text) refers to depilogue.o(.text) for _double_epilogue
    ddiv.o(.text) refers to depilogue.o(.text) for _double_round
    dfixul.o(.text) refers to llushr.o(.text) for __aeabi_llsr
    dfixul.o(.text) refers to llshl.o(.text) for __aeabi_llsl
    init.o(.text) refers to entry5.o(.ARM.Collect$$$$00000004) for __main_after_scatterload
    depilogue.o(.text) refers to llshl.o(.text) for __aeabi_llsl
    depilogue.o(.text) refers to llushr.o(.text) for __aeabi_llsr

